Archive member included to satisfy reference by file (symbol)

src/libmqtt_client_lib.a(mqtt_client.c.obj)
                              bin/CMakeFiles/green_sense_embedded.dir/__/src/main.c.obj (init_mqtt)
src/libntp_client_lib.a(ntp_client.c.obj)
                              bin/CMakeFiles/green_sense_embedded.dir/__/src/main.c.obj (utc)
src/libsen0114_lib.a(sen0114.c.obj)
                              bin/CMakeFiles/green_sense_embedded.dir/__/src/main.c.obj (sen0114_init)
src/libdht22_lib.a(dht22.c.obj)
                              bin/CMakeFiles/green_sense_embedded.dir/__/src/main.c.obj (dht22_init)
src/libpump_level_lib.a(pump_level.c.obj)
                              bin/CMakeFiles/green_sense_embedded.dir/__/src/main.c.obj (pump_level_init)
/usr/lib/gcc/arm-none-eabi/13.2.0/thumb/v6-m/nofp/libgcc.a(_dvmd_tls.o)
                              bin/CMakeFiles/green_sense_embedded.dir/usr/share/pico-sdk/src/rp2_common/pico_divider/divider.S.obj (__aeabi_idiv0)
/usr/lib/gcc/arm-none-eabi/13.2.0/../../../../arm-none-eabi/lib/thumb/v6-m/nofp/libg.a(libc_a-atexit.o)
                              /usr/lib/gcc/arm-none-eabi/13.2.0/../../../../arm-none-eabi/lib/thumb/v6-m/nofp/crt0.o (atexit)
/usr/lib/gcc/arm-none-eabi/13.2.0/../../../../arm-none-eabi/lib/thumb/v6-m/nofp/libg.a(libc_a-atoi.o)
                              bin/CMakeFiles/green_sense_embedded.dir/usr/share/pico-sdk/lib/lwip/src/core/netif.c.obj (atoi)
/usr/lib/gcc/arm-none-eabi/13.2.0/../../../../arm-none-eabi/lib/thumb/v6-m/nofp/libg.a(libc_a-calloc.o)
                              bin/CMakeFiles/green_sense_embedded.dir/usr/share/pico-sdk/src/rp2_common/pico_malloc/pico_malloc.c.obj (calloc)
/usr/lib/gcc/arm-none-eabi/13.2.0/../../../../arm-none-eabi/lib/thumb/v6-m/nofp/libg.a(libc_a-callocr.o)
                              /usr/lib/gcc/arm-none-eabi/13.2.0/../../../../arm-none-eabi/lib/thumb/v6-m/nofp/libg.a(libc_a-calloc.o) (_calloc_r)
/usr/lib/gcc/arm-none-eabi/13.2.0/../../../../arm-none-eabi/lib/thumb/v6-m/nofp/libg.a(libc_a-malloc.o)
                              bin/CMakeFiles/green_sense_embedded.dir/usr/share/pico-sdk/src/rp2_common/pico_malloc/pico_malloc.c.obj (malloc)
/usr/lib/gcc/arm-none-eabi/13.2.0/../../../../arm-none-eabi/lib/thumb/v6-m/nofp/libg.a(libc_a-mallocr.o)
                              /usr/lib/gcc/arm-none-eabi/13.2.0/../../../../arm-none-eabi/lib/thumb/v6-m/nofp/libg.a(libc_a-callocr.o) (_malloc_r)
/usr/lib/gcc/arm-none-eabi/13.2.0/../../../../arm-none-eabi/lib/thumb/v6-m/nofp/libg.a(libc_a-mlock.o)
                              /usr/lib/gcc/arm-none-eabi/13.2.0/../../../../arm-none-eabi/lib/thumb/v6-m/nofp/libg.a(libc_a-mallocr.o) (__malloc_lock)
/usr/lib/gcc/arm-none-eabi/13.2.0/../../../../arm-none-eabi/lib/thumb/v6-m/nofp/libg.a(libc_a-realloc.o)
                              bin/CMakeFiles/green_sense_embedded.dir/usr/share/pico-sdk/src/rp2_common/pico_malloc/pico_malloc.c.obj (realloc)
/usr/lib/gcc/arm-none-eabi/13.2.0/../../../../arm-none-eabi/lib/thumb/v6-m/nofp/libg.a(libc_a-reallocr.o)
                              /usr/lib/gcc/arm-none-eabi/13.2.0/../../../../arm-none-eabi/lib/thumb/v6-m/nofp/libg.a(libc_a-realloc.o) (_realloc_r)
/usr/lib/gcc/arm-none-eabi/13.2.0/../../../../arm-none-eabi/lib/thumb/v6-m/nofp/libg.a(libc_a-strtol.o)
                              /usr/lib/gcc/arm-none-eabi/13.2.0/../../../../arm-none-eabi/lib/thumb/v6-m/nofp/libg.a(libc_a-atoi.o) (_strtol_r)
/usr/lib/gcc/arm-none-eabi/13.2.0/../../../../arm-none-eabi/lib/thumb/v6-m/nofp/libg.a(libc_a-ctype_.o)
                              bin/CMakeFiles/green_sense_embedded.dir/usr/share/pico-sdk/lib/lwip/src/core/dns.c.obj (_ctype_)
/usr/lib/gcc/arm-none-eabi/13.2.0/../../../../arm-none-eabi/lib/thumb/v6-m/nofp/libg.a(libc_a-memcmp.o)
                              bin/CMakeFiles/green_sense_embedded.dir/usr/share/pico-sdk/lib/lwip/src/netif/ethernet.c.obj (memcmp)
/usr/lib/gcc/arm-none-eabi/13.2.0/../../../../arm-none-eabi/lib/thumb/v6-m/nofp/libg.a(libc_a-memmove.o)
                              bin/CMakeFiles/green_sense_embedded.dir/usr/share/pico-sdk/lib/lwip/src/core/def.c.obj (memmove)
/usr/lib/gcc/arm-none-eabi/13.2.0/../../../../arm-none-eabi/lib/thumb/v6-m/nofp/libg.a(libc_a-strncmp.o)
                              bin/CMakeFiles/green_sense_embedded.dir/usr/share/pico-sdk/lib/lwip/src/core/def.c.obj (strncmp)
/usr/lib/gcc/arm-none-eabi/13.2.0/../../../../arm-none-eabi/lib/thumb/v6-m/nofp/libg.a(libc_a-gmtime.o)
                              src/libntp_client_lib.a(ntp_client.c.obj) (gmtime)
/usr/lib/gcc/arm-none-eabi/13.2.0/../../../../arm-none-eabi/lib/thumb/v6-m/nofp/libg.a(libc_a-gmtime_r.o)
                              /usr/lib/gcc/arm-none-eabi/13.2.0/../../../../arm-none-eabi/lib/thumb/v6-m/nofp/libg.a(libc_a-gmtime.o) (gmtime_r)
/usr/lib/gcc/arm-none-eabi/13.2.0/../../../../arm-none-eabi/lib/thumb/v6-m/nofp/libg.a(libc_a-impure.o)
[...]
Memory Configuration

Name             Origin             Length             Attributes
FLASH            0x10000000         0x00200000         xr
RAM              0x20000000         0x00040000         xrw
SCRATCH_X        0x20040000         0x00001000         xrw
SCRATCH_Y        0x20041000         0x00001000         xrw
*default*        0x00000000         0xffffffff

Linker script and memory map

LOAD /usr/lib/gcc/arm-none-eabi/13.2.0/thumb/v6-m/nofp/crti.o
LOAD /usr/lib/gcc/arm-none-eabi/13.2.0/thumb/v6-m/nofp/crtbegin.o
LOAD /usr/lib/gcc/arm-none-eabi/13.2.0/../../../../arm-none-eabi/lib/thumb/v6-m/nofp/crt0.o

.flash_begin    0x10000000        0x0
                0x10000000                        __flash_binary_start = .

.boot2          0x10000000      0x100
                0x10000000                        __boot2_start__ = .
 *(.boot2)
 .boot2         0x10000000      0x100 /tmp/cc7MaK66.o
                0x10000100                        __boot2_end__ = .
                0x00000001                        ASSERT (((__boot2_end__ - __boot2_start__) == 0x100), ERROR: Pico second stage bootloader must be 256 bytes in size)

.text           0x10000100    0x161f0
                0x10000100                        __logical_binary_start = .
 *(.vectors)
 .vectors       0x10000100       0xd4 bin/CMakeFiles/green_sense_embedded.dir/usr/share/pico-sdk/src/rp2_common/pico_standard_link/crt0.S.obj
                0x10000100                __vectors
                0x10000100                __VECTOR_TABLE
                0x100001c0                isr_invalid
                0x100001c0                __default_isrs_start
                0x100001c2                isr_nmi
                0x100001c4                isr_hardfault
                0x100001c6                isr_svcall
                0x100001c8                isr_pendsv
                0x100001ca                isr_systick
                0x100001cc                isr_irq30
                0x100001cc                __unhandled_user_irq
                0x100001cc                isr_irq13
                0x100001cc                isr_irq27
                0x100001cc                isr_irq31
                0x100001cc                isr_irq5
                0x100001cc                isr_irq11
                0x100001cc                isr_irq23
                0x100001cc                isr_irq18
                0x100001cc                isr_irq28
                0x100001cc                isr_irq19
                0x100001cc                isr_irq0
                0x100001cc                isr_irq6
                0x100001cc                isr_irq22
                0x100001cc                isr_irq17
                0x100001cc                isr_irq14
                0x100001cc                isr_irq2
                0x100001cc                isr_irq10
                0x100001cc                isr_irq8
                0x100001cc                isr_irq24
                0x100001cc                isr_irq1
                0x100001cc                isr_irq7
                0x100001cc                isr_irq21
                0x100001cc                isr_irq20
                0x100001cc                isr_irq15
                0x100001cc                isr_irq25
                0x100001cc                isr_irq4
                0x100001cc                isr_irq16
                0x100001cc                isr_irq29
                0x100001cc                isr_irq26
                0x100001cc                __default_isrs_end
                0x100001cc                isr_irq3
                0x100001cc                isr_irq12
                0x100001cc                isr_irq9
                0x100001d2                unhandled_user_irq_num_in_r0
 *(.binary_info_header)
 .binary_info_header
                0x100001d4       0x14 bin/CMakeFiles/green_sense_embedded.dir/usr/share/pico-sdk/src/rp2_common/pico_standard_link/crt0.S.obj
                0x100001e8                        __binary_info_header_end = .
 *(.reset)
 .reset         0x100001e8       0xa0 bin/CMakeFiles/green_sense_embedded.dir/usr/share/pico-sdk/src/rp2_common/pico_standard_link/crt0.S.obj
                0x100001e8                _entry_point
 .reset         0x10000288       0x30 bin/CMakeFiles/green_sense_embedded.dir/usr/share/pico-sdk/src/rp2_common/pico_standard_link/binary_info.c.obj
 *(.init)
 .init          0x100002b8        0x4 /usr/lib/gcc/arm-none-eabi/13.2.0/thumb/v6-m/nofp/crti.o
                0x100002b8                _init
 *(EXCLUDE_FILE(*libm.a: *libc.a:*lib_a-mem*.o *libgcc.a:) .text*)
 .text.frame_dummy
                0x100002bc       0x20 /usr/lib/gcc/arm-none-eabi/13.2.0/thumb/v6-m/nofp/crtbegin.o
 .text.main     0x100002dc      0x148 bin/CMakeFiles/green_sense_embedded.dir/__/src/main.c.obj
                0x100002dc                main
 .text.gpio_set_function
                0x10000424       0x30 bin/CMakeFiles/green_sense_embedded.dir/usr/share/pico-sdk/src/rp2_common/hardware_gpio/gpio.c.obj
                0x10000424                gpio_set_function
 .text.gpio_set_pulls
                0x10000454       0x34 bin/CMakeFiles/green_sense_embedded.dir/usr/share/pico-sdk/src/rp2_common/hardware_gpio/gpio.c.obj
                0x10000454                gpio_set_pulls
 .text.gpio_set_input_hysteresis_enabled
                0x10000488       0x30 bin/CMakeFiles/green_sense_embedded.dir/usr/share/pico-sdk/src/rp2_common/hardware_gpio/gpio.c.obj
                0x10000488                gpio_set_input_hysteresis_enabled
 .text.gpio_set_irq_callback
                0x100004b8       0x48 bin/CMakeFiles/green_sense_embedded.dir/usr/share/pico-sdk/src/rp2_common/hardware_gpio/gpio.c.obj
                0x100004b8                gpio_set_irq_callback
 .text.gpio_add_raw_irq_handler_with_order_priority_masked
                0x10000500       0x40 bin/CMakeFiles/green_sense_embedded.dir/usr/share/pico-sdk/src/rp2_common/hardware_gpio/gpio.c.obj
                0x10000500                gpio_add_raw_irq_handler_with_order_priority_masked
 .text.gpio_remove_raw_irq_handler_masked
                0x10000540       0x48 bin/CMakeFiles/green_sense_embedded.dir/usr/share/pico-sdk/src/rp2_common/hardware_gpio/gpio.c.obj
                0x10000540                gpio_remove_raw_irq_handler_masked
 .text.gpio_acknowledge_irq
                0x10000588       0x18 bin/CMakeFiles/green_sense_embedded.dir/usr/share/pico-sdk/src/rp2_common/hardware_gpio/gpio.c.obj
                0x10000588                gpio_acknowledge_irq
 .text._gpio_set_irq_enabled
                0x100005a0       0x34 bin/CMakeFiles/green_sense_embedded.dir/usr/share/pico-sdk/src/rp2_common/hardware_gpio/gpio.c.obj
 .text.gpio_set_irq_enabled
                0x100005d4       0x20 bin/CMakeFiles/green_sense_embedded.dir/usr/share/pico-sdk/src/rp2_common/hardware_gpio/gpio.c.obj
                0x100005d4                gpio_set_irq_enabled
 .text.gpio_set_irq_enabled_with_callback
                0x100005f4       0x20 bin/CMakeFiles/green_sense_embedded.dir/usr/share/pico-sdk/src/rp2_common/hardware_gpio/gpio.c.obj
                0x100005f4                gpio_set_irq_enabled_with_callback
 .text.gpio_default_irq_handler
                0x10000614       0x98 bin/CMakeFiles/green_sense_embedded.dir/usr/share/pico-sdk/src/rp2_common/hardware_gpio/gpio.c.obj
 .text.gpio_set_input_enabled
                0x100006ac       0x30 bin/CMakeFiles/green_sense_embedded.dir/usr/share/pico-sdk/src/rp2_common/hardware_gpio/gpio.c.obj
                0x100006ac                gpio_set_input_enabled
 .text.gpio_init
                0x100006dc       0x16 bin/CMakeFiles/green_sense_embedded.dir/usr/share/pico-sdk/src/rp2_common/hardware_gpio/gpio.c.obj
                0x100006dc                gpio_init
 *fill*         0x100006f2        0x2 
 .text.running_on_fpga
                0x100006f4       0x14 bin/CMakeFiles/green_sense_embedded.dir/usr/share/pico-sdk/src/rp2_common/pico_platform/platform.c.obj
                0x100006f4                running_on_fpga
 .text.hw_claim_lock
                0x10000708       0x18 bin/CMakeFiles/green_sense_embedded.dir/usr/share/pico-sdk/src/rp2_common/hardware_claim/claim.c.obj
                0x10000708                hw_claim_lock
 .text.hw_claim_unlock
                0x10000720       0x14 bin/CMakeFiles/green_sense_embedded.dir/usr/share/pico-sdk/src/rp2_common/hardware_claim/claim.c.obj
                0x10000720                hw_claim_unlock
 .text.hw_claim_or_assert
                0x10000734       0x32 bin/CMakeFiles/green_sense_embedded.dir/usr/share/pico-sdk/src/rp2_common/hardware_claim/claim.c.obj
                0x10000734                hw_claim_or_assert
 .text.hw_claim_unused_from_range
                0x10000766       0x50 bin/CMakeFiles/green_sense_embedded.dir/usr/share/pico-sdk/src/rp2_common/hardware_claim/claim.c.obj
                0x10000766                hw_claim_unused_from_range
 *fill*         0x100007b6        0x2 
 .text.hw_claim_clear
                0x100007b8       0x40 bin/CMakeFiles/green_sense_embedded.dir/usr/share/pico-sdk/src/rp2_common/hardware_claim/claim.c.obj
                0x100007b8                hw_claim_clear
 .text.spin_locks_reset
                0x100007f8       0x20 bin/CMakeFiles/green_sense_embedded.dir/usr/share/pico-sdk/src/rp2_common/hardware_sync/sync.c.obj
                0x100007f8                spin_locks_reset
 .text.next_striped_spin_lock_num
                0x10000818       0x1c bin/CMakeFiles/green_sense_embedded.dir/usr/share/pico-sdk/src/rp2_common/hardware_sync/sync.c.obj
                0x10000818                next_striped_spin_lock_num
 .text.spin_lock_claim_unused
                0x10000834       0x24 bin/CMakeFiles/green_sense_embedded.dir/usr/share/pico-sdk/src/rp2_common/hardware_sync/sync.c.obj
                0x10000834                spin_lock_claim_unused
 .text.set_raw_irq_handler_and_unlock
                0x10000858       0x28 bin/CMakeFiles/green_sense_embedded.dir/usr/share/pico-sdk/src/rp2_common/hardware_irq/irq.c.obj
 .text.get_user_irq_claim_index
                0x10000880        0x6 bin/CMakeFiles/green_sense_embedded.dir/usr/share/pico-sdk/src/rp2_common/hardware_irq/irq.c.obj
 *fill*         0x10000886        0x2 
 .text.resolve_branch
                0x10000888       0x30 bin/CMakeFiles/green_sense_embedded.dir/usr/share/pico-sdk/src/rp2_common/hardware_irq/irq.c.obj
 .text.make_branch
                0x100008b8       0x48 bin/CMakeFiles/green_sense_embedded.dir/usr/share/pico-sdk/src/rp2_common/hardware_irq/irq.c.obj
 .text.insert_branch_and_link
                0x10000900       0x40 bin/CMakeFiles/green_sense_embedded.dir/usr/share/pico-sdk/src/rp2_common/hardware_irq/irq.c.obj
 .text.irq_is_enabled
                0x10000940       0x18 bin/CMakeFiles/green_sense_embedded.dir/usr/share/pico-sdk/src/rp2_common/hardware_irq/irq.c.obj
                0x10000940                irq_is_enabled
 .text.irq_set_mask_enabled
                0x10000958       0x20 bin/CMakeFiles/green_sense_embedded.dir/usr/share/pico-sdk/src/rp2_common/hardware_irq/irq.c.obj
                0x10000958                irq_set_mask_enabled
 .text.irq_set_enabled
                0x10000978        0xe bin/CMakeFiles/green_sense_embedded.dir/usr/share/pico-sdk/src/rp2_common/hardware_irq/irq.c.obj
                0x10000978                irq_set_enabled
 *fill*         0x10000986        0x2 
 .text.irq_set_pending
                0x10000988       0x10 bin/CMakeFiles/green_sense_embedded.dir/usr/share/pico-sdk/src/rp2_common/hardware_irq/irq.c.obj
                0x10000988                irq_set_pending
 .text.irq_get_vtable_handler
                0x10000998       0x10 bin/CMakeFiles/green_sense_embedded.dir/usr/share/pico-sdk/src/rp2_common/hardware_irq/irq.c.obj
                0x10000998                irq_get_vtable_handler
 .text.irq_has_shared_handler
                0x100009a8       0x24 bin/CMakeFiles/green_sense_embedded.dir/usr/share/pico-sdk/src/rp2_common/hardware_irq/irq.c.obj
                0x100009a8                irq_has_shared_handler
 .text.irq_set_exclusive_handler
                0x100009cc       0x54 bin/CMakeFiles/green_sense_embedded.dir/usr/share/pico-sdk/src/rp2_common/hardware_irq/irq.c.obj
                0x100009cc                irq_set_exclusive_handler
 .text.irq_add_shared_handler
                0x10000a20      0x210 bin/CMakeFiles/green_sense_embedded.dir/usr/share/pico-sdk/src/rp2_common/hardware_irq/irq.c.obj
                0x10000a20                irq_add_shared_handler
 .text.irq_remove_handler
                0x10000c30      0x188 bin/CMakeFiles/green_sense_embedded.dir/usr/share/pico-sdk/src/rp2_common/hardware_irq/irq.c.obj
                0x10000c30                irq_remove_handler
 .text.irq_set_priority
                0x10000db8       0x28 bin/CMakeFiles/green_sense_embedded.dir/usr/share/pico-sdk/src/rp2_common/hardware_irq/irq.c.obj
                0x10000db8                irq_set_priority
 .text.irq_add_tail_to_free_list
                0x10000de0       0xf0 bin/CMakeFiles/green_sense_embedded.dir/usr/share/pico-sdk/src/rp2_common/hardware_irq/irq.c.obj
                0x10000de0                irq_add_tail_to_free_list
 .text.irq_init_priorities
                0x10000ed0       0x1c bin/CMakeFiles/green_sense_embedded.dir/usr/share/pico-sdk/src/rp2_common/hardware_irq/irq.c.obj
                0x10000ed0                irq_init_priorities
 .text.user_irq_unclaim
                0x10000eec       0x18 bin/CMakeFiles/green_sense_embedded.dir/usr/share/pico-sdk/src/rp2_common/hardware_irq/irq.c.obj
                0x10000eec                user_irq_unclaim
 .text.user_irq_claim_unused
                0x10000f04       0x2c bin/CMakeFiles/green_sense_embedded.dir/usr/share/pico-sdk/src/rp2_common/hardware_irq/irq.c.obj
                0x10000f04                user_irq_claim_unused
 .text.sem_init
                0x10000f30       0x1e bin/CMakeFiles/green_sense_embedded.dir/usr/share/pico-sdk/src/common/pico_sync/sem.c.obj
                0x10000f30                sem_init
 *fill*         0x10000f4e        0x2 
 .text.lock_init
                0x10000f50       0x10 bin/CMakeFiles/green_sense_embedded.dir/usr/share/pico-sdk/src/common/pico_sync/lock_core.c.obj
                0x10000f50                lock_init
 .text.update_us_since_boot
                0x10000f60       0x24 bin/CMakeFiles/green_sense_embedded.dir/usr/share/pico-sdk/src/common/pico_sync/mutex.c.obj
 .text.delayed_by_ms
                0x10000f84       0x44 bin/CMakeFiles/green_sense_embedded.dir/usr/share/pico-sdk/src/common/pico_sync/mutex.c.obj
 .text.get_absolute_time
                0x10000fc8       0x22 bin/CMakeFiles/green_sense_embedded.dir/usr/share/pico-sdk/src/common/pico_sync/mutex.c.obj
 .text.make_timeout_time_ms
                0x10000fea       0x20 bin/CMakeFiles/green_sense_embedded.dir/usr/share/pico-sdk/src/common/pico_sync/mutex.c.obj
 .text.mutex_init
                0x1000100a       0x1a bin/CMakeFiles/green_sense_embedded.dir/usr/share/pico-sdk/src/common/pico_sync/mutex.c.obj
                0x1000100a                mutex_init
 .text.recursive_mutex_init
                0x10001024       0x1e bin/CMakeFiles/green_sense_embedded.dir/usr/share/pico-sdk/src/common/pico_sync/mutex.c.obj
                0x10001024                recursive_mutex_init
 *fill*         0x10001042        0x2 
 .text.critical_section_init_with_lock_num
                0x10001044       0x14 bin/CMakeFiles/green_sense_embedded.dir/usr/share/pico-sdk/src/common/pico_sync/critical_section.c.obj
                0x10001044                critical_section_init_with_lock_num
 .text.critical_section_init
                0x10001058       0x14 bin/CMakeFiles/green_sense_embedded.dir/usr/share/pico-sdk/src/common/pico_sync/critical_section.c.obj
                0x10001058                critical_section_init
 .text.time_reached
                0x1000106c       0x28 bin/CMakeFiles/green_sense_embedded.dir/usr/share/pico-sdk/src/common/pico_time/time.c.obj
 .text.get_entry
                0x10001094       0x38 bin/CMakeFiles/green_sense_embedded.dir/usr/share/pico-sdk/src/common/pico_time/time.c.obj
 .text.timer_pool_entry_comparator
                0x100010cc       0x2e bin/CMakeFiles/green_sense_embedded.dir/usr/share/pico-sdk/src/common/pico_time/time.c.obj
                0x100010cc                timer_pool_entry_comparator
 *fill*         0x100010fa        0x2 
 .text.update_us_since_boot
                0x100010fc       0x24 bin/CMakeFiles/green_sense_embedded.dir/usr/share/pico-sdk/src/common/pico_time/time.c.obj
 .text.delayed_by_us
                0x10001120       0x34 bin/CMakeFiles/green_sense_embedded.dir/usr/share/pico-sdk/src/common/pico_time/time.c.obj
 .text.ph_get_node
                0x10001154       0x30 bin/CMakeFiles/green_sense_embedded.dir/usr/share/pico-sdk/src/common/pico_time/time.c.obj
 .text.ph_contains_node
                0x10001184       0x1e bin/CMakeFiles/green_sense_embedded.dir/usr/share/pico-sdk/src/common/pico_time/time.c.obj
 .text.ph_new_node
                0x100011a2       0x28 bin/CMakeFiles/green_sense_embedded.dir/usr/share/pico-sdk/src/common/pico_time/time.c.obj
 *fill*         0x100011ca        0x2 
 .text.ph_add_child_node
                0x100011cc       0x6c bin/CMakeFiles/green_sense_embedded.dir/usr/share/pico-sdk/src/common/pico_time/time.c.obj
 .text.ph_merge_nodes
                0x10001238       0x3e bin/CMakeFiles/green_sense_embedded.dir/usr/share/pico-sdk/src/common/pico_time/time.c.obj
 *fill*         0x10001276        0x2 
 .text.ph_insert_node
                0x10001278       0x3c bin/CMakeFiles/green_sense_embedded.dir/usr/share/pico-sdk/src/common/pico_time/time.c.obj
 .text.ph_free_node
                0x100012b4       0x5c bin/CMakeFiles/green_sense_embedded.dir/usr/share/pico-sdk/src/common/pico_time/time.c.obj
 .text.get_entry_id_high
                0x10001310       0x30 bin/CMakeFiles/green_sense_embedded.dir/usr/share/pico-sdk/src/common/pico_time/time.c.obj
 .text.alarm_pool_post_alloc_init
                0x10001340       0x40 bin/CMakeFiles/green_sense_embedded.dir/usr/share/pico-sdk/src/common/pico_time/time.c.obj
 .text.sleep_until_callback
                0x10001380       0x30 bin/CMakeFiles/green_sense_embedded.dir/usr/share/pico-sdk/src/common/pico_time/time.c.obj
 .text.get_absolute_time
                0x100013b0       0x22 bin/CMakeFiles/green_sense_embedded.dir/usr/share/pico-sdk/src/common/pico_time/time.c.obj
 .text.make_timeout_time_us
                0x100013d2       0x24 bin/CMakeFiles/green_sense_embedded.dir/usr/share/pico-sdk/src/common/pico_time/time.c.obj
 *fill*         0x100013f6        0x2 
 .text.add_alarm_under_lock
                0x100013f8       0x94 bin/CMakeFiles/green_sense_embedded.dir/usr/share/pico-sdk/src/common/pico_time/time.c.obj
 .text.alarm_pool_alarm_callback
                0x1000148c      0x210 bin/CMakeFiles/green_sense_embedded.dir/usr/share/pico-sdk/src/common/pico_time/time.c.obj
 .text.alarm_pool_init_default
                0x1000169c       0x40 bin/CMakeFiles/green_sense_embedded.dir/usr/share/pico-sdk/src/common/pico_time/time.c.obj
                0x1000169c                alarm_pool_init_default
 .text.alarm_pool_get_default
                0x100016dc       0x2c bin/CMakeFiles/green_sense_embedded.dir/usr/share/pico-sdk/src/common/pico_time/time.c.obj
                0x100016dc                alarm_pool_get_default
 .text.alarm_pool_add_alarm_at
                0x10001708      0x10e bin/CMakeFiles/green_sense_embedded.dir/usr/share/pico-sdk/src/common/pico_time/time.c.obj
                0x10001708                alarm_pool_add_alarm_at
 .text.add_alarm_at
                0x10001816       0x2e bin/CMakeFiles/green_sense_embedded.dir/usr/share/pico-sdk/src/common/pico_time/time.c.obj
 .text.alarm_pool_cancel_alarm
                0x10001844       0xa8 bin/CMakeFiles/green_sense_embedded.dir/usr/share/pico-sdk/src/common/pico_time/time.c.obj
                0x10001844                alarm_pool_cancel_alarm
 .text.cancel_alarm
                0x100018ec       0x10 bin/CMakeFiles/green_sense_embedded.dir/usr/share/pico-sdk/src/common/pico_time/time.c.obj
 .text.alarm_pool_core_num
                0x100018fc        0x4 bin/CMakeFiles/green_sense_embedded.dir/usr/share/pico-sdk/src/common/pico_time/time.c.obj
                0x100018fc                alarm_pool_core_num
 .text.sleep_until
                0x10001900       0xb0 bin/CMakeFiles/green_sense_embedded.dir/usr/share/pico-sdk/src/common/pico_time/time.c.obj
                0x10001900                sleep_until
 .text.sleep_us
                0x100019b0       0x1a bin/CMakeFiles/green_sense_embedded.dir/usr/share/pico-sdk/src/common/pico_time/time.c.obj
                0x100019b0                sleep_us
 .text.sleep_ms
                0x100019ca       0x14 bin/CMakeFiles/green_sense_embedded.dir/usr/share/pico-sdk/src/common/pico_time/time.c.obj
                0x100019ca                sleep_ms
 *fill*         0x100019de        0x2 
 .text.best_effort_wfe_or_timeout
                0x100019e0       0x44 bin/CMakeFiles/green_sense_embedded.dir/usr/share/pico-sdk/src/common/pico_time/time.c.obj
                0x100019e0                best_effort_wfe_or_timeout
 .text.update_us_since_boot
                0x10001a24       0x24 bin/CMakeFiles/green_sense_embedded.dir/usr/share/pico-sdk/src/rp2_common/hardware_timer/timer.c.obj
 .text.hardware_alarm_irq_handler
                0x10001a48       0x8c bin/CMakeFiles/green_sense_embedded.dir/usr/share/pico-sdk/src/rp2_common/hardware_timer/timer.c.obj
 .text.hardware_alarm_claim
                0x10001ad4       0x18 bin/CMakeFiles/green_sense_embedded.dir/usr/share/pico-sdk/src/rp2_common/hardware_timer/timer.c.obj
                0x10001ad4                hardware_alarm_claim
 .text.time_us_64
                0x10001aec       0x18 bin/CMakeFiles/green_sense_embedded.dir/usr/share/pico-sdk/src/rp2_common/hardware_timer/timer.c.obj
                0x10001aec                time_us_64
 .text.busy_wait_until
                0x10001b04       0x28 bin/CMakeFiles/green_sense_embedded.dir/usr/share/pico-sdk/src/rp2_common/hardware_timer/timer.c.obj
                0x10001b04                busy_wait_until
 .text.busy_wait_us
                0x10001b2c       0x3a bin/CMakeFiles/green_sense_embedded.dir/usr/share/pico-sdk/src/rp2_common/hardware_timer/timer.c.obj
                0x10001b2c                busy_wait_us
 *fill*         0x10001b66        0x2 
 .text.busy_wait_us_32
                0x10001b68       0x24 bin/CMakeFiles/green_sense_embedded.dir/usr/share/pico-sdk/src/rp2_common/hardware_timer/timer.c.obj
                0x10001b68                busy_wait_us_32
 .text.busy_wait_ms
                0x10001b8c       0x30 bin/CMakeFiles/green_sense_embedded.dir/usr/share/pico-sdk/src/rp2_common/hardware_timer/timer.c.obj
                0x10001b8c                busy_wait_ms
 .text.hardware_alarm_set_callback
                0x10001bbc       0x90 bin/CMakeFiles/green_sense_embedded.dir/usr/share/pico-sdk/src/rp2_common/hardware_timer/timer.c.obj
                0x10001bbc                hardware_alarm_set_callback
 .text.hardware_alarm_set_target
                0x10001c4c       0xe8 bin/CMakeFiles/green_sense_embedded.dir/usr/share/pico-sdk/src/rp2_common/hardware_timer/timer.c.obj
                0x10001c4c                hardware_alarm_set_target
 .text.hardware_alarm_cancel
                0x10001d34       0x40 bin/CMakeFiles/green_sense_embedded.dir/usr/share/pico-sdk/src/rp2_common/hardware_timer/timer.c.obj
                0x10001d34                hardware_alarm_cancel
 .text.ph_get_node
                0x10001d74       0x30 bin/CMakeFiles/green_sense_embedded.dir/usr/share/pico-sdk/src/common/pico_util/pheap.c.obj
 .text.ph_add_child_node
                0x10001da4       0x6c bin/CMakeFiles/green_sense_embedded.dir/usr/share/pico-sdk/src/common/pico_util/pheap.c.obj
 .text.ph_merge_nodes
                0x10001e10       0x3e bin/CMakeFiles/green_sense_embedded.dir/usr/share/pico-sdk/src/common/pico_util/pheap.c.obj
 .text.ph_clear
                0x10001e4e       0x34 bin/CMakeFiles/green_sense_embedded.dir/usr/share/pico-sdk/src/common/pico_util/pheap.c.obj
                0x10001e4e                ph_clear
 .text.ph_post_alloc_init
                0x10001e82        0xe bin/CMakeFiles/green_sense_embedded.dir/usr/share/pico-sdk/src/common/pico_util/pheap.c.obj
                0x10001e82                ph_post_alloc_init
 .text.ph_merge_two_pass
                0x10001e90       0x5c bin/CMakeFiles/green_sense_embedded.dir/usr/share/pico-sdk/src/common/pico_util/pheap.c.obj
                0x10001e90                ph_merge_two_pass
 .text.ph_remove_any_head
                0x10001eec       0xc0 bin/CMakeFiles/green_sense_embedded.dir/usr/share/pico-sdk/src/common/pico_util/pheap.c.obj
 .text.ph_remove_head
                0x10001fac       0x14 bin/CMakeFiles/green_sense_embedded.dir/usr/share/pico-sdk/src/common/pico_util/pheap.c.obj
                0x10001fac                ph_remove_head
 .text.ph_remove_and_free_node
                0x10001fc0       0xa0 bin/CMakeFiles/green_sense_embedded.dir/usr/share/pico-sdk/src/common/pico_util/pheap.c.obj
                0x10001fc0                ph_remove_and_free_node
 .text.clock_configure
                0x10002060      0x108 bin/CMakeFiles/green_sense_embedded.dir/usr/share/pico-sdk/src/rp2_common/hardware_clocks/clocks.c.obj
                0x10002060                clock_configure
 .text.clocks_init
                0x10002168      0x100 bin/CMakeFiles/green_sense_embedded.dir/usr/share/pico-sdk/src/rp2_common/hardware_clocks/clocks.c.obj
                0x10002168                clocks_init
 .text.clock_get_hz
                0x10002268        0xc bin/CMakeFiles/green_sense_embedded.dir/usr/share/pico-sdk/src/rp2_common/hardware_clocks/clocks.c.obj
                0x10002268                clock_get_hz
 .text.pll_init
                0x10002274      0x120 bin/CMakeFiles/green_sense_embedded.dir/usr/share/pico-sdk/src/rp2_common/hardware_pll/pll.c.obj
                0x10002274                pll_init
 .text.watchdog_start_tick
                0x10002394       0x10 bin/CMakeFiles/green_sense_embedded.dir/usr/share/pico-sdk/src/rp2_common/hardware_watchdog/watchdog.c.obj
                0x10002394                watchdog_start_tick
 .text.watchdog_update
                0x100023a4       0x14 bin/CMakeFiles/green_sense_embedded.dir/usr/share/pico-sdk/src/rp2_common/hardware_watchdog/watchdog.c.obj
                0x100023a4                watchdog_update
 .text._watchdog_enable
                0x100023b8       0x78 bin/CMakeFiles/green_sense_embedded.dir/usr/share/pico-sdk/src/rp2_common/hardware_watchdog/watchdog.c.obj
                0x100023b8                _watchdog_enable
 .text.watchdog_reboot
                0x10002430       0x48 bin/CMakeFiles/green_sense_embedded.dir/usr/share/pico-sdk/src/rp2_common/hardware_watchdog/watchdog.c.obj
                0x10002430                watchdog_reboot
 .text.xosc_init
                0x10002478       0x28 bin/CMakeFiles/green_sense_embedded.dir/usr/share/pico-sdk/src/rp2_common/hardware_xosc/xosc.c.obj
                0x10002478                xosc_init
 .text._exit    0x100024a0        0x4 bin/CMakeFiles/green_sense_embedded.dir/usr/share/pico-sdk/src/rp2_common/pico_runtime/runtime.c.obj
                0x100024a0                _exit
 .text.exit     0x100024a4        0x6 bin/CMakeFiles/green_sense_embedded.dir/usr/share/pico-sdk/src/rp2_common/pico_runtime/runtime.c.obj
                0x100024a4                exit
 *fill*         0x100024aa        0x2 
 .text.__assert_func
                0x100024ac       0x38 bin/CMakeFiles/green_sense_embedded.dir/usr/share/pico-sdk/src/rp2_common/pico_runtime/runtime.c.obj
                0x100024ac                __assert_func
 .text.runtime_init
                0x100024e4       0xf8 bin/CMakeFiles/green_sense_embedded.dir/usr/share/pico-sdk/src/rp2_common/pico_runtime/runtime.c.obj
                0x100024e4                runtime_init
 .text.panic    0x100025dc       0x30 bin/CMakeFiles/green_sense_embedded.dir/usr/share/pico-sdk/src/rp2_common/pico_runtime/runtime.c.obj
                0x100025dc                panic
 .text.panic_unsupported
                0x1000260c        0xc bin/CMakeFiles/green_sense_embedded.dir/usr/share/pico-sdk/src/rp2_common/pico_runtime/runtime.c.obj
                0x1000260c                panic_unsupported
 .text._out_null
                0x10002618        0x2 bin/CMakeFiles/green_sense_embedded.dir/usr/share/pico-sdk/src/rp2_common/pico_printf/printf.c.obj
 .text._out_fct
                0x1000261a        0xe bin/CMakeFiles/green_sense_embedded.dir/usr/share/pico-sdk/src/rp2_common/pico_printf/printf.c.obj
 .text._atoi    0x10002628       0x24 bin/CMakeFiles/green_sense_embedded.dir/usr/share/pico-sdk/src/rp2_common/pico_printf/printf.c.obj
 .text._out_rev
                0x1000264c       0xae bin/CMakeFiles/green_sense_embedded.dir/usr/share/pico-sdk/src/rp2_common/pico_printf/printf.c.obj
 .text._ntoa_format
                0x100026fa      0x110 bin/CMakeFiles/green_sense_embedded.dir/usr/share/pico-sdk/src/rp2_common/pico_printf/printf.c.obj
 .text._ntoa_long
                0x1000280a       0xbc bin/CMakeFiles/green_sense_embedded.dir/usr/share/pico-sdk/src/rp2_common/pico_printf/printf.c.obj
 .text._ntoa_long_long
                0x100028c6      0x10e bin/CMakeFiles/green_sense_embedded.dir/usr/share/pico-sdk/src/rp2_common/pico_printf/printf.c.obj
 .text._etoa    0x100029d4      0x420 bin/CMakeFiles/green_sense_embedded.dir/usr/share/pico-sdk/src/rp2_common/pico_printf/printf.c.obj
 .text._ftoa    0x10002df4      0x354 bin/CMakeFiles/green_sense_embedded.dir/usr/share/pico-sdk/src/rp2_common/pico_printf/printf.c.obj
 .text._vsnprintf
                0x10003148      0x668 bin/CMakeFiles/green_sense_embedded.dir/usr/share/pico-sdk/src/rp2_common/pico_printf/printf.c.obj
 .text.vfctprintf
                0x100037b0       0x20 bin/CMakeFiles/green_sense_embedded.dir/usr/share/pico-sdk/src/rp2_common/pico_printf/printf.c.obj
                0x100037b0                vfctprintf
 .text          0x100037d0       0x10 bin/CMakeFiles/green_sense_embedded.dir/usr/share/pico-sdk/src/rp2_common/pico_bit_ops/bit_ops_aeabi.S.obj
 .text.ctzsi    0x100037e0        0xc bin/CMakeFiles/green_sense_embedded.dir/usr/share/pico-sdk/src/rp2_common/pico_bit_ops/bit_ops_aeabi.S.obj
                0x100037e0                __wrap___ctzsi2
 .text.rom_func_lookup
                0x100037ec       0x10 bin/CMakeFiles/green_sense_embedded.dir/usr/share/pico-sdk/src/rp2_common/pico_bootrom/bootrom.c.obj
                0x100037ec                rom_func_lookup
 .text.rom_data_lookup
                0x100037fc       0x10 bin/CMakeFiles/green_sense_embedded.dir/usr/share/pico-sdk/src/rp2_common/pico_bootrom/bootrom.c.obj
                0x100037fc                rom_data_lookup
 .text.rom_funcs_lookup
                0x1000380c       0x36 bin/CMakeFiles/green_sense_embedded.dir/usr/share/pico-sdk/src/rp2_common/pico_bootrom/bootrom.c.obj
                0x1000380c                rom_funcs_lookup
 *fill*         0x10003842        0x2 
 .text.__wrap___aeabi_idiv
                0x10003844       0x50 bin/CMakeFiles/green_sense_embedded.dir/usr/share/pico-sdk/src/rp2_common/pico_divider/divider.S.obj
                0x10003844                __wrap___aeabi_idivmod
                0x10003844                divmod_s32s32
                0x10003844                div_s32s32
                0x10003844                __wrap___aeabi_idiv
                0x1000384c                divmod_s32s32_unsafe
                0x10003878                divmod_s32s32_savestate
 .text.__wrap___aeabi_uidiv
                0x10003894       0x4c bin/CMakeFiles/green_sense_embedded.dir/usr/share/pico-sdk/src/rp2_common/pico_divider/divider.S.obj
                0x10003894                __wrap___aeabi_uidiv
                0x10003894                __wrap___aeabi_uidivmod
                0x10003894                div_u32u32
                0x10003894                divmod_u32u32
                0x1000389c                divmod_u32u32_unsafe
                0x100038c4                divmod_u32u32_savestate
 .text.__wrap___aeabi_ldiv
                0x100038e0      0x424 bin/CMakeFiles/green_sense_embedded.dir/usr/share/pico-sdk/src/rp2_common/pico_divider/divider.S.obj
                0x100038e0                div_s64s64
                0x100038e0                divmod_s64s64
                0x100038e0                __wrap___aeabi_ldivmod
                0x10003910                div_u64u64
                0x10003910                divmod_u64u64
                0x10003910                __wrap___aeabi_uldivmod
                0x10003920                divmod_u64u64_savestate
                0x10003940                divmod_s64s64_unsafe
                0x100039c8                divmod_u64u64_unsafe
 .text.__wrap___aeabi_darithmetic
                0x10003d04       0x60 bin/CMakeFiles/green_sense_embedded.dir/usr/share/pico-sdk/src/rp2_common/pico_double/double_aeabi.S.obj
                0x10003d04                __wrap___aeabi_drsub
                0x10003d0a                __wrap___aeabi_dsub
                0x10003d14                __wrap___aeabi_dadd
                0x10003d1e                __wrap___aeabi_ddiv
                0x10003d52                __wrap___aeabi_dmul
 .text.__wrap___aeabi_cdcmple
                0x10003d64       0x6c bin/CMakeFiles/green_sense_embedded.dir/usr/share/pico-sdk/src/rp2_common/pico_double/double_aeabi.S.obj
                0x10003d64                __wrap___aeabi_cdrcmple
                0x10003d74                __wrap___aeabi_cdcmple
                0x10003d74                __wrap___aeabi_cdcmpeq
 .text.__wrap___aeabi_dcmplt
                0x10003dd0        0xc bin/CMakeFiles/green_sense_embedded.dir/usr/share/pico-sdk/src/rp2_common/pico_double/double_aeabi.S.obj
                0x10003dd0                __wrap___aeabi_dcmplt
 .text.__wrap___aeabi_dcmple
                0x10003ddc       0x10 bin/CMakeFiles/green_sense_embedded.dir/usr/share/pico-sdk/src/rp2_common/pico_double/double_aeabi.S.obj
                0x10003ddc                __wrap___aeabi_dcmple
 .text.__wrap___aeabi_dcmpge
                0x10003dec       0x10 bin/CMakeFiles/green_sense_embedded.dir/usr/share/pico-sdk/src/rp2_common/pico_double/double_aeabi.S.obj
                0x10003dec                __wrap___aeabi_dcmpge
 .text.__wrap___aeabi_dcmpgt
                0x10003dfc        0xa bin/CMakeFiles/green_sense_embedded.dir/usr/share/pico-sdk/src/rp2_common/pico_double/double_aeabi.S.obj
                0x10003dfc                __wrap___aeabi_dcmpgt
 .text.__wrap___aeabi_dcmpun
                0x10003e06       0x1c bin/CMakeFiles/green_sense_embedded.dir/usr/share/pico-sdk/src/rp2_common/pico_double/double_aeabi.S.obj
                0x10003e06                __wrap___aeabi_dcmpun
 *fill*         0x10003e22        0x2 
 .text.__wrap___aeabi_i2d
                0x10003e24       0x38 bin/CMakeFiles/green_sense_embedded.dir/usr/share/pico-sdk/src/rp2_common/pico_double/double_aeabi.S.obj
                0x10003e24                __wrap___aeabi_ui2d
                0x10003e2c                __wrap___aeabi_i2d
 .text.__wrap___aeabi_d2iz
                0x10003e5c       0x48 bin/CMakeFiles/green_sense_embedded.dir/usr/share/pico-sdk/src/rp2_common/pico_double/double_aeabi.S.obj
                0x10003e5c                __wrap___aeabi_d2iz
                0x10003e5c                double2int_z
 .text.__wrap___aeabi_d2uiz
                0x10003ea4       0x10 bin/CMakeFiles/green_sense_embedded.dir/usr/share/pico-sdk/src/rp2_common/pico_double/double_aeabi.S.obj
                0x10003ea4                double2uint
                0x10003ea4                __wrap___aeabi_d2uiz
 .text.__wrap___aeabi_d2f
                0x10003eb4       0x10 bin/CMakeFiles/green_sense_embedded.dir/usr/share/pico-sdk/src/rp2_common/pico_double/double_aeabi.S.obj
                0x10003eb4                __wrap___aeabi_d2f
 .text.missing_double_func_shim
                0x10003ec4        0xc bin/CMakeFiles/green_sense_embedded.dir/usr/share/pico-sdk/src/rp2_common/pico_double/double_init_rom.c.obj
 .text.__aeabi_double_init
                0x10003ed0       0xd0 bin/CMakeFiles/green_sense_embedded.dir/usr/share/pico-sdk/src/rp2_common/pico_double/double_init_rom.c.obj
                0x10003ed0                __aeabi_double_init
 .text.double_table_shim_on_use_helper
                0x10003fa0       0x34 bin/CMakeFiles/green_sense_embedded.dir/usr/share/pico-sdk/src/rp2_common/pico_double/double_v1_rom_shim.S.obj
                0x10003fa0                double_table_shim_on_use_helper
 .text.__aeabi_lmul
                0x10003fd4       0x32 bin/CMakeFiles/green_sense_embedded.dir/usr/share/pico-sdk/src/rp2_common/pico_int64_ops/pico_int64_ops_aeabi.S.obj
                0x10003fd4                __wrap___aeabi_lmul
 *fill*         0x10004006        0x2 
 .text.__wrap___aeabi_farithmetic
                0x10004008       0x48 bin/CMakeFiles/green_sense_embedded.dir/usr/share/pico-sdk/src/rp2_common/pico_float/float_aeabi.S.obj
                0x10004008                __wrap___aeabi_frsub
                0x1000400e                __wrap___aeabi_fsub
                0x10004014                __wrap___aeabi_fadd
                0x1000401a                __wrap___aeabi_fdiv
                0x10004042                __wrap___aeabi_fmul
 .text.__wrap___aeabi_ui2f
                0x10004050        0xa bin/CMakeFiles/green_sense_embedded.dir/usr/share/pico-sdk/src/rp2_common/pico_float/float_aeabi.S.obj
                0x10004050                __wrap___aeabi_ui2f
 *fill*         0x1000405a        0x2 
 .text.__wrap___aeabi_i2f
                0x1000405c       0x44 bin/CMakeFiles/green_sense_embedded.dir/usr/share/pico-sdk/src/rp2_common/pico_float/float_aeabi.S.obj
                0x1000405c                __wrap___aeabi_i2f
 .text.__wrap___aeabi_f2d
                0x100040a0        0xc bin/CMakeFiles/green_sense_embedded.dir/usr/share/pico-sdk/src/rp2_common/pico_float/float_aeabi.S.obj
                0x100040a0                __wrap___aeabi_f2d
 .text.missing_float_func_shim
                0x100040ac        0xc bin/CMakeFiles/green_sense_embedded.dir/usr/share/pico-sdk/src/rp2_common/pico_float/float_init_rom.c.obj
 .text.__aeabi_float_init
                0x100040b8       0x88 bin/CMakeFiles/green_sense_embedded.dir/usr/share/pico-sdk/src/rp2_common/pico_float/float_init_rom.c.obj
                0x100040b8                __aeabi_float_init
 .text          0x10004140       0x10 bin/CMakeFiles/green_sense_embedded.dir/usr/share/pico-sdk/src/rp2_common/pico_mem_ops/mem_ops_aeabi.S.obj
                0x10004140                __aeabi_mem_init
 .text.memset   0x10004150        0xc bin/CMakeFiles/green_sense_embedded.dir/usr/share/pico-sdk/src/rp2_common/pico_mem_ops/mem_ops_aeabi.S.obj
                0x10004150                __wrap_memset
 .text.memcpy   0x1000415c        0xc bin/CMakeFiles/green_sense_embedded.dir/usr/share/pico-sdk/src/rp2_common/pico_mem_ops/mem_ops_aeabi.S.obj
                0x1000415c                __wrap___aeabi_memcpy
                0x1000415c                __wrap_memcpy
 .text.stdio_out_chars_no_crlf
                0x10004168        0xe bin/CMakeFiles/green_sense_embedded.dir/usr/share/pico-sdk/src/rp2_common/pico_stdio/stdio.c.obj
 *fill*         0x10004176        0x2 
 .text.stdio_out_chars_crlf
                0x10004178       0x80 bin/CMakeFiles/green_sense_embedded.dir/usr/share/pico-sdk/src/rp2_common/pico_stdio/stdio.c.obj
 .text.stdio_stack_buffer_flush
                0x100041f8       0x44 bin/CMakeFiles/green_sense_embedded.dir/usr/share/pico-sdk/src/rp2_common/pico_stdio/stdio.c.obj
 .text.stdio_buffered_printer
                0x1000423c       0x20 bin/CMakeFiles/green_sense_embedded.dir/usr/share/pico-sdk/src/rp2_common/pico_stdio/stdio.c.obj
 .text.update_us_since_boot
                0x1000425c       0x24 bin/CMakeFiles/green_sense_embedded.dir/usr/share/pico-sdk/src/rp2_common/pico_stdio/stdio.c.obj
 .text.get_absolute_time
                0x10004280       0x22 bin/CMakeFiles/green_sense_embedded.dir/usr/share/pico-sdk/src/rp2_common/pico_stdio/stdio.c.obj
 *fill*         0x100042a2        0x2 
 .text.delayed_by_ms
                0x100042a4       0x44 bin/CMakeFiles/green_sense_embedded.dir/usr/share/pico-sdk/src/rp2_common/pico_stdio/stdio.c.obj
 .text.make_timeout_time_ms
                0x100042e8       0x20 bin/CMakeFiles/green_sense_embedded.dir/usr/share/pico-sdk/src/rp2_common/pico_stdio/stdio.c.obj
 .text.stdout_serialize_begin
                0x10004308       0x20 bin/CMakeFiles/green_sense_embedded.dir/usr/share/pico-sdk/src/rp2_common/pico_stdio/stdio.c.obj
                0x10004308                stdout_serialize_begin
 .text.stdout_serialize_end
                0x10004328       0x10 bin/CMakeFiles/green_sense_embedded.dir/usr/share/pico-sdk/src/rp2_common/pico_stdio/stdio.c.obj
                0x10004328                stdout_serialize_end
 .text.stdio_put_string
                0x10004338       0x98 bin/CMakeFiles/green_sense_embedded.dir/usr/share/pico-sdk/src/rp2_common/pico_stdio/stdio.c.obj
 .text.stdio_set_driver_enabled
                0x100043d0       0x2c bin/CMakeFiles/green_sense_embedded.dir/usr/share/pico-sdk/src/rp2_common/pico_stdio/stdio.c.obj
                0x100043d0                stdio_set_driver_enabled
 .text.stdio_flush
                0x100043fc       0x20 bin/CMakeFiles/green_sense_embedded.dir/usr/share/pico-sdk/src/rp2_common/pico_stdio/stdio.c.obj
                0x100043fc                stdio_flush
 .text.__wrap_puts
                0x1000441c       0x1e bin/CMakeFiles/green_sense_embedded.dir/usr/share/pico-sdk/src/rp2_common/pico_stdio/stdio.c.obj
                0x1000441c                __wrap_puts
 *fill*         0x1000443a        0x2 
 .text.__wrap_vprintf
                0x1000443c       0x40 bin/CMakeFiles/green_sense_embedded.dir/usr/share/pico-sdk/src/rp2_common/pico_stdio/stdio.c.obj
                0x1000443c                __wrap_vprintf
 .text.__wrap_printf
                0x1000447c       0x18 bin/CMakeFiles/green_sense_embedded.dir/usr/share/pico-sdk/src/rp2_common/pico_stdio/stdio.c.obj
                0x1000447c                __wrap_printf
 .text.stdio_init_all
                0x10004494        0x8 bin/CMakeFiles/green_sense_embedded.dir/usr/share/pico-sdk/src/rp2_common/pico_stdio/stdio.c.obj
                0x10004494                stdio_init_all
 .text.resetd_init
                0x1000449c        0x2 bin/CMakeFiles/green_sense_embedded.dir/usr/share/pico-sdk/src/rp2_common/pico_stdio_usb/reset_interface.c.obj
 *fill*         0x1000449e        0x2 
 .text.resetd_reset
                0x100044a0        0xc bin/CMakeFiles/green_sense_embedded.dir/usr/share/pico-sdk/src/rp2_common/pico_stdio_usb/reset_interface.c.obj
 .text.resetd_open
                0x100044ac       0x34 bin/CMakeFiles/green_sense_embedded.dir/usr/share/pico-sdk/src/rp2_common/pico_stdio_usb/reset_interface.c.obj
 .text.resetd_xfer_cb
                0x100044e0        0x4 bin/CMakeFiles/green_sense_embedded.dir/usr/share/pico-sdk/src/rp2_common/pico_stdio_usb/reset_interface.c.obj
 .text.reset_usb_boot
                0x100044e4       0x18 bin/CMakeFiles/green_sense_embedded.dir/usr/share/pico-sdk/src/rp2_common/pico_stdio_usb/reset_interface.c.obj
 .text.resetd_control_xfer_cb
                0x100044fc       0x5c bin/CMakeFiles/green_sense_embedded.dir/usr/share/pico-sdk/src/rp2_common/pico_stdio_usb/reset_interface.c.obj
 .text.usbd_app_driver_get_cb
                0x10004558        0xc bin/CMakeFiles/green_sense_embedded.dir/usr/share/pico-sdk/src/rp2_common/pico_stdio_usb/reset_interface.c.obj
                0x10004558                usbd_app_driver_get_cb
 .text.tud_cdc_line_coding_cb
                0x10004564       0x28 bin/CMakeFiles/green_sense_embedded.dir/usr/share/pico-sdk/src/rp2_common/pico_stdio_usb/reset_interface.c.obj
                0x10004564                tud_cdc_line_coding_cb
 .text.stdio_usb_set_chars_available_callback
                0x1000458c       0x14 bin/CMakeFiles/green_sense_embedded.dir/usr/share/pico-sdk/src/rp2_common/pico_stdio_usb/stdio_usb.c.obj
                0x1000458c                stdio_usb_set_chars_available_callback
 .text.update_us_since_boot
                0x100045a0       0x24 bin/CMakeFiles/green_sense_embedded.dir/usr/share/pico-sdk/src/rp2_common/pico_stdio_usb/stdio_usb.c.obj
 .text.get_absolute_time
                0x100045c4       0x22 bin/CMakeFiles/green_sense_embedded.dir/usr/share/pico-sdk/src/rp2_common/pico_stdio_usb/stdio_usb.c.obj
 *fill*         0x100045e6        0x2 
 .text.delayed_by_ms
                0x100045e8       0x44 bin/CMakeFiles/green_sense_embedded.dir/usr/share/pico-sdk/src/rp2_common/pico_stdio_usb/stdio_usb.c.obj
 .text.make_timeout_time_ms
                0x1000462c       0x20 bin/CMakeFiles/green_sense_embedded.dir/usr/share/pico-sdk/src/rp2_common/pico_stdio_usb/stdio_usb.c.obj
 .text.delayed_by_us
                0x1000464c       0x34 bin/CMakeFiles/green_sense_embedded.dir/usr/share/pico-sdk/src/rp2_common/pico_stdio_usb/stdio_usb.c.obj
 .text.usb_irq  0x10004680       0x10 bin/CMakeFiles/green_sense_embedded.dir/usr/share/pico-sdk/src/rp2_common/pico_stdio_usb/stdio_usb.c.obj
 .text.critical_section_enter_blocking
                0x10004690       0x16 bin/CMakeFiles/green_sense_embedded.dir/usr/share/pico-sdk/src/rp2_common/pico_stdio_usb/stdio_usb.c.obj
 *fill*         0x100046a6        0x2 
 .text.timer_task
                0x100046a8       0x4c bin/CMakeFiles/green_sense_embedded.dir/usr/share/pico-sdk/src/rp2_common/pico_stdio_usb/stdio_usb.c.obj
 .text.alarm_pool_add_alarm_in_us
                0x100046f4       0x3a bin/CMakeFiles/green_sense_embedded.dir/usr/share/pico-sdk/src/rp2_common/pico_stdio_usb/stdio_usb.c.obj
 .text.add_alarm_in_us
                0x1000472e       0x2e bin/CMakeFiles/green_sense_embedded.dir/usr/share/pico-sdk/src/rp2_common/pico_stdio_usb/stdio_usb.c.obj
 .text.low_priority_worker_irq
                0x1000475c       0x7c bin/CMakeFiles/green_sense_embedded.dir/usr/share/pico-sdk/src/rp2_common/pico_stdio_usb/stdio_usb.c.obj
 .text.tud_cdc_rx_cb
                0x100047d8       0x20 bin/CMakeFiles/green_sense_embedded.dir/usr/share/pico-sdk/src/rp2_common/pico_stdio_usb/stdio_usb.c.obj
                0x100047d8                tud_cdc_rx_cb
 .text.stdio_usb_init
                0x100047f8       0xd0 bin/CMakeFiles/green_sense_embedded.dir/usr/share/pico-sdk/src/rp2_common/pico_stdio_usb/stdio_usb.c.obj
                0x100047f8                stdio_usb_init
 .text.stdio_usb_connected
                0x100048c8        0xa bin/CMakeFiles/green_sense_embedded.dir/usr/share/pico-sdk/src/rp2_common/pico_stdio_usb/stdio_usb.c.obj
                0x100048c8                stdio_usb_connected
 *fill*         0x100048d2        0x2 
 .text.stdio_usb_in_chars
                0x100048d4       0x88 bin/CMakeFiles/green_sense_embedded.dir/usr/share/pico-sdk/src/rp2_common/pico_stdio_usb/stdio_usb.c.obj
                0x100048d4                stdio_usb_in_chars
 .text.stdio_usb_out_chars
                0x1000495c       0xd8 bin/CMakeFiles/green_sense_embedded.dir/usr/share/pico-sdk/src/rp2_common/pico_stdio_usb/stdio_usb.c.obj
 .text.tud_descriptor_device_cb
                0x10004a34        0x8 bin/CMakeFiles/green_sense_embedded.dir/usr/share/pico-sdk/src/rp2_common/pico_stdio_usb/stdio_usb_descriptors.c.obj
                0x10004a34                tud_descriptor_device_cb
 .text.tud_descriptor_configuration_cb
                0x10004a3c        0x8 bin/CMakeFiles/green_sense_embedded.dir/usr/share/pico-sdk/src/rp2_common/pico_stdio_usb/stdio_usb_descriptors.c.obj
                0x10004a3c                tud_descriptor_configuration_cb
 .text.tud_descriptor_string_cb
                0x10004a44       0x6c bin/CMakeFiles/green_sense_embedded.dir/usr/share/pico-sdk/src/rp2_common/pico_stdio_usb/stdio_usb_descriptors.c.obj
                0x10004a44                tud_descriptor_string_cb
 .text._retrieve_unique_id_on_boot
                0x10004ab0       0x10 bin/CMakeFiles/green_sense_embedded.dir/usr/share/pico-sdk/src/rp2_common/pico_unique_id/unique_id.c.obj
 .text.pico_get_unique_board_id
                0x10004ac0       0x10 bin/CMakeFiles/green_sense_embedded.dir/usr/share/pico-sdk/src/rp2_common/pico_unique_id/unique_id.c.obj
                0x10004ac0                pico_get_unique_board_id
 .text.pico_get_unique_board_id_string
                0x10004ad0       0x5c bin/CMakeFiles/green_sense_embedded.dir/usr/share/pico-sdk/src/rp2_common/pico_unique_id/unique_id.c.obj
                0x10004ad0                pico_get_unique_board_id_string
 .text.flash_get_unique_id
                0x10004b2c       0x40 bin/CMakeFiles/green_sense_embedded.dir/usr/share/pico-sdk/src/rp2_common/hardware_flash/flash.c.obj
                0x10004b2c                flash_get_unique_id
 .text.hw_endpoint_get_by_addr
                0x10004b6c       0x18 bin/CMakeFiles/green_sense_embedded.dir/usr/share/pico-sdk/lib/tinyusb/src/portable/raspberrypi/rp2040/dcd_rp2040.c.obj
 .text._hw_endpoint_alloc
                0x10004b84       0x70 bin/CMakeFiles/green_sense_embedded.dir/usr/share/pico-sdk/lib/tinyusb/src/portable/raspberrypi/rp2040/dcd_rp2040.c.obj
 .text.hw_endpoint_init
                0x10004bf4       0x88 bin/CMakeFiles/green_sense_embedded.dir/usr/share/pico-sdk/lib/tinyusb/src/portable/raspberrypi/rp2040/dcd_rp2040.c.obj
 .text.dcd_event_sof
                0x10004c7c       0x2c bin/CMakeFiles/green_sense_embedded.dir/usr/share/pico-sdk/lib/tinyusb/src/portable/raspberrypi/rp2040/dcd_rp2040.c.obj
 .text.hw_endpoint_xfer
                0x10004ca8       0x14 bin/CMakeFiles/green_sense_embedded.dir/usr/share/pico-sdk/lib/tinyusb/src/portable/raspberrypi/rp2040/dcd_rp2040.c.obj
 .text.dcd_int_enable
                0x10004cbc       0x2c bin/CMakeFiles/green_sense_embedded.dir/usr/share/pico-sdk/lib/tinyusb/src/portable/raspberrypi/rp2040/dcd_rp2040.c.obj
                0x10004cbc                dcd_int_enable
 .text.dcd_set_address
                0x10004ce8       0x2c bin/CMakeFiles/green_sense_embedded.dir/usr/share/pico-sdk/lib/tinyusb/src/portable/raspberrypi/rp2040/dcd_rp2040.c.obj
                0x10004ce8                dcd_set_address
 .text.dcd_connect
                0x10004d14       0x10 bin/CMakeFiles/green_sense_embedded.dir/usr/share/pico-sdk/lib/tinyusb/src/portable/raspberrypi/rp2040/dcd_rp2040.c.obj
                0x10004d14                dcd_connect
 .text.dcd_init
                0x10004d24       0x80 bin/CMakeFiles/green_sense_embedded.dir/usr/share/pico-sdk/lib/tinyusb/src/portable/raspberrypi/rp2040/dcd_rp2040.c.obj
                0x10004d24                dcd_init
 .text.dcd_edpt0_status_complete
                0x10004da4       0x1c bin/CMakeFiles/green_sense_embedded.dir/usr/share/pico-sdk/lib/tinyusb/src/portable/raspberrypi/rp2040/dcd_rp2040.c.obj
                0x10004da4                dcd_edpt0_status_complete
 .text.dcd_edpt_open
                0x10004dc0       0x40 bin/CMakeFiles/green_sense_embedded.dir/usr/share/pico-sdk/lib/tinyusb/src/portable/raspberrypi/rp2040/dcd_rp2040.c.obj
                0x10004dc0                dcd_edpt_open
 .text.dcd_edpt_close_all
                0x10004e00        0x8 bin/CMakeFiles/green_sense_embedded.dir/usr/share/pico-sdk/lib/tinyusb/src/portable/raspberrypi/rp2040/dcd_rp2040.c.obj
                0x10004e00                dcd_edpt_close_all
 .text.dcd_edpt_xfer
                0x10004e08       0x34 bin/CMakeFiles/green_sense_embedded.dir/usr/share/pico-sdk/lib/tinyusb/src/portable/raspberrypi/rp2040/dcd_rp2040.c.obj
                0x10004e08                dcd_edpt_xfer
 .text.dcd_edpt_stall
                0x10004e3c       0x2c bin/CMakeFiles/green_sense_embedded.dir/usr/share/pico-sdk/lib/tinyusb/src/portable/raspberrypi/rp2040/dcd_rp2040.c.obj
                0x10004e3c                dcd_edpt_stall
 .text.dcd_edpt_clear_stall
                0x10004e68       0x20 bin/CMakeFiles/green_sense_embedded.dir/usr/share/pico-sdk/lib/tinyusb/src/portable/raspberrypi/rp2040/dcd_rp2040.c.obj
                0x10004e68                dcd_edpt_clear_stall
 .text.rp2040_usb_init
                0x10004e88       0x4c bin/CMakeFiles/green_sense_embedded.dir/usr/share/pico-sdk/lib/tinyusb/src/portable/raspberrypi/rp2040/rp2040_usb.c.obj
                0x10004e88                rp2040_usb_init
 .text.hw_endpoint_xfer_start
                0x10004ed4       0x50 bin/CMakeFiles/green_sense_embedded.dir/usr/share/pico-sdk/lib/tinyusb/src/portable/raspberrypi/rp2040/rp2040_usb.c.obj
                0x10004ed4                hw_endpoint_xfer_start
 .text.configuration_reset
                0x10004f24       0x84 bin/CMakeFiles/green_sense_embedded.dir/usr/share/pico-sdk/lib/tinyusb/src/device/usbd.c.obj
 .text.critical_section_enter_blocking
                0x10004fa8       0x16 bin/CMakeFiles/green_sense_embedded.dir/usr/share/pico-sdk/lib/tinyusb/src/device/usbd.c.obj
 .text.usbd_reset
                0x10004fbe        0xc bin/CMakeFiles/green_sense_embedded.dir/usr/share/pico-sdk/lib/tinyusb/src/device/usbd.c.obj
 .text.invoke_class_control
                0x10004fca       0x1a bin/CMakeFiles/green_sense_embedded.dir/usr/share/pico-sdk/lib/tinyusb/src/device/usbd.c.obj
 .text.process_set_config
                0x10004fe4      0x178 bin/CMakeFiles/green_sense_embedded.dir/usr/share/pico-sdk/lib/tinyusb/src/device/usbd.c.obj
 .text.process_get_descriptor
                0x1000515c       0xdc bin/CMakeFiles/green_sense_embedded.dir/usr/share/pico-sdk/lib/tinyusb/src/device/usbd.c.obj
 .text.tud_mounted
                0x10005238       0x10 bin/CMakeFiles/green_sense_embedded.dir/usr/share/pico-sdk/lib/tinyusb/src/device/usbd.c.obj
                0x10005238                tud_mounted
 .text.tud_suspended
                0x10005248       0x10 bin/CMakeFiles/green_sense_embedded.dir/usr/share/pico-sdk/lib/tinyusb/src/device/usbd.c.obj
                0x10005248                tud_suspended
 .text.tud_inited
                0x10005258       0x14 bin/CMakeFiles/green_sense_embedded.dir/usr/share/pico-sdk/lib/tinyusb/src/device/usbd.c.obj
                0x10005258                tud_inited
 .text.tud_init
                0x1000526c       0xcc bin/CMakeFiles/green_sense_embedded.dir/usr/share/pico-sdk/lib/tinyusb/src/device/usbd.c.obj
                0x1000526c                tud_init
 .text.usbd_defer_func
                0x10005338       0x2a bin/CMakeFiles/green_sense_embedded.dir/usr/share/pico-sdk/lib/tinyusb/src/device/usbd.c.obj
                0x10005338                usbd_defer_func
 *fill*         0x10005362        0x2 
 .text.usbd_edpt_open
                0x10005364       0x34 bin/CMakeFiles/green_sense_embedded.dir/usr/share/pico-sdk/lib/tinyusb/src/device/usbd.c.obj
                0x10005364                usbd_edpt_open
 .text.usbd_open_edpt_pair
                0x10005398       0x62 bin/CMakeFiles/green_sense_embedded.dir/usr/share/pico-sdk/lib/tinyusb/src/device/usbd.c.obj
                0x10005398                usbd_open_edpt_pair
 *fill*         0x100053fa        0x2 
 .text.usbd_edpt_claim
                0x100053fc       0x28 bin/CMakeFiles/green_sense_embedded.dir/usr/share/pico-sdk/lib/tinyusb/src/device/usbd.c.obj
                0x100053fc                usbd_edpt_claim
 .text.usbd_edpt_release
                0x10005424       0x28 bin/CMakeFiles/green_sense_embedded.dir/usr/share/pico-sdk/lib/tinyusb/src/device/usbd.c.obj
                0x10005424                usbd_edpt_release
 .text.usbd_edpt_xfer
                0x1000544c       0x78 bin/CMakeFiles/green_sense_embedded.dir/usr/share/pico-sdk/lib/tinyusb/src/device/usbd.c.obj
                0x1000544c                usbd_edpt_xfer
 .text.usbd_edpt_stall
                0x100054c4       0x48 bin/CMakeFiles/green_sense_embedded.dir/usr/share/pico-sdk/lib/tinyusb/src/device/usbd.c.obj
                0x100054c4                usbd_edpt_stall
 .text.usbd_edpt_clear_stall
                0x1000550c       0x48 bin/CMakeFiles/green_sense_embedded.dir/usr/share/pico-sdk/lib/tinyusb/src/device/usbd.c.obj
                0x1000550c                usbd_edpt_clear_stall
 .text.usbd_edpt_stalled
                0x10005554       0x1c bin/CMakeFiles/green_sense_embedded.dir/usr/share/pico-sdk/lib/tinyusb/src/device/usbd.c.obj
                0x10005554                usbd_edpt_stalled
 .text.process_control_request
                0x10005570      0x374 bin/CMakeFiles/green_sense_embedded.dir/usr/share/pico-sdk/lib/tinyusb/src/device/usbd.c.obj
 .text.tud_task_ext
                0x100058e4      0x1a8 bin/CMakeFiles/green_sense_embedded.dir/usr/share/pico-sdk/lib/tinyusb/src/device/usbd.c.obj
                0x100058e4                tud_task_ext
 .text._status_stage_xact
                0x10005a8c       0x1a bin/CMakeFiles/green_sense_embedded.dir/usr/share/pico-sdk/lib/tinyusb/src/device/usbd_control.c.obj
 *fill*         0x10005aa6        0x2 
 .text._data_stage_xact
                0x10005aa8       0x58 bin/CMakeFiles/green_sense_embedded.dir/usr/share/pico-sdk/lib/tinyusb/src/device/usbd_control.c.obj
 .text.tud_control_status
                0x10005b00       0x28 bin/CMakeFiles/green_sense_embedded.dir/usr/share/pico-sdk/lib/tinyusb/src/device/usbd_control.c.obj
                0x10005b00                tud_control_status
 .text.tud_control_xfer
                0x10005b28       0x68 bin/CMakeFiles/green_sense_embedded.dir/usr/share/pico-sdk/lib/tinyusb/src/device/usbd_control.c.obj
                0x10005b28                tud_control_xfer
 .text.usbd_control_reset
                0x10005b90       0x14 bin/CMakeFiles/green_sense_embedded.dir/usr/share/pico-sdk/lib/tinyusb/src/device/usbd_control.c.obj
                0x10005b90                usbd_control_reset
 .text.usbd_control_set_complete_callback
                0x10005ba4        0xc bin/CMakeFiles/green_sense_embedded.dir/usr/share/pico-sdk/lib/tinyusb/src/device/usbd_control.c.obj
                0x10005ba4                usbd_control_set_complete_callback
 .text.usbd_control_set_request
                0x10005bb0       0x1c bin/CMakeFiles/green_sense_embedded.dir/usr/share/pico-sdk/lib/tinyusb/src/device/usbd_control.c.obj
                0x10005bb0                usbd_control_set_request
 .text.usbd_control_xfer_cb
                0x10005bcc       0xbc bin/CMakeFiles/green_sense_embedded.dir/usr/share/pico-sdk/lib/tinyusb/src/device/usbd_control.c.obj
                0x10005bcc                usbd_control_xfer_cb
 .text._prep_out_transaction
                0x10005c88       0x4a bin/CMakeFiles/green_sense_embedded.dir/usr/share/pico-sdk/lib/tinyusb/src/class/cdc/cdc_device.c.obj
 *fill*         0x10005cd2        0x2 
 .text.tud_cdc_n_connected
                0x10005cd4       0x38 bin/CMakeFiles/green_sense_embedded.dir/usr/share/pico-sdk/lib/tinyusb/src/class/cdc/cdc_device.c.obj
                0x10005cd4                tud_cdc_n_connected
 .text.tud_cdc_n_available
                0x10005d0c       0x18 bin/CMakeFiles/green_sense_embedded.dir/usr/share/pico-sdk/lib/tinyusb/src/class/cdc/cdc_device.c.obj
                0x10005d0c                tud_cdc_n_available
 .text.tud_cdc_n_read
                0x10005d24       0x28 bin/CMakeFiles/green_sense_embedded.dir/usr/share/pico-sdk/lib/tinyusb/src/class/cdc/cdc_device.c.obj
                0x10005d24                tud_cdc_n_read
 .text.tud_cdc_n_write_flush
                0x10005d4c       0xb8 bin/CMakeFiles/green_sense_embedded.dir/usr/share/pico-sdk/lib/tinyusb/src/class/cdc/cdc_device.c.obj
                0x10005d4c                tud_cdc_n_write_flush
 .text.tud_cdc_n_write
                0x10005e04       0x38 bin/CMakeFiles/green_sense_embedded.dir/usr/share/pico-sdk/lib/tinyusb/src/class/cdc/cdc_device.c.obj
                0x10005e04                tud_cdc_n_write
 .text.tud_cdc_n_write_available
                0x10005e3c       0x1c bin/CMakeFiles/green_sense_embedded.dir/usr/share/pico-sdk/lib/tinyusb/src/class/cdc/cdc_device.c.obj
                0x10005e3c                tud_cdc_n_write_available
 .text.cdcd_init
                0x10005e58       0xbc bin/CMakeFiles/green_sense_embedded.dir/usr/share/pico-sdk/lib/tinyusb/src/class/cdc/cdc_device.c.obj
                0x10005e58                cdcd_init
 .text.cdcd_reset
                0x10005f14       0x44 bin/CMakeFiles/green_sense_embedded.dir/usr/share/pico-sdk/lib/tinyusb/src/class/cdc/cdc_device.c.obj
                0x10005f14                cdcd_reset
 .text.cdcd_open
                0x10005f58       0xc4 bin/CMakeFiles/green_sense_embedded.dir/usr/share/pico-sdk/lib/tinyusb/src/class/cdc/cdc_device.c.obj
                0x10005f58                cdcd_open
 .text.cdcd_control_xfer_cb
                0x1000601c      0x134 bin/CMakeFiles/green_sense_embedded.dir/usr/share/pico-sdk/lib/tinyusb/src/class/cdc/cdc_device.c.obj
                0x1000601c                cdcd_control_xfer_cb
 .text.cdcd_xfer_cb
                0x10006150      0x130 bin/CMakeFiles/green_sense_embedded.dir/usr/share/pico-sdk/lib/tinyusb/src/class/cdc/cdc_device.c.obj
                0x10006150                cdcd_xfer_cb
 .text.tusb_init
                0x10006280        0xa bin/CMakeFiles/green_sense_embedded.dir/usr/share/pico-sdk/lib/tinyusb/src/tusb.c.obj
                0x10006280                tusb_init
 .text.tusb_inited
                0x1000628a        0xe bin/CMakeFiles/green_sense_embedded.dir/usr/share/pico-sdk/lib/tinyusb/src/tusb.c.obj
                0x1000628a                tusb_inited
 .text.tu_edpt_claim
                0x10006298       0x50 bin/CMakeFiles/green_sense_embedded.dir/usr/share/pico-sdk/lib/tinyusb/src/tusb.c.obj
                0x10006298                tu_edpt_claim
 .text.tu_edpt_release
                0x100062e8       0x38 bin/CMakeFiles/green_sense_embedded.dir/usr/share/pico-sdk/lib/tinyusb/src/tusb.c.obj
                0x100062e8                tu_edpt_release
 .text.tu_edpt_validate
                0x10006320       0x78 bin/CMakeFiles/green_sense_embedded.dir/usr/share/pico-sdk/lib/tinyusb/src/tusb.c.obj
                0x10006320                tu_edpt_validate
 .text.tu_edpt_bind_driver
                0x10006398       0x26 bin/CMakeFiles/green_sense_embedded.dir/usr/share/pico-sdk/lib/tinyusb/src/tusb.c.obj
                0x10006398                tu_edpt_bind_driver
 .text.advance_index
                0x100063be       0x1a bin/CMakeFiles/green_sense_embedded.dir/usr/share/pico-sdk/lib/tinyusb/src/common/tusb_fifo.c.obj
 .text._tu_fifo_peek
                0x100063d8       0x56 bin/CMakeFiles/green_sense_embedded.dir/usr/share/pico-sdk/lib/tinyusb/src/common/tusb_fifo.c.obj
 .text._ff_pull_const_addr
                0x1000642e       0x4c bin/CMakeFiles/green_sense_embedded.dir/usr/share/pico-sdk/lib/tinyusb/src/common/tusb_fifo.c.obj
 .text._ff_pull_n
                0x1000647a      0x110 bin/CMakeFiles/green_sense_embedded.dir/usr/share/pico-sdk/lib/tinyusb/src/common/tusb_fifo.c.obj
 .text._tu_fifo_peek_n
                0x1000658a       0x6a bin/CMakeFiles/green_sense_embedded.dir/usr/share/pico-sdk/lib/tinyusb/src/common/tusb_fifo.c.obj
 .text._tu_fifo_read_n
                0x100065f4       0x4e bin/CMakeFiles/green_sense_embedded.dir/usr/share/pico-sdk/lib/tinyusb/src/common/tusb_fifo.c.obj
 .text._ff_push_const_addr
                0x10006642       0x40 bin/CMakeFiles/green_sense_embedded.dir/usr/share/pico-sdk/lib/tinyusb/src/common/tusb_fifo.c.obj
 .text._ff_push_n
                0x10006682      0x10c bin/CMakeFiles/green_sense_embedded.dir/usr/share/pico-sdk/lib/tinyusb/src/common/tusb_fifo.c.obj
 .text._tu_fifo_write_n
                0x1000678e       0xf0 bin/CMakeFiles/green_sense_embedded.dir/usr/share/pico-sdk/lib/tinyusb/src/common/tusb_fifo.c.obj
 .text.tu_fifo_config
                0x1000687e       0x7c bin/CMakeFiles/green_sense_embedded.dir/usr/share/pico-sdk/lib/tinyusb/src/common/tusb_fifo.c.obj
                0x1000687e                tu_fifo_config
 .text.tu_fifo_count
                0x100068fa       0x2a bin/CMakeFiles/green_sense_embedded.dir/usr/share/pico-sdk/lib/tinyusb/src/common/tusb_fifo.c.obj
                0x100068fa                tu_fifo_count
 .text.tu_fifo_empty
                0x10006924        0xe bin/CMakeFiles/green_sense_embedded.dir/usr/share/pico-sdk/lib/tinyusb/src/common/tusb_fifo.c.obj
                0x10006924                tu_fifo_empty
 .text.tu_fifo_full
                0x10006932       0x28 bin/CMakeFiles/green_sense_embedded.dir/usr/share/pico-sdk/lib/tinyusb/src/common/tusb_fifo.c.obj
                0x10006932                tu_fifo_full
 .text.tu_fifo_remaining
                0x1000695a       0x2c bin/CMakeFiles/green_sense_embedded.dir/usr/share/pico-sdk/lib/tinyusb/src/common/tusb_fifo.c.obj
                0x1000695a                tu_fifo_remaining
 .text.tu_fifo_read
                0x10006986       0x42 bin/CMakeFiles/green_sense_embedded.dir/usr/share/pico-sdk/lib/tinyusb/src/common/tusb_fifo.c.obj
                0x10006986                tu_fifo_read
 .text.tu_fifo_read_n
                0x100069c8        0xa bin/CMakeFiles/green_sense_embedded.dir/usr/share/pico-sdk/lib/tinyusb/src/common/tusb_fifo.c.obj
                0x100069c8                tu_fifo_read_n
 .text.tu_fifo_write
                0x100069d2       0x64 bin/CMakeFiles/green_sense_embedded.dir/usr/share/pico-sdk/lib/tinyusb/src/common/tusb_fifo.c.obj
                0x100069d2                tu_fifo_write
 .text.tu_fifo_write_n
                0x10006a36        0xa bin/CMakeFiles/green_sense_embedded.dir/usr/share/pico-sdk/lib/tinyusb/src/common/tusb_fifo.c.obj
                0x10006a36                tu_fifo_write_n
 .text.tu_fifo_clear
                0x10006a40       0x3e bin/CMakeFiles/green_sense_embedded.dir/usr/share/pico-sdk/lib/tinyusb/src/common/tusb_fifo.c.obj
                0x10006a40                tu_fifo_clear
 .text.tu_fifo_set_overwritable
                0x10006a7e       0x46 bin/CMakeFiles/green_sense_embedded.dir/usr/share/pico-sdk/lib/tinyusb/src/common/tusb_fifo.c.obj
                0x10006a7e                tu_fifo_set_overwritable
 .text.to_ms_since_boot
                0x10006ac4       0x1c bin/CMakeFiles/green_sense_embedded.dir/usr/share/pico-sdk/src/rp2_common/pico_lwip/lwip_nosys.c.obj
 .text.update_us_since_boot
                0x10006ae0       0x24 bin/CMakeFiles/green_sense_embedded.dir/usr/share/pico-sdk/src/rp2_common/pico_lwip/lwip_nosys.c.obj
 .text.delayed_by_ms
                0x10006b04       0x44 bin/CMakeFiles/green_sense_embedded.dir/usr/share/pico-sdk/src/rp2_common/pico_lwip/lwip_nosys.c.obj
 .text.lwip_timeout_reached
                0x10006b48       0x2c bin/CMakeFiles/green_sense_embedded.dir/usr/share/pico-sdk/src/rp2_common/pico_lwip/lwip_nosys.c.obj
 .text.get_absolute_time
                0x10006b74       0x22 bin/CMakeFiles/green_sense_embedded.dir/usr/share/pico-sdk/src/rp2_common/pico_lwip/lwip_nosys.c.obj
 .text.make_timeout_time_ms
                0x10006b96       0x20 bin/CMakeFiles/green_sense_embedded.dir/usr/share/pico-sdk/src/rp2_common/pico_lwip/lwip_nosys.c.obj
 *fill*         0x10006bb6        0x2 
 .text.update_next_timeout
                0x10006bb8       0x6c bin/CMakeFiles/green_sense_embedded.dir/usr/share/pico-sdk/src/rp2_common/pico_lwip/lwip_nosys.c.obj
 .text.lwip_nosys_init
                0x10006c24       0x34 bin/CMakeFiles/green_sense_embedded.dir/usr/share/pico-sdk/src/rp2_common/pico_lwip/lwip_nosys.c.obj
                0x10006c24                lwip_nosys_init
 .text.lwip_nosys_deinit
                0x10006c58       0x20 bin/CMakeFiles/green_sense_embedded.dir/usr/share/pico-sdk/src/rp2_common/pico_lwip/lwip_nosys.c.obj
                0x10006c58                lwip_nosys_deinit
 .text.sys_arch_protect
                0x10006c78        0x4 bin/CMakeFiles/green_sense_embedded.dir/usr/share/pico-sdk/src/rp2_common/pico_lwip/lwip_nosys.c.obj
                0x10006c78                sys_arch_protect
 .text.sys_arch_unprotect
                0x10006c7c        0x2 bin/CMakeFiles/green_sense_embedded.dir/usr/share/pico-sdk/src/rp2_common/pico_lwip/lwip_nosys.c.obj
                0x10006c7c                sys_arch_unprotect
 .text.sys_now  0x10006c7e       0x16 bin/CMakeFiles/green_sense_embedded.dir/usr/share/pico-sdk/src/rp2_common/pico_lwip/lwip_nosys.c.obj
                0x10006c7e                sys_now
 .text.is_at_the_end_of_time
                0x10006c94       0x1c bin/CMakeFiles/green_sense_embedded.dir/usr/share/pico-sdk/src/rp2_common/pico_async_context/async_context_base.c.obj
 .text.update_us_since_boot
                0x10006cb0       0x24 bin/CMakeFiles/green_sense_embedded.dir/usr/share/pico-sdk/src/rp2_common/pico_async_context/async_context_base.c.obj
 .text.get_absolute_time
                0x10006cd4       0x22 bin/CMakeFiles/green_sense_embedded.dir/usr/share/pico-sdk/src/rp2_common/pico_async_context/async_context_base.c.obj
 .text.async_context_base_add_at_time_worker
                0x10006cf6       0x1c bin/CMakeFiles/green_sense_embedded.dir/usr/share/pico-sdk/src/rp2_common/pico_async_context/async_context_base.c.obj
                0x10006cf6                async_context_base_add_at_time_worker
 .text.async_context_base_remove_at_time_worker
                0x10006d12       0x1c bin/CMakeFiles/green_sense_embedded.dir/usr/share/pico-sdk/src/rp2_common/pico_async_context/async_context_base.c.obj
                0x10006d12                async_context_base_remove_at_time_worker
 .text.async_context_base_add_when_pending_worker
                0x10006d2e       0x1c bin/CMakeFiles/green_sense_embedded.dir/usr/share/pico-sdk/src/rp2_common/pico_async_context/async_context_base.c.obj
                0x10006d2e                async_context_base_add_when_pending_worker
 .text.async_context_base_remove_when_pending_worker
                0x10006d4a       0x1c bin/CMakeFiles/green_sense_embedded.dir/usr/share/pico-sdk/src/rp2_common/pico_async_context/async_context_base.c.obj
                0x10006d4a                async_context_base_remove_when_pending_worker
 *fill*         0x10006d66        0x2 
 .text.async_context_base_remove_ready_at_time_worker
                0x10006d68       0x78 bin/CMakeFiles/green_sense_embedded.dir/usr/share/pico-sdk/src/rp2_common/pico_async_context/async_context_base.c.obj
                0x10006d68                async_context_base_remove_ready_at_time_worker
 .text.async_context_base_refresh_next_timeout
                0x10006de0       0x3c bin/CMakeFiles/green_sense_embedded.dir/usr/share/pico-sdk/src/rp2_common/pico_async_context/async_context_base.c.obj
                0x10006de0                async_context_base_refresh_next_timeout
 .text.async_context_base_execute_once
                0x10006e1c       0x48 bin/CMakeFiles/green_sense_embedded.dir/usr/share/pico-sdk/src/rp2_common/pico_async_context/async_context_base.c.obj
                0x10006e1c                async_context_base_execute_once
 .text.splitmix64
                0x10006e64       0x58 bin/CMakeFiles/green_sense_embedded.dir/usr/share/pico-sdk/src/rp2_common/pico_rand/rand.c.obj
 .text.sdbm_hash64_sram
                0x10006ebc       0x64 bin/CMakeFiles/green_sense_embedded.dir/usr/share/pico-sdk/src/rp2_common/pico_rand/rand.c.obj
 .text.xoroshiro128ss
                0x10006f20       0xb8 bin/CMakeFiles/green_sense_embedded.dir/usr/share/pico-sdk/src/rp2_common/pico_rand/rand.c.obj
 .text.update_us_since_boot
                0x10006fd8       0x24 bin/CMakeFiles/green_sense_embedded.dir/usr/share/pico-sdk/src/rp2_common/pico_rand/rand.c.obj
 .text.get_absolute_time
                0x10006ffc       0x22 bin/CMakeFiles/green_sense_embedded.dir/usr/share/pico-sdk/src/rp2_common/pico_rand/rand.c.obj
 *fill*         0x1000701e        0x2 
 .text.delayed_by_us
                0x10007020       0x34 bin/CMakeFiles/green_sense_embedded.dir/usr/share/pico-sdk/src/rp2_common/pico_rand/rand.c.obj
 .text.make_timeout_time_us
                0x10007054       0x24 bin/CMakeFiles/green_sense_embedded.dir/usr/share/pico-sdk/src/rp2_common/pico_rand/rand.c.obj
 .text.capture_additional_rosc_samples
                0x10007078      0x164 bin/CMakeFiles/green_sense_embedded.dir/usr/share/pico-sdk/src/rp2_common/pico_rand/rand.c.obj
 .text.initialise_rand
                0x100071dc      0x110 bin/CMakeFiles/green_sense_embedded.dir/usr/share/pico-sdk/src/rp2_common/pico_rand/rand.c.obj
 .text.get_rand_64
                0x100072ec      0x10c bin/CMakeFiles/green_sense_embedded.dir/usr/share/pico-sdk/src/rp2_common/pico_rand/rand.c.obj
                0x100072ec                get_rand_64
 .text.get_rand_32
                0x100073f8        0x8 bin/CMakeFiles/green_sense_embedded.dir/usr/share/pico-sdk/src/rp2_common/pico_rand/rand.c.obj
                0x100073f8                get_rand_32
 .text.lwip_init
                0x10007400       0x24 bin/CMakeFiles/green_sense_embedded.dir/usr/share/pico-sdk/lib/lwip/src/core/init.c.obj
                0x10007400                lwip_init
 .text.lwip_htons
                0x10007424        0xa bin/CMakeFiles/green_sense_embedded.dir/usr/share/pico-sdk/lib/lwip/src/core/def.c.obj
                0x10007424                lwip_htons
 .text.lwip_htonl
                0x1000742e       0x1e bin/CMakeFiles/green_sense_embedded.dir/usr/share/pico-sdk/lib/lwip/src/core/def.c.obj
                0x1000742e                lwip_htonl
 .text.dns_backupserver_available
                0x1000744c       0x28 bin/CMakeFiles/green_sense_embedded.dir/usr/share/pico-sdk/lib/lwip/src/core/dns.c.obj
 .text.dns_create_txid
                0x10007474       0x3c bin/CMakeFiles/green_sense_embedded.dir/usr/share/pico-sdk/lib/lwip/src/core/dns.c.obj
 .text.dns_call_found
                0x100074b0       0xf4 bin/CMakeFiles/green_sense_embedded.dir/usr/share/pico-sdk/lib/lwip/src/core/dns.c.obj
 .text.dns_send
                0x100075a4      0x17c bin/CMakeFiles/green_sense_embedded.dir/usr/share/pico-sdk/lib/lwip/src/core/dns.c.obj
 .text.dns_check_entry
                0x10007720      0x11c bin/CMakeFiles/green_sense_embedded.dir/usr/share/pico-sdk/lib/lwip/src/core/dns.c.obj
 .text.dns_check_entries
                0x1000783c       0x16 bin/CMakeFiles/green_sense_embedded.dir/usr/share/pico-sdk/lib/lwip/src/core/dns.c.obj
 .text.dns_init
                0x10007852        0x2 bin/CMakeFiles/green_sense_embedded.dir/usr/share/pico-sdk/lib/lwip/src/core/dns.c.obj
                0x10007852                dns_init
 .text.dns_setserver
                0x10007854       0x28 bin/CMakeFiles/green_sense_embedded.dir/usr/share/pico-sdk/lib/lwip/src/core/dns.c.obj
                0x10007854                dns_setserver
 .text.dns_tmr  0x1000787c        0x8 bin/CMakeFiles/green_sense_embedded.dir/usr/share/pico-sdk/lib/lwip/src/core/dns.c.obj
                0x1000787c                dns_tmr
 .text.lwip_standard_chksum
                0x10007884       0xa0 bin/CMakeFiles/green_sense_embedded.dir/usr/share/pico-sdk/lib/lwip/src/core/inet_chksum.c.obj
                0x10007884                lwip_standard_chksum
 .text.inet_cksum_pseudo_base
                0x10007924       0x82 bin/CMakeFiles/green_sense_embedded.dir/usr/share/pico-sdk/lib/lwip/src/core/inet_chksum.c.obj
 .text.inet_chksum_pseudo
                0x100079a6       0x30 bin/CMakeFiles/green_sense_embedded.dir/usr/share/pico-sdk/lib/lwip/src/core/inet_chksum.c.obj
                0x100079a6                inet_chksum_pseudo
 .text.ip_chksum_pseudo
                0x100079d6       0x10 bin/CMakeFiles/green_sense_embedded.dir/usr/share/pico-sdk/lib/lwip/src/core/inet_chksum.c.obj
                0x100079d6                ip_chksum_pseudo
 .text.inet_chksum
                0x100079e6        0xc bin/CMakeFiles/green_sense_embedded.dir/usr/share/pico-sdk/lib/lwip/src/core/inet_chksum.c.obj
                0x100079e6                inet_chksum
 .text.inet_chksum_pbuf
                0x100079f2       0x52 bin/CMakeFiles/green_sense_embedded.dir/usr/share/pico-sdk/lib/lwip/src/core/inet_chksum.c.obj
                0x100079f2                inet_chksum_pbuf
 .text.ptr_to_mem
                0x10007a44        0xc bin/CMakeFiles/green_sense_embedded.dir/usr/share/pico-sdk/lib/lwip/src/core/mem.c.obj
 .text.mem_to_ptr
                0x10007a50       0x10 bin/CMakeFiles/green_sense_embedded.dir/usr/share/pico-sdk/lib/lwip/src/core/mem.c.obj
 .text.mem_link_valid
                0x10007a60       0x5c bin/CMakeFiles/green_sense_embedded.dir/usr/share/pico-sdk/lib/lwip/src/core/mem.c.obj
 .text.plug_holes
                0x10007abc       0xd0 bin/CMakeFiles/green_sense_embedded.dir/usr/share/pico-sdk/lib/lwip/src/core/mem.c.obj
 .text.mem_init
                0x10007b8c       0x40 bin/CMakeFiles/green_sense_embedded.dir/usr/share/pico-sdk/lib/lwip/src/core/mem.c.obj
                0x10007b8c                mem_init
 .text.mem_free
                0x10007bcc       0x84 bin/CMakeFiles/green_sense_embedded.dir/usr/share/pico-sdk/lib/lwip/src/core/mem.c.obj
                0x10007bcc                mem_free
 .text.mem_trim
                0x10007c50      0x134 bin/CMakeFiles/green_sense_embedded.dir/usr/share/pico-sdk/lib/lwip/src/core/mem.c.obj
                0x10007c50                mem_trim
 .text.mem_malloc
                0x10007d84      0x134 bin/CMakeFiles/green_sense_embedded.dir/usr/share/pico-sdk/lib/lwip/src/core/mem.c.obj
                0x10007d84                mem_malloc
 .text.mem_calloc
                0x10007eb8       0x28 bin/CMakeFiles/green_sense_embedded.dir/usr/share/pico-sdk/lib/lwip/src/core/mem.c.obj
                0x10007eb8                mem_calloc
 .text.do_memp_malloc_pool
                0x10007ee0       0x30 bin/CMakeFiles/green_sense_embedded.dir/usr/share/pico-sdk/lib/lwip/src/core/memp.c.obj
 .text.do_memp_free_pool
                0x10007f10       0x28 bin/CMakeFiles/green_sense_embedded.dir/usr/share/pico-sdk/lib/lwip/src/core/memp.c.obj
 .text.memp_init_pool
                0x10007f38       0x2a bin/CMakeFiles/green_sense_embedded.dir/usr/share/pico-sdk/lib/lwip/src/core/memp.c.obj
                0x10007f38                memp_init_pool
 *fill*         0x10007f62        0x2 
 .text.memp_init
                0x10007f64       0x20 bin/CMakeFiles/green_sense_embedded.dir/usr/share/pico-sdk/lib/lwip/src/core/memp.c.obj
                0x10007f64                memp_init
 .text.memp_malloc
                0x10007f84       0x24 bin/CMakeFiles/green_sense_embedded.dir/usr/share/pico-sdk/lib/lwip/src/core/memp.c.obj
                0x10007f84                memp_malloc
 .text.memp_free
                0x10007fa8       0x28 bin/CMakeFiles/green_sense_embedded.dir/usr/share/pico-sdk/lib/lwip/src/core/memp.c.obj
                0x10007fa8                memp_free
 .text.netif_do_set_netmask
                0x10007fd0       0x12 bin/CMakeFiles/green_sense_embedded.dir/usr/share/pico-sdk/lib/lwip/src/core/netif.c.obj
 .text.netif_do_set_gw
                0x10007fe2       0x12 bin/CMakeFiles/green_sense_embedded.dir/usr/share/pico-sdk/lib/lwip/src/core/netif.c.obj
 .text.netif_null_output_ip4
                0x10007ff4        0x6 bin/CMakeFiles/green_sense_embedded.dir/usr/share/pico-sdk/lib/lwip/src/core/netif.c.obj
 .text.netif_do_ip_addr_changed
                0x10007ffa       0x1c bin/CMakeFiles/green_sense_embedded.dir/usr/share/pico-sdk/lib/lwip/src/core/netif.c.obj
 *fill*         0x10008016        0x2 
 .text.netif_issue_reports
                0x10008018       0x34 bin/CMakeFiles/green_sense_embedded.dir/usr/share/pico-sdk/lib/lwip/src/core/netif.c.obj
 .text.netif_do_set_ipaddr
                0x1000804c       0x54 bin/CMakeFiles/green_sense_embedded.dir/usr/share/pico-sdk/lib/lwip/src/core/netif.c.obj
 .text.netif_init
                0x100080a0        0x2 bin/CMakeFiles/green_sense_embedded.dir/usr/share/pico-sdk/lib/lwip/src/core/netif.c.obj
                0x100080a0                netif_init
 *fill*         0x100080a2        0x2 
 .text.netif_set_addr
                0x100080a4       0x78 bin/CMakeFiles/green_sense_embedded.dir/usr/share/pico-sdk/lib/lwip/src/core/netif.c.obj
                0x100080a4                netif_set_addr
 .text.netif_add
                0x1000811c      0x124 bin/CMakeFiles/green_sense_embedded.dir/usr/share/pico-sdk/lib/lwip/src/core/netif.c.obj
                0x1000811c                netif_add
 .text.netif_set_default
                0x10008240        0xc bin/CMakeFiles/green_sense_embedded.dir/usr/share/pico-sdk/lib/lwip/src/core/netif.c.obj
                0x10008240                netif_set_default
 .text.netif_set_up
                0x1000824c       0x34 bin/CMakeFiles/green_sense_embedded.dir/usr/share/pico-sdk/lib/lwip/src/core/netif.c.obj
                0x1000824c                netif_set_up
 .text.netif_set_down
                0x10008280       0x3c bin/CMakeFiles/green_sense_embedded.dir/usr/share/pico-sdk/lib/lwip/src/core/netif.c.obj
                0x10008280                netif_set_down
 .text.netif_remove
                0x100082bc       0x64 bin/CMakeFiles/green_sense_embedded.dir/usr/share/pico-sdk/lib/lwip/src/core/netif.c.obj
                0x100082bc                netif_remove
 .text.netif_set_link_up
                0x10008320       0x3c bin/CMakeFiles/green_sense_embedded.dir/usr/share/pico-sdk/lib/lwip/src/core/netif.c.obj
                0x10008320                netif_set_link_up
 .text.netif_set_link_down
                0x1000835c       0x2c bin/CMakeFiles/green_sense_embedded.dir/usr/share/pico-sdk/lib/lwip/src/core/netif.c.obj
                0x1000835c                netif_set_link_down
 .text.netif_get_by_index
                0x10008388       0x24 bin/CMakeFiles/green_sense_embedded.dir/usr/share/pico-sdk/lib/lwip/src/core/netif.c.obj
                0x10008388                netif_get_by_index
 .text.pbuf_init_alloced_pbuf
                0x100083ac       0x20 bin/CMakeFiles/green_sense_embedded.dir/usr/share/pico-sdk/lib/lwip/src/core/pbuf.c.obj
 .text.pbuf_skip_const
                0x100083cc       0x1a bin/CMakeFiles/green_sense_embedded.dir/usr/share/pico-sdk/lib/lwip/src/core/pbuf.c.obj
 *fill*         0x100083e6        0x2 
 .text.pbuf_pool_is_empty
                0x100083e8       0x18 bin/CMakeFiles/green_sense_embedded.dir/usr/share/pico-sdk/lib/lwip/src/core/pbuf.c.obj
 .text.pbuf_add_header_impl
                0x10008400       0x68 bin/CMakeFiles/green_sense_embedded.dir/usr/share/pico-sdk/lib/lwip/src/core/pbuf.c.obj
 .text.pbuf_free_ooseq
                0x10008468       0x30 bin/CMakeFiles/green_sense_embedded.dir/usr/share/pico-sdk/lib/lwip/src/core/pbuf.c.obj
                0x10008468                pbuf_free_ooseq
 .text.pbuf_alloc_reference
                0x10008498       0x3c bin/CMakeFiles/green_sense_embedded.dir/usr/share/pico-sdk/lib/lwip/src/core/pbuf.c.obj
                0x10008498                pbuf_alloc_reference
 .text.pbuf_add_header
                0x100084d4        0xa bin/CMakeFiles/green_sense_embedded.dir/usr/share/pico-sdk/lib/lwip/src/core/pbuf.c.obj
                0x100084d4                pbuf_add_header
 *fill*         0x100084de        0x2 
 .text.pbuf_remove_header
                0x100084e0       0x50 bin/CMakeFiles/green_sense_embedded.dir/usr/share/pico-sdk/lib/lwip/src/core/pbuf.c.obj
                0x100084e0                pbuf_remove_header
 .text.pbuf_header_impl
                0x10008530       0x14 bin/CMakeFiles/green_sense_embedded.dir/usr/share/pico-sdk/lib/lwip/src/core/pbuf.c.obj
 .text.pbuf_header_force
                0x10008544        0xa bin/CMakeFiles/green_sense_embedded.dir/usr/share/pico-sdk/lib/lwip/src/core/pbuf.c.obj
                0x10008544                pbuf_header_force
 *fill*         0x1000854e        0x2 
 .text.pbuf_free
                0x10008550       0x7c bin/CMakeFiles/green_sense_embedded.dir/usr/share/pico-sdk/lib/lwip/src/core/pbuf.c.obj
                0x10008550                pbuf_free
 .text.pbuf_alloc
                0x100085cc      0x144 bin/CMakeFiles/green_sense_embedded.dir/usr/share/pico-sdk/lib/lwip/src/core/pbuf.c.obj
                0x100085cc                pbuf_alloc
 .text.pbuf_realloc
                0x10008710       0x84 bin/CMakeFiles/green_sense_embedded.dir/usr/share/pico-sdk/lib/lwip/src/core/pbuf.c.obj
                0x10008710                pbuf_realloc
 .text.pbuf_clen
                0x10008794       0x12 bin/CMakeFiles/green_sense_embedded.dir/usr/share/pico-sdk/lib/lwip/src/core/pbuf.c.obj
                0x10008794                pbuf_clen
 *fill*         0x100087a6        0x2 
 .text.pbuf_ref
                0x100087a8       0x28 bin/CMakeFiles/green_sense_embedded.dir/usr/share/pico-sdk/lib/lwip/src/core/pbuf.c.obj
                0x100087a8                pbuf_ref
 .text.pbuf_cat
                0x100087d0       0x44 bin/CMakeFiles/green_sense_embedded.dir/usr/share/pico-sdk/lib/lwip/src/core/pbuf.c.obj
                0x100087d0                pbuf_cat
 .text.pbuf_chain
                0x10008814       0x10 bin/CMakeFiles/green_sense_embedded.dir/usr/share/pico-sdk/lib/lwip/src/core/pbuf.c.obj
                0x10008814                pbuf_chain
 .text.pbuf_copy_partial_pbuf
                0x10008824      0x13c bin/CMakeFiles/green_sense_embedded.dir/usr/share/pico-sdk/lib/lwip/src/core/pbuf.c.obj
                0x10008824                pbuf_copy_partial_pbuf
 .text.pbuf_copy
                0x10008960       0x20 bin/CMakeFiles/green_sense_embedded.dir/usr/share/pico-sdk/lib/lwip/src/core/pbuf.c.obj
                0x10008960                pbuf_copy
 .text.pbuf_copy_partial
                0x10008980       0x88 bin/CMakeFiles/green_sense_embedded.dir/usr/share/pico-sdk/lib/lwip/src/core/pbuf.c.obj
                0x10008980                pbuf_copy_partial
 .text.pbuf_get_contiguous
                0x10008a08       0x78 bin/CMakeFiles/green_sense_embedded.dir/usr/share/pico-sdk/lib/lwip/src/core/pbuf.c.obj
                0x10008a08                pbuf_get_contiguous
 .text.pbuf_skip
                0x10008a80        0x8 bin/CMakeFiles/green_sense_embedded.dir/usr/share/pico-sdk/lib/lwip/src/core/pbuf.c.obj
                0x10008a80                pbuf_skip
 .text.pbuf_take
                0x10008a88       0x98 bin/CMakeFiles/green_sense_embedded.dir/usr/share/pico-sdk/lib/lwip/src/core/pbuf.c.obj
                0x10008a88                pbuf_take
 .text.pbuf_take_at
                0x10008b20       0x70 bin/CMakeFiles/green_sense_embedded.dir/usr/share/pico-sdk/lib/lwip/src/core/pbuf.c.obj
                0x10008b20                pbuf_take_at
 .text.pbuf_clone
                0x10008b90       0x2c bin/CMakeFiles/green_sense_embedded.dir/usr/share/pico-sdk/lib/lwip/src/core/pbuf.c.obj
                0x10008b90                pbuf_clone
 .text.pbuf_try_get_at
                0x10008bbc       0x30 bin/CMakeFiles/green_sense_embedded.dir/usr/share/pico-sdk/lib/lwip/src/core/pbuf.c.obj
                0x10008bbc                pbuf_try_get_at
 .text.pbuf_get_at
                0x10008bec       0x12 bin/CMakeFiles/green_sense_embedded.dir/usr/share/pico-sdk/lib/lwip/src/core/pbuf.c.obj
                0x10008bec                pbuf_get_at
 .text.pbuf_put_at
                0x10008bfe       0x26 bin/CMakeFiles/green_sense_embedded.dir/usr/share/pico-sdk/lib/lwip/src/core/pbuf.c.obj
                0x10008bfe                pbuf_put_at
 .text.raw_input_local_match
                0x10008c24       0x5c bin/CMakeFiles/green_sense_embedded.dir/usr/share/pico-sdk/lib/lwip/src/core/raw.c.obj
 .text.raw_input
                0x10008c80       0xb4 bin/CMakeFiles/green_sense_embedded.dir/usr/share/pico-sdk/lib/lwip/src/core/raw.c.obj
                0x10008c80                raw_input
 .text.raw_netif_ip_addr_changed
                0x10008d34       0x38 bin/CMakeFiles/green_sense_embedded.dir/usr/share/pico-sdk/lib/lwip/src/core/raw.c.obj
                0x10008d34                raw_netif_ip_addr_changed
 .text.stats_init
                0x10008d6c        0x2 bin/CMakeFiles/green_sense_embedded.dir/usr/share/pico-sdk/lib/lwip/src/core/stats.c.obj
                0x10008d6c                stats_init
 *fill*         0x10008d6e        0x2 
 .text.tcp_new_port
                0x10008d70       0x6c bin/CMakeFiles/green_sense_embedded.dir/usr/share/pico-sdk/lib/lwip/src/core/tcp.c.obj
 .text.tcp_remove_listener
                0x10008ddc       0x24 bin/CMakeFiles/green_sense_embedded.dir/usr/share/pico-sdk/lib/lwip/src/core/tcp.c.obj
 .text.tcp_listen_closed
                0x10008e00       0x40 bin/CMakeFiles/green_sense_embedded.dir/usr/share/pico-sdk/lib/lwip/src/core/tcp.c.obj
 .text.tcp_free_listen
                0x10008e40       0x1c bin/CMakeFiles/green_sense_embedded.dir/usr/share/pico-sdk/lib/lwip/src/core/tcp.c.obj
 .text.tcp_close_shutdown_fin
                0x10008e5c       0x64 bin/CMakeFiles/green_sense_embedded.dir/usr/share/pico-sdk/lib/lwip/src/core/tcp.c.obj
 .text.tcp_handle_closepend
                0x10008ec0       0x28 bin/CMakeFiles/green_sense_embedded.dir/usr/share/pico-sdk/lib/lwip/src/core/tcp.c.obj
 .text.tcp_init
                0x10008ee8       0x20 bin/CMakeFiles/green_sense_embedded.dir/usr/share/pico-sdk/lib/lwip/src/core/tcp.c.obj
                0x10008ee8                tcp_init
 .text.tcp_free
                0x10008f08       0x1c bin/CMakeFiles/green_sense_embedded.dir/usr/share/pico-sdk/lib/lwip/src/core/tcp.c.obj
                0x10008f08                tcp_free
 .text.tcp_bind
                0x10008f24       0xc0 bin/CMakeFiles/green_sense_embedded.dir/usr/share/pico-sdk/lib/lwip/src/core/tcp.c.obj
                0x10008f24                tcp_bind
 .text.tcp_update_rcv_ann_wnd
                0x10008fe4       0x58 bin/CMakeFiles/green_sense_embedded.dir/usr/share/pico-sdk/lib/lwip/src/core/tcp.c.obj
                0x10008fe4                tcp_update_rcv_ann_wnd
 .text.tcp_recved
                0x1000903c       0x60 bin/CMakeFiles/green_sense_embedded.dir/usr/share/pico-sdk/lib/lwip/src/core/tcp.c.obj
                0x1000903c                tcp_recved
 .text.tcp_seg_free
                0x1000909c       0x1a bin/CMakeFiles/green_sense_embedded.dir/usr/share/pico-sdk/lib/lwip/src/core/tcp.c.obj
                0x1000909c                tcp_seg_free
 .text.tcp_segs_free
                0x100090b6       0x12 bin/CMakeFiles/green_sense_embedded.dir/usr/share/pico-sdk/lib/lwip/src/core/tcp.c.obj
                0x100090b6                tcp_segs_free
 .text.tcp_seg_copy
                0x100090c8       0x2c bin/CMakeFiles/green_sense_embedded.dir/usr/share/pico-sdk/lib/lwip/src/core/tcp.c.obj
                0x100090c8                tcp_seg_copy
 .text.tcp_arg  0x100090f4        0x8 bin/CMakeFiles/green_sense_embedded.dir/usr/share/pico-sdk/lib/lwip/src/core/tcp.c.obj
                0x100090f4                tcp_arg
 .text.tcp_recv
                0x100090fc       0x1c bin/CMakeFiles/green_sense_embedded.dir/usr/share/pico-sdk/lib/lwip/src/core/tcp.c.obj
                0x100090fc                tcp_recv
 .text.tcp_sent
                0x10009118       0x1c bin/CMakeFiles/green_sense_embedded.dir/usr/share/pico-sdk/lib/lwip/src/core/tcp.c.obj
                0x10009118                tcp_sent
 .text.tcp_err  0x10009134       0x1c bin/CMakeFiles/green_sense_embedded.dir/usr/share/pico-sdk/lib/lwip/src/core/tcp.c.obj
                0x10009134                tcp_err
 .text.tcp_poll
                0x10009150       0x2c bin/CMakeFiles/green_sense_embedded.dir/usr/share/pico-sdk/lib/lwip/src/core/tcp.c.obj
                0x10009150                tcp_poll
 .text.tcp_next_iss
                0x1000917c       0x28 bin/CMakeFiles/green_sense_embedded.dir/usr/share/pico-sdk/lib/lwip/src/core/tcp.c.obj
                0x1000917c                tcp_next_iss
 .text.tcp_eff_send_mss_netif
                0x100091a4       0x34 bin/CMakeFiles/green_sense_embedded.dir/usr/share/pico-sdk/lib/lwip/src/core/tcp.c.obj
                0x100091a4                tcp_eff_send_mss_netif
 .text.tcp_connect
                0x100091d8      0x134 bin/CMakeFiles/green_sense_embedded.dir/usr/share/pico-sdk/lib/lwip/src/core/tcp.c.obj
                0x100091d8                tcp_connect
 .text.tcp_free_ooseq
                0x1000930c       0x14 bin/CMakeFiles/green_sense_embedded.dir/usr/share/pico-sdk/lib/lwip/src/core/tcp.c.obj
                0x1000930c                tcp_free_ooseq
 .text.tcp_pcb_purge
                0x10009320       0x58 bin/CMakeFiles/green_sense_embedded.dir/usr/share/pico-sdk/lib/lwip/src/core/tcp.c.obj
                0x10009320                tcp_pcb_purge
 .text.tcp_pcb_remove
                0x10009378       0xa4 bin/CMakeFiles/green_sense_embedded.dir/usr/share/pico-sdk/lib/lwip/src/core/tcp.c.obj
                0x10009378                tcp_pcb_remove
 .text.tcp_abandon
                0x1000941c      0x10c bin/CMakeFiles/green_sense_embedded.dir/usr/share/pico-sdk/lib/lwip/src/core/tcp.c.obj
                0x1000941c                tcp_abandon
 .text.tcp_abort
                0x10009528        0xa bin/CMakeFiles/green_sense_embedded.dir/usr/share/pico-sdk/lib/lwip/src/core/tcp.c.obj
                0x10009528                tcp_abort
 *fill*         0x10009532        0x2 
 .text.tcp_kill_timewait
                0x10009534       0x38 bin/CMakeFiles/green_sense_embedded.dir/usr/share/pico-sdk/lib/lwip/src/core/tcp.c.obj
 .text.tcp_kill_prio
                0x1000956c       0x58 bin/CMakeFiles/green_sense_embedded.dir/usr/share/pico-sdk/lib/lwip/src/core/tcp.c.obj
 .text.tcp_netif_ip_addr_changed_pcblist
                0x100095c4       0x30 bin/CMakeFiles/green_sense_embedded.dir/usr/share/pico-sdk/lib/lwip/src/core/tcp.c.obj
 .text.tcp_netif_ip_addr_changed
                0x100095f4       0x54 bin/CMakeFiles/green_sense_embedded.dir/usr/share/pico-sdk/lib/lwip/src/core/tcp.c.obj
                0x100095f4                tcp_netif_ip_addr_changed
 .text.tcp_kill_state