Archive member included to satisfy reference by file (symbol)

src/libmqtt_client_lib.a(mqtt_client.c.obj)
                              bin/CMakeFiles/green_sense_embedded.dir/__/src/main.c.obj (init_mqtt)
src/libntp_client_lib.a(ntp_client.c.obj)
                              bin/CMakeFiles/green_sense_embedded.dir/__/src/main.c.obj (utc)
src/libsen0114_lib.a(sen0114.c.obj)
                              bin/CMakeFiles/green_sense_embedded.dir/__/src/main.c.obj (sen0114_init)
src/libdht22_lib.a(dht22.c.obj)
                              bin/CMakeFiles/green_sense_embedded.dir/__/src/main.c.obj (dht22_init)
/usr/lib/gcc/arm-none-eabi/13.2.0/thumb/v6-m/nofp/libgcc.a(_dvmd_tls.o)
                              bin/CMakeFiles/green_sense_embedded.dir/usr/share/pico-sdk/src/rp2_common/pico_divider/divider.S.obj (__aeabi_idiv0)
/usr/lib/gcc/arm-none-eabi/13.2.0/../../../../arm-none-eabi/lib/thumb/v6-m/nofp/libg.a(libc_a-atexit.o)
                              /usr/lib/gcc/arm-none-eabi/13.2.0/../../../../arm-none-eabi/lib/thumb/v6-m/nofp/crt0.o (atexit)
/usr/lib/gcc/arm-none-eabi/13.2.0/../../../../arm-none-eabi/lib/thumb/v6-m/nofp/libg.a(libc_a-atoi.o)
                              bin/CMakeFiles/green_sense_embedded.dir/usr/share/pico-sdk/lib/lwip/src/core/netif.c.obj (atoi)
/usr/lib/gcc/arm-none-eabi/13.2.0/../../../../arm-none-eabi/lib/thumb/v6-m/nofp/libg.a(libc_a-calloc.o)
                              bin/CMakeFiles/green_sense_embedded.dir/usr/share/pico-sdk/src/rp2_common/pico_malloc/pico_malloc.c.obj (calloc)
/usr/lib/gcc/arm-none-eabi/13.2.0/../../../../arm-none-eabi/lib/thumb/v6-m/nofp/libg.a(libc_a-callocr.o)
                              /usr/lib/gcc/arm-none-eabi/13.2.0/../../../../arm-none-eabi/lib/thumb/v6-m/nofp/libg.a(libc_a-calloc.o) (_calloc_r)
/usr/lib/gcc/arm-none-eabi/13.2.0/../../../../arm-none-eabi/lib/thumb/v6-m/nofp/libg.a(libc_a-malloc.o)
                              bin/CMakeFiles/green_sense_embedded.dir/usr/share/pico-sdk/src/rp2_common/pico_malloc/pico_malloc.c.obj (malloc)
/usr/lib/gcc/arm-none-eabi/13.2.0/../../../../arm-none-eabi/lib/thumb/v6-m/nofp/libg.a(libc_a-mallocr.o)
                              /usr/lib/gcc/arm-none-eabi/13.2.0/../../../../arm-none-eabi/lib/thumb/v6-m/nofp/libg.a(libc_a-callocr.o) (_malloc_r)
/usr/lib/gcc/arm-none-eabi/13.2.0/../../../../arm-none-eabi/lib/thumb/v6-m/nofp/libg.a(libc_a-mlock.o)
                              /usr/lib/gcc/arm-none-eabi/13.2.0/../../../../arm-none-eabi/lib/thumb/v6-m/nofp/libg.a(libc_a-mallocr.o) (__malloc_lock)
/usr/lib/gcc/arm-none-eabi/13.2.0/../../../../arm-none-eabi/lib/thumb/v6-m/nofp/libg.a(libc_a-realloc.o)
                              bin/CMakeFiles/green_sense_embedded.dir/usr/share/pico-sdk/src/rp2_common/pico_malloc/pico_malloc.c.obj (realloc)
/usr/lib/gcc/arm-none-eabi/13.2.0/../../../../arm-none-eabi/lib/thumb/v6-m/nofp/libg.a(libc_a-reallocr.o)
                              /usr/lib/gcc/arm-none-eabi/13.2.0/../../../../arm-none-eabi/lib/thumb/v6-m/nofp/libg.a(libc_a-realloc.o) (_realloc_r)
/usr/lib/gcc/arm-none-eabi/13.2.0/../../../../arm-none-eabi/lib/thumb/v6-m/nofp/libg.a(libc_a-strtol.o)
                              /usr/lib/gcc/arm-none-eabi/13.2.0/../../../../arm-none-eabi/lib/thumb/v6-m/nofp/libg.a(libc_a-atoi.o) (_strtol_r)
/usr/lib/gcc/arm-none-eabi/13.2.0/../../../../arm-none-eabi/lib/thumb/v6-m/nofp/libg.a(libc_a-ctype_.o)
                              bin/CMakeFiles/green_sense_embedded.dir/usr/share/pico-sdk/lib/lwip/src/core/dns.c.obj (_ctype_)
/usr/lib/gcc/arm-none-eabi/13.2.0/../../../../arm-none-eabi/lib/thumb/v6-m/nofp/libg.a(libc_a-memcmp.o)
                              bin/CMakeFiles/green_sense_embedded.dir/usr/share/pico-sdk/lib/lwip/src/netif/ethernet.c.obj (memcmp)
/usr/lib/gcc/arm-none-eabi/13.2.0/../../../../arm-none-eabi/lib/thumb/v6-m/nofp/libg.a(libc_a-memmove.o)
                              bin/CMakeFiles/green_sense_embedded.dir/usr/share/pico-sdk/lib/lwip/src/core/def.c.obj (memmove)
/usr/lib/gcc/arm-none-eabi/13.2.0/../../../../arm-none-eabi/lib/thumb/v6-m/nofp/libg.a(libc_a-strncmp.o)
                              bin/CMakeFiles/green_sense_embedded.dir/usr/share/pico-sdk/lib/lwip/src/core/def.c.obj (strncmp)
/usr/lib/gcc/arm-none-eabi/13.2.0/../../../../arm-none-eabi/lib/thumb/v6-m/nofp/libg.a(libc_a-gmtime.o)
                              src/libntp_client_lib.a(ntp_client.c.obj) (gmtime)
/usr/lib/gcc/arm-none-eabi/13.2.0/../../../../arm-none-eabi/lib/thumb/v6-m/nofp/libg.a(libc_a-gmtime_r.o)
                              /usr/lib/gcc/arm-none-eabi/13.2.0/../../../../arm-none-eabi/lib/thumb/v6-m/nofp/libg.a(libc_a-gmtime.o) (gmtime_r)
/usr/lib/gcc/arm-none-eabi/13.2.0/../../../../arm-none-eabi/lib/thumb/v6-m/nofp/libg.a(libc_a-impure.o)
                              /usr/lib/gcc/arm-none-eabi/13.2.0/../../../../arm-none-eabi/lib/thumb/v6-m/nofp/libg.a(libc_a-calloc.o) (_impure_ptr)
[...]
Memory Configuration

Name             Origin             Length             Attributes
FLASH            0x10000000         0x00200000         xr
RAM              0x20000000         0x00040000         xrw
SCRATCH_X        0x20040000         0x00001000         xrw
SCRATCH_Y        0x20041000         0x00001000         xrw
*default*        0x00000000         0xffffffff

Linker script and memory map

LOAD /usr/lib/gcc/arm-none-eabi/13.2.0/thumb/v6-m/nofp/crti.o
LOAD /usr/lib/gcc/arm-none-eabi/13.2.0/thumb/v6-m/nofp/crtbegin.o
LOAD /usr/lib/gcc/arm-none-eabi/13.2.0/../../../../arm-none-eabi/lib/thumb/v6-m/nofp/crt0.o

.flash_begin    0x10000000        0x0
                0x10000000                        __flash_binary_start = .

.boot2          0x10000000      0x100
                0x10000000                        __boot2_start__ = .
 *(.boot2)
 .boot2         0x10000000      0x100 /tmp/ccxicXpO.o
                0x10000100                        __boot2_end__ = .
                0x00000001                        ASSERT (((__boot2_end__ - __boot2_start__) == 0x100), ERROR: Pico second stage bootloader must be 256 bytes in size)

.text           0x10000100    0x16058
                0x10000100                        __logical_binary_start = .
 *(.vectors)
 .vectors       0x10000100       0xd4 bin/CMakeFiles/green_sense_embedded.dir/usr/share/pico-sdk/src/rp2_common/pico_standard_link/crt0.S.obj
                0x10000100                __vectors
                0x10000100                __VECTOR_TABLE
                0x100001c0                isr_invalid
                0x100001c0                __default_isrs_start
                0x100001c2                isr_nmi
                0x100001c4                isr_hardfault
                0x100001c6                isr_svcall
                0x100001c8                isr_pendsv
                0x100001ca                isr_systick
                0x100001cc                isr_irq30
                0x100001cc                __unhandled_user_irq
                0x100001cc                isr_irq13
                0x100001cc                isr_irq27
                0x100001cc                isr_irq31
                0x100001cc                isr_irq5
                0x100001cc                isr_irq11
                0x100001cc                isr_irq23
                0x100001cc                isr_irq18
                0x100001cc                isr_irq28
                0x100001cc                isr_irq19
                0x100001cc                isr_irq0
                0x100001cc                isr_irq6
                0x100001cc                isr_irq22
                0x100001cc                isr_irq17
                0x100001cc                isr_irq14
                0x100001cc                isr_irq2
                0x100001cc                isr_irq10
                0x100001cc                isr_irq8
                0x100001cc                isr_irq24
                0x100001cc                isr_irq1
                0x100001cc                isr_irq7
                0x100001cc                isr_irq21
                0x100001cc                isr_irq20
                0x100001cc                isr_irq15
                0x100001cc                isr_irq25
                0x100001cc                isr_irq4
                0x100001cc                isr_irq16
                0x100001cc                isr_irq29
                0x100001cc                isr_irq26
                0x100001cc                __default_isrs_end
                0x100001cc                isr_irq3
                0x100001cc                isr_irq12
                0x100001cc                isr_irq9
                0x100001d2                unhandled_user_irq_num_in_r0
 *(.binary_info_header)
 .binary_info_header
                0x100001d4       0x14 bin/CMakeFiles/green_sense_embedded.dir/usr/share/pico-sdk/src/rp2_common/pico_standard_link/crt0.S.obj
                0x100001e8                        __binary_info_header_end = .
 *(.reset)
 .reset         0x100001e8       0xa0 bin/CMakeFiles/green_sense_embedded.dir/usr/share/pico-sdk/src/rp2_common/pico_standard_link/crt0.S.obj
                0x100001e8                _entry_point
 .reset         0x10000288       0x30 bin/CMakeFiles/green_sense_embedded.dir/usr/share/pico-sdk/src/rp2_common/pico_standard_link/binary_info.c.obj
 *(.init)
 .init          0x100002b8        0x4 /usr/lib/gcc/arm-none-eabi/13.2.0/thumb/v6-m/nofp/crti.o
                0x100002b8                _init
 *(EXCLUDE_FILE(*libm.a: *libc.a:*lib_a-mem*.o *libgcc.a:) .text*)
 .text.frame_dummy
                0x100002bc       0x20 /usr/lib/gcc/arm-none-eabi/13.2.0/thumb/v6-m/nofp/crtbegin.o
 .text.main     0x100002dc      0x124 bin/CMakeFiles/green_sense_embedded.dir/__/src/main.c.obj
                0x100002dc                main
 .text.gpio_set_function
                0x10000400       0x30 bin/CMakeFiles/green_sense_embedded.dir/usr/share/pico-sdk/src/rp2_common/hardware_gpio/gpio.c.obj
                0x10000400                gpio_set_function
 .text.gpio_set_pulls
                0x10000430       0x34 bin/CMakeFiles/green_sense_embedded.dir/usr/share/pico-sdk/src/rp2_common/hardware_gpio/gpio.c.obj
                0x10000430                gpio_set_pulls
 .text.gpio_set_input_hysteresis_enabled
                0x10000464       0x30 bin/CMakeFiles/green_sense_embedded.dir/usr/share/pico-sdk/src/rp2_common/hardware_gpio/gpio.c.obj
                0x10000464                gpio_set_input_hysteresis_enabled
 .text.gpio_add_raw_irq_handler_with_order_priority_masked
                0x10000494       0x40 bin/CMakeFiles/green_sense_embedded.dir/usr/share/pico-sdk/src/rp2_common/hardware_gpio/gpio.c.obj
                0x10000494                gpio_add_raw_irq_handler_with_order_priority_masked
 .text.gpio_remove_raw_irq_handler_masked
                0x100004d4       0x48 bin/CMakeFiles/green_sense_embedded.dir/usr/share/pico-sdk/src/rp2_common/hardware_gpio/gpio.c.obj
                0x100004d4                gpio_remove_raw_irq_handler_masked
 .text.gpio_acknowledge_irq
                0x1000051c       0x18 bin/CMakeFiles/green_sense_embedded.dir/usr/share/pico-sdk/src/rp2_common/hardware_gpio/gpio.c.obj
                0x1000051c                gpio_acknowledge_irq
 .text._gpio_set_irq_enabled
                0x10000534       0x34 bin/CMakeFiles/green_sense_embedded.dir/usr/share/pico-sdk/src/rp2_common/hardware_gpio/gpio.c.obj
 .text.gpio_set_irq_enabled
                0x10000568       0x20 bin/CMakeFiles/green_sense_embedded.dir/usr/share/pico-sdk/src/rp2_common/hardware_gpio/gpio.c.obj
                0x10000568                gpio_set_irq_enabled
 .text.gpio_set_input_enabled
                0x10000588       0x30 bin/CMakeFiles/green_sense_embedded.dir/usr/share/pico-sdk/src/rp2_common/hardware_gpio/gpio.c.obj
                0x10000588                gpio_set_input_enabled
 .text.gpio_init
                0x100005b8       0x16 bin/CMakeFiles/green_sense_embedded.dir/usr/share/pico-sdk/src/rp2_common/hardware_gpio/gpio.c.obj
                0x100005b8                gpio_init
 *fill*         0x100005ce        0x2 
 .text.running_on_fpga
                0x100005d0       0x14 bin/CMakeFiles/green_sense_embedded.dir/usr/share/pico-sdk/src/rp2_common/pico_platform/platform.c.obj
                0x100005d0                running_on_fpga
 .text.hw_claim_lock
                0x100005e4       0x18 bin/CMakeFiles/green_sense_embedded.dir/usr/share/pico-sdk/src/rp2_common/hardware_claim/claim.c.obj
                0x100005e4                hw_claim_lock
 .text.hw_claim_unlock
                0x100005fc       0x14 bin/CMakeFiles/green_sense_embedded.dir/usr/share/pico-sdk/src/rp2_common/hardware_claim/claim.c.obj
                0x100005fc                hw_claim_unlock
 .text.hw_claim_or_assert
                0x10000610       0x32 bin/CMakeFiles/green_sense_embedded.dir/usr/share/pico-sdk/src/rp2_common/hardware_claim/claim.c.obj
                0x10000610                hw_claim_or_assert
 .text.hw_claim_unused_from_range
                0x10000642       0x50 bin/CMakeFiles/green_sense_embedded.dir/usr/share/pico-sdk/src/rp2_common/hardware_claim/claim.c.obj
                0x10000642                hw_claim_unused_from_range
 *fill*         0x10000692        0x2 
 .text.hw_claim_clear
                0x10000694       0x40 bin/CMakeFiles/green_sense_embedded.dir/usr/share/pico-sdk/src/rp2_common/hardware_claim/claim.c.obj
                0x10000694                hw_claim_clear
 .text.spin_locks_reset
                0x100006d4       0x20 bin/CMakeFiles/green_sense_embedded.dir/usr/share/pico-sdk/src/rp2_common/hardware_sync/sync.c.obj
                0x100006d4                spin_locks_reset
 .text.next_striped_spin_lock_num
                0x100006f4       0x1c bin/CMakeFiles/green_sense_embedded.dir/usr/share/pico-sdk/src/rp2_common/hardware_sync/sync.c.obj
                0x100006f4                next_striped_spin_lock_num
 .text.spin_lock_claim_unused
                0x10000710       0x24 bin/CMakeFiles/green_sense_embedded.dir/usr/share/pico-sdk/src/rp2_common/hardware_sync/sync.c.obj
                0x10000710                spin_lock_claim_unused
 .text.set_raw_irq_handler_and_unlock
                0x10000734       0x28 bin/CMakeFiles/green_sense_embedded.dir/usr/share/pico-sdk/src/rp2_common/hardware_irq/irq.c.obj
 .text.get_user_irq_claim_index
                0x1000075c        0x6 bin/CMakeFiles/green_sense_embedded.dir/usr/share/pico-sdk/src/rp2_common/hardware_irq/irq.c.obj
 *fill*         0x10000762        0x2 
 .text.resolve_branch
                0x10000764       0x30 bin/CMakeFiles/green_sense_embedded.dir/usr/share/pico-sdk/src/rp2_common/hardware_irq/irq.c.obj
 .text.make_branch
                0x10000794       0x48 bin/CMakeFiles/green_sense_embedded.dir/usr/share/pico-sdk/src/rp2_common/hardware_irq/irq.c.obj
 .text.insert_branch_and_link
                0x100007dc       0x40 bin/CMakeFiles/green_sense_embedded.dir/usr/share/pico-sdk/src/rp2_common/hardware_irq/irq.c.obj
 .text.irq_is_enabled
                0x1000081c       0x18 bin/CMakeFiles/green_sense_embedded.dir/usr/share/pico-sdk/src/rp2_common/hardware_irq/irq.c.obj
                0x1000081c                irq_is_enabled
 .text.irq_set_mask_enabled
                0x10000834       0x20 bin/CMakeFiles/green_sense_embedded.dir/usr/share/pico-sdk/src/rp2_common/hardware_irq/irq.c.obj
                0x10000834                irq_set_mask_enabled
 .text.irq_set_enabled
                0x10000854        0xe bin/CMakeFiles/green_sense_embedded.dir/usr/share/pico-sdk/src/rp2_common/hardware_irq/irq.c.obj
                0x10000854                irq_set_enabled
 *fill*         0x10000862        0x2 
 .text.irq_set_pending
                0x10000864       0x10 bin/CMakeFiles/green_sense_embedded.dir/usr/share/pico-sdk/src/rp2_common/hardware_irq/irq.c.obj
                0x10000864                irq_set_pending
 .text.irq_get_vtable_handler
                0x10000874       0x10 bin/CMakeFiles/green_sense_embedded.dir/usr/share/pico-sdk/src/rp2_common/hardware_irq/irq.c.obj
                0x10000874                irq_get_vtable_handler
 .text.irq_has_shared_handler
                0x10000884       0x24 bin/CMakeFiles/green_sense_embedded.dir/usr/share/pico-sdk/src/rp2_common/hardware_irq/irq.c.obj
                0x10000884                irq_has_shared_handler
 .text.irq_set_exclusive_handler
                0x100008a8       0x54 bin/CMakeFiles/green_sense_embedded.dir/usr/share/pico-sdk/src/rp2_common/hardware_irq/irq.c.obj
                0x100008a8                irq_set_exclusive_handler
 .text.irq_add_shared_handler
                0x100008fc      0x210 bin/CMakeFiles/green_sense_embedded.dir/usr/share/pico-sdk/src/rp2_common/hardware_irq/irq.c.obj
                0x100008fc                irq_add_shared_handler
 .text.irq_remove_handler
                0x10000b0c      0x188 bin/CMakeFiles/green_sense_embedded.dir/usr/share/pico-sdk/src/rp2_common/hardware_irq/irq.c.obj
                0x10000b0c                irq_remove_handler
 .text.irq_set_priority
                0x10000c94       0x28 bin/CMakeFiles/green_sense_embedded.dir/usr/share/pico-sdk/src/rp2_common/hardware_irq/irq.c.obj
                0x10000c94                irq_set_priority
 .text.irq_add_tail_to_free_list
                0x10000cbc       0xf0 bin/CMakeFiles/green_sense_embedded.dir/usr/share/pico-sdk/src/rp2_common/hardware_irq/irq.c.obj
                0x10000cbc                irq_add_tail_to_free_list
 .text.irq_init_priorities
                0x10000dac       0x1c bin/CMakeFiles/green_sense_embedded.dir/usr/share/pico-sdk/src/rp2_common/hardware_irq/irq.c.obj
                0x10000dac                irq_init_priorities
 .text.user_irq_unclaim
                0x10000dc8       0x18 bin/CMakeFiles/green_sense_embedded.dir/usr/share/pico-sdk/src/rp2_common/hardware_irq/irq.c.obj
                0x10000dc8                user_irq_unclaim
 .text.user_irq_claim_unused
                0x10000de0       0x2c bin/CMakeFiles/green_sense_embedded.dir/usr/share/pico-sdk/src/rp2_common/hardware_irq/irq.c.obj
                0x10000de0                user_irq_claim_unused
 .text.sem_init
                0x10000e0c       0x1e bin/CMakeFiles/green_sense_embedded.dir/usr/share/pico-sdk/src/common/pico_sync/sem.c.obj
                0x10000e0c                sem_init
 *fill*         0x10000e2a        0x2 
 .text.lock_init
                0x10000e2c       0x10 bin/CMakeFiles/green_sense_embedded.dir/usr/share/pico-sdk/src/common/pico_sync/lock_core.c.obj
                0x10000e2c                lock_init
 .text.update_us_since_boot
                0x10000e3c       0x24 bin/CMakeFiles/green_sense_embedded.dir/usr/share/pico-sdk/src/common/pico_sync/mutex.c.obj
 .text.delayed_by_ms
                0x10000e60       0x44 bin/CMakeFiles/green_sense_embedded.dir/usr/share/pico-sdk/src/common/pico_sync/mutex.c.obj
 .text.get_absolute_time
                0x10000ea4       0x22 bin/CMakeFiles/green_sense_embedded.dir/usr/share/pico-sdk/src/common/pico_sync/mutex.c.obj
 .text.make_timeout_time_ms
                0x10000ec6       0x20 bin/CMakeFiles/green_sense_embedded.dir/usr/share/pico-sdk/src/common/pico_sync/mutex.c.obj
 .text.mutex_init
                0x10000ee6       0x1a bin/CMakeFiles/green_sense_embedded.dir/usr/share/pico-sdk/src/common/pico_sync/mutex.c.obj
                0x10000ee6                mutex_init
 .text.recursive_mutex_init
                0x10000f00       0x1e bin/CMakeFiles/green_sense_embedded.dir/usr/share/pico-sdk/src/common/pico_sync/mutex.c.obj
                0x10000f00                recursive_mutex_init
 *fill*         0x10000f1e        0x2 
 .text.critical_section_init_with_lock_num
                0x10000f20       0x14 bin/CMakeFiles/green_sense_embedded.dir/usr/share/pico-sdk/src/common/pico_sync/critical_section.c.obj
                0x10000f20                critical_section_init_with_lock_num
 .text.critical_section_init
                0x10000f34       0x14 bin/CMakeFiles/green_sense_embedded.dir/usr/share/pico-sdk/src/common/pico_sync/critical_section.c.obj
                0x10000f34                critical_section_init
 .text.time_reached
                0x10000f48       0x28 bin/CMakeFiles/green_sense_embedded.dir/usr/share/pico-sdk/src/common/pico_time/time.c.obj
 .text.get_entry
                0x10000f70       0x38 bin/CMakeFiles/green_sense_embedded.dir/usr/share/pico-sdk/src/common/pico_time/time.c.obj
 .text.timer_pool_entry_comparator
                0x10000fa8       0x2e bin/CMakeFiles/green_sense_embedded.dir/usr/share/pico-sdk/src/common/pico_time/time.c.obj
                0x10000fa8                timer_pool_entry_comparator
 *fill*         0x10000fd6        0x2 
 .text.update_us_since_boot
                0x10000fd8       0x24 bin/CMakeFiles/green_sense_embedded.dir/usr/share/pico-sdk/src/common/pico_time/time.c.obj
 .text.delayed_by_us
                0x10000ffc       0x34 bin/CMakeFiles/green_sense_embedded.dir/usr/share/pico-sdk/src/common/pico_time/time.c.obj
 .text.ph_get_node
                0x10001030       0x30 bin/CMakeFiles/green_sense_embedded.dir/usr/share/pico-sdk/src/common/pico_time/time.c.obj
 .text.ph_contains_node
                0x10001060       0x1e bin/CMakeFiles/green_sense_embedded.dir/usr/share/pico-sdk/src/common/pico_time/time.c.obj
 .text.ph_new_node
                0x1000107e       0x28 bin/CMakeFiles/green_sense_embedded.dir/usr/share/pico-sdk/src/common/pico_time/time.c.obj
 *fill*         0x100010a6        0x2 
 .text.ph_add_child_node
                0x100010a8       0x6c bin/CMakeFiles/green_sense_embedded.dir/usr/share/pico-sdk/src/common/pico_time/time.c.obj
 .text.ph_merge_nodes
                0x10001114       0x3e bin/CMakeFiles/green_sense_embedded.dir/usr/share/pico-sdk/src/common/pico_time/time.c.obj
 *fill*         0x10001152        0x2 
 .text.ph_insert_node
                0x10001154       0x3c bin/CMakeFiles/green_sense_embedded.dir/usr/share/pico-sdk/src/common/pico_time/time.c.obj
 .text.ph_free_node
                0x10001190       0x5c bin/CMakeFiles/green_sense_embedded.dir/usr/share/pico-sdk/src/common/pico_time/time.c.obj
 .text.get_entry_id_high
                0x100011ec       0x30 bin/CMakeFiles/green_sense_embedded.dir/usr/share/pico-sdk/src/common/pico_time/time.c.obj
 .text.alarm_pool_post_alloc_init
                0x1000121c       0x40 bin/CMakeFiles/green_sense_embedded.dir/usr/share/pico-sdk/src/common/pico_time/time.c.obj
 .text.sleep_until_callback
                0x1000125c       0x30 bin/CMakeFiles/green_sense_embedded.dir/usr/share/pico-sdk/src/common/pico_time/time.c.obj
 .text.get_absolute_time
                0x1000128c       0x22 bin/CMakeFiles/green_sense_embedded.dir/usr/share/pico-sdk/src/common/pico_time/time.c.obj
 .text.make_timeout_time_us
                0x100012ae       0x24 bin/CMakeFiles/green_sense_embedded.dir/usr/share/pico-sdk/src/common/pico_time/time.c.obj
 *fill*         0x100012d2        0x2 
 .text.add_alarm_under_lock
                0x100012d4       0x94 bin/CMakeFiles/green_sense_embedded.dir/usr/share/pico-sdk/src/common/pico_time/time.c.obj
 .text.alarm_pool_alarm_callback
                0x10001368      0x210 bin/CMakeFiles/green_sense_embedded.dir/usr/share/pico-sdk/src/common/pico_time/time.c.obj
 .text.alarm_pool_init_default
                0x10001578       0x40 bin/CMakeFiles/green_sense_embedded.dir/usr/share/pico-sdk/src/common/pico_time/time.c.obj
                0x10001578                alarm_pool_init_default
 .text.alarm_pool_get_default
                0x100015b8       0x2c bin/CMakeFiles/green_sense_embedded.dir/usr/share/pico-sdk/src/common/pico_time/time.c.obj
                0x100015b8                alarm_pool_get_default
 .text.alarm_pool_add_alarm_at
                0x100015e4      0x10e bin/CMakeFiles/green_sense_embedded.dir/usr/share/pico-sdk/src/common/pico_time/time.c.obj
                0x100015e4                alarm_pool_add_alarm_at
 .text.add_alarm_at
                0x100016f2       0x2e bin/CMakeFiles/green_sense_embedded.dir/usr/share/pico-sdk/src/common/pico_time/time.c.obj
 .text.alarm_pool_cancel_alarm
                0x10001720       0xa8 bin/CMakeFiles/green_sense_embedded.dir/usr/share/pico-sdk/src/common/pico_time/time.c.obj
                0x10001720                alarm_pool_cancel_alarm
 .text.cancel_alarm
                0x100017c8       0x10 bin/CMakeFiles/green_sense_embedded.dir/usr/share/pico-sdk/src/common/pico_time/time.c.obj
 .text.alarm_pool_core_num
                0x100017d8        0x4 bin/CMakeFiles/green_sense_embedded.dir/usr/share/pico-sdk/src/common/pico_time/time.c.obj
                0x100017d8                alarm_pool_core_num
 .text.sleep_until
                0x100017dc       0xb0 bin/CMakeFiles/green_sense_embedded.dir/usr/share/pico-sdk/src/common/pico_time/time.c.obj
                0x100017dc                sleep_until
 .text.sleep_us
                0x1000188c       0x1a bin/CMakeFiles/green_sense_embedded.dir/usr/share/pico-sdk/src/common/pico_time/time.c.obj
                0x1000188c                sleep_us
 .text.sleep_ms
                0x100018a6       0x14 bin/CMakeFiles/green_sense_embedded.dir/usr/share/pico-sdk/src/common/pico_time/time.c.obj
                0x100018a6                sleep_ms
 *fill*         0x100018ba        0x2 
 .text.best_effort_wfe_or_timeout
                0x100018bc       0x44 bin/CMakeFiles/green_sense_embedded.dir/usr/share/pico-sdk/src/common/pico_time/time.c.obj
                0x100018bc                best_effort_wfe_or_timeout
 .text.update_us_since_boot
                0x10001900       0x24 bin/CMakeFiles/green_sense_embedded.dir/usr/share/pico-sdk/src/rp2_common/hardware_timer/timer.c.obj
 .text.hardware_alarm_irq_handler
                0x10001924       0x8c bin/CMakeFiles/green_sense_embedded.dir/usr/share/pico-sdk/src/rp2_common/hardware_timer/timer.c.obj
 .text.hardware_alarm_claim
                0x100019b0       0x18 bin/CMakeFiles/green_sense_embedded.dir/usr/share/pico-sdk/src/rp2_common/hardware_timer/timer.c.obj
                0x100019b0                hardware_alarm_claim
 .text.time_us_64
                0x100019c8       0x18 bin/CMakeFiles/green_sense_embedded.dir/usr/share/pico-sdk/src/rp2_common/hardware_timer/timer.c.obj
                0x100019c8                time_us_64
 .text.busy_wait_until
                0x100019e0       0x28 bin/CMakeFiles/green_sense_embedded.dir/usr/share/pico-sdk/src/rp2_common/hardware_timer/timer.c.obj
                0x100019e0                busy_wait_until
 .text.busy_wait_us
                0x10001a08       0x3a bin/CMakeFiles/green_sense_embedded.dir/usr/share/pico-sdk/src/rp2_common/hardware_timer/timer.c.obj
                0x10001a08                busy_wait_us
 *fill*         0x10001a42        0x2 
 .text.busy_wait_us_32
                0x10001a44       0x24 bin/CMakeFiles/green_sense_embedded.dir/usr/share/pico-sdk/src/rp2_common/hardware_timer/timer.c.obj
                0x10001a44                busy_wait_us_32
 .text.busy_wait_ms
                0x10001a68       0x30 bin/CMakeFiles/green_sense_embedded.dir/usr/share/pico-sdk/src/rp2_common/hardware_timer/timer.c.obj
                0x10001a68                busy_wait_ms
 .text.hardware_alarm_set_callback
                0x10001a98       0x90 bin/CMakeFiles/green_sense_embedded.dir/usr/share/pico-sdk/src/rp2_common/hardware_timer/timer.c.obj
                0x10001a98                hardware_alarm_set_callback
 .text.hardware_alarm_set_target
                0x10001b28       0xe8 bin/CMakeFiles/green_sense_embedded.dir/usr/share/pico-sdk/src/rp2_common/hardware_timer/timer.c.obj
                0x10001b28                hardware_alarm_set_target
 .text.hardware_alarm_cancel
                0x10001c10       0x40 bin/CMakeFiles/green_sense_embedded.dir/usr/share/pico-sdk/src/rp2_common/hardware_timer/timer.c.obj
                0x10001c10                hardware_alarm_cancel
 .text.ph_get_node
                0x10001c50       0x30 bin/CMakeFiles/green_sense_embedded.dir/usr/share/pico-sdk/src/common/pico_util/pheap.c.obj
 .text.ph_add_child_node
                0x10001c80       0x6c bin/CMakeFiles/green_sense_embedded.dir/usr/share/pico-sdk/src/common/pico_util/pheap.c.obj
 .text.ph_merge_nodes
                0x10001cec       0x3e bin/CMakeFiles/green_sense_embedded.dir/usr/share/pico-sdk/src/common/pico_util/pheap.c.obj
 .text.ph_clear
                0x10001d2a       0x34 bin/CMakeFiles/green_sense_embedded.dir/usr/share/pico-sdk/src/common/pico_util/pheap.c.obj
                0x10001d2a                ph_clear
 .text.ph_post_alloc_init
                0x10001d5e        0xe bin/CMakeFiles/green_sense_embedded.dir/usr/share/pico-sdk/src/common/pico_util/pheap.c.obj
                0x10001d5e                ph_post_alloc_init
 .text.ph_merge_two_pass
                0x10001d6c       0x5c bin/CMakeFiles/green_sense_embedded.dir/usr/share/pico-sdk/src/common/pico_util/pheap.c.obj
                0x10001d6c                ph_merge_two_pass
 .text.ph_remove_any_head
                0x10001dc8       0xc0 bin/CMakeFiles/green_sense_embedded.dir/usr/share/pico-sdk/src/common/pico_util/pheap.c.obj
 .text.ph_remove_head
                0x10001e88       0x14 bin/CMakeFiles/green_sense_embedded.dir/usr/share/pico-sdk/src/common/pico_util/pheap.c.obj
                0x10001e88                ph_remove_head
 .text.ph_remove_and_free_node
                0x10001e9c       0xa0 bin/CMakeFiles/green_sense_embedded.dir/usr/share/pico-sdk/src/common/pico_util/pheap.c.obj
                0x10001e9c                ph_remove_and_free_node
 .text.clock_configure
                0x10001f3c      0x108 bin/CMakeFiles/green_sense_embedded.dir/usr/share/pico-sdk/src/rp2_common/hardware_clocks/clocks.c.obj
                0x10001f3c                clock_configure
 .text.clocks_init
                0x10002044      0x100 bin/CMakeFiles/green_sense_embedded.dir/usr/share/pico-sdk/src/rp2_common/hardware_clocks/clocks.c.obj
                0x10002044                clocks_init
 .text.clock_get_hz
                0x10002144        0xc bin/CMakeFiles/green_sense_embedded.dir/usr/share/pico-sdk/src/rp2_common/hardware_clocks/clocks.c.obj
                0x10002144                clock_get_hz
 .text.pll_init
                0x10002150      0x120 bin/CMakeFiles/green_sense_embedded.dir/usr/share/pico-sdk/src/rp2_common/hardware_pll/pll.c.obj
                0x10002150                pll_init
 .text.watchdog_start_tick
                0x10002270       0x10 bin/CMakeFiles/green_sense_embedded.dir/usr/share/pico-sdk/src/rp2_common/hardware_watchdog/watchdog.c.obj
                0x10002270                watchdog_start_tick
 .text.watchdog_update
                0x10002280       0x14 bin/CMakeFiles/green_sense_embedded.dir/usr/share/pico-sdk/src/rp2_common/hardware_watchdog/watchdog.c.obj
                0x10002280                watchdog_update
 .text._watchdog_enable
                0x10002294       0x78 bin/CMakeFiles/green_sense_embedded.dir/usr/share/pico-sdk/src/rp2_common/hardware_watchdog/watchdog.c.obj
                0x10002294                _watchdog_enable
 .text.watchdog_reboot
                0x1000230c       0x48 bin/CMakeFiles/green_sense_embedded.dir/usr/share/pico-sdk/src/rp2_common/hardware_watchdog/watchdog.c.obj
                0x1000230c                watchdog_reboot
 .text.xosc_init
                0x10002354       0x28 bin/CMakeFiles/green_sense_embedded.dir/usr/share/pico-sdk/src/rp2_common/hardware_xosc/xosc.c.obj
                0x10002354                xosc_init
 .text._exit    0x1000237c        0x4 bin/CMakeFiles/green_sense_embedded.dir/usr/share/pico-sdk/src/rp2_common/pico_runtime/runtime.c.obj
                0x1000237c                _exit
 .text.exit     0x10002380        0x6 bin/CMakeFiles/green_sense_embedded.dir/usr/share/pico-sdk/src/rp2_common/pico_runtime/runtime.c.obj
                0x10002380                exit
 *fill*         0x10002386        0x2 
 .text.__assert_func
                0x10002388       0x38 bin/CMakeFiles/green_sense_embedded.dir/usr/share/pico-sdk/src/rp2_common/pico_runtime/runtime.c.obj
                0x10002388                __assert_func
 .text.runtime_init
                0x100023c0       0xf8 bin/CMakeFiles/green_sense_embedded.dir/usr/share/pico-sdk/src/rp2_common/pico_runtime/runtime.c.obj
                0x100023c0                runtime_init
 .text.panic    0x100024b8       0x30 bin/CMakeFiles/green_sense_embedded.dir/usr/share/pico-sdk/src/rp2_common/pico_runtime/runtime.c.obj
                0x100024b8                panic
 .text.panic_unsupported
                0x100024e8        0xc bin/CMakeFiles/green_sense_embedded.dir/usr/share/pico-sdk/src/rp2_common/pico_runtime/runtime.c.obj
                0x100024e8                panic_unsupported
 .text._out_null
                0x100024f4        0x2 bin/CMakeFiles/green_sense_embedded.dir/usr/share/pico-sdk/src/rp2_common/pico_printf/printf.c.obj
 .text._out_fct
                0x100024f6        0xe bin/CMakeFiles/green_sense_embedded.dir/usr/share/pico-sdk/src/rp2_common/pico_printf/printf.c.obj
 .text._atoi    0x10002504       0x24 bin/CMakeFiles/green_sense_embedded.dir/usr/share/pico-sdk/src/rp2_common/pico_printf/printf.c.obj
 .text._out_rev
                0x10002528       0xae bin/CMakeFiles/green_sense_embedded.dir/usr/share/pico-sdk/src/rp2_common/pico_printf/printf.c.obj
 .text._ntoa_format
                0x100025d6      0x110 bin/CMakeFiles/green_sense_embedded.dir/usr/share/pico-sdk/src/rp2_common/pico_printf/printf.c.obj
 .text._ntoa_long
                0x100026e6       0xbc bin/CMakeFiles/green_sense_embedded.dir/usr/share/pico-sdk/src/rp2_common/pico_printf/printf.c.obj
 .text._ntoa_long_long
                0x100027a2      0x10e bin/CMakeFiles/green_sense_embedded.dir/usr/share/pico-sdk/src/rp2_common/pico_printf/printf.c.obj
 .text._etoa    0x100028b0      0x420 bin/CMakeFiles/green_sense_embedded.dir/usr/share/pico-sdk/src/rp2_common/pico_printf/printf.c.obj
 .text._ftoa    0x10002cd0      0x354 bin/CMakeFiles/green_sense_embedded.dir/usr/share/pico-sdk/src/rp2_common/pico_printf/printf.c.obj
 .text._vsnprintf
                0x10003024      0x668 bin/CMakeFiles/green_sense_embedded.dir/usr/share/pico-sdk/src/rp2_common/pico_printf/printf.c.obj
 .text.vfctprintf
                0x1000368c       0x20 bin/CMakeFiles/green_sense_embedded.dir/usr/share/pico-sdk/src/rp2_common/pico_printf/printf.c.obj
                0x1000368c                vfctprintf
 .text          0x100036ac       0x10 bin/CMakeFiles/green_sense_embedded.dir/usr/share/pico-sdk/src/rp2_common/pico_bit_ops/bit_ops_aeabi.S.obj
 .text.ctzsi    0x100036bc        0xc bin/CMakeFiles/green_sense_embedded.dir/usr/share/pico-sdk/src/rp2_common/pico_bit_ops/bit_ops_aeabi.S.obj
                0x100036bc                __wrap___ctzsi2
 .text.rom_func_lookup
                0x100036c8       0x10 bin/CMakeFiles/green_sense_embedded.dir/usr/share/pico-sdk/src/rp2_common/pico_bootrom/bootrom.c.obj
                0x100036c8                rom_func_lookup
 .text.rom_data_lookup
                0x100036d8       0x10 bin/CMakeFiles/green_sense_embedded.dir/usr/share/pico-sdk/src/rp2_common/pico_bootrom/bootrom.c.obj
                0x100036d8                rom_data_lookup
 .text.rom_funcs_lookup
                0x100036e8       0x36 bin/CMakeFiles/green_sense_embedded.dir/usr/share/pico-sdk/src/rp2_common/pico_bootrom/bootrom.c.obj
                0x100036e8                rom_funcs_lookup
 *fill*         0x1000371e        0x2 
 .text.__wrap___aeabi_idiv
                0x10003720       0x50 bin/CMakeFiles/green_sense_embedded.dir/usr/share/pico-sdk/src/rp2_common/pico_divider/divider.S.obj
                0x10003720                __wrap___aeabi_idivmod
                0x10003720                divmod_s32s32
                0x10003720                div_s32s32
                0x10003720                __wrap___aeabi_idiv
                0x10003728                divmod_s32s32_unsafe
                0x10003754                divmod_s32s32_savestate
 .text.__wrap___aeabi_uidiv
                0x10003770       0x4c bin/CMakeFiles/green_sense_embedded.dir/usr/share/pico-sdk/src/rp2_common/pico_divider/divider.S.obj
                0x10003770                __wrap___aeabi_uidiv
                0x10003770                __wrap___aeabi_uidivmod
                0x10003770                div_u32u32
                0x10003770                divmod_u32u32
                0x10003778                divmod_u32u32_unsafe
                0x100037a0                divmod_u32u32_savestate
 .text.__wrap___aeabi_ldiv
                0x100037bc      0x424 bin/CMakeFiles/green_sense_embedded.dir/usr/share/pico-sdk/src/rp2_common/pico_divider/divider.S.obj
                0x100037bc                div_s64s64
                0x100037bc                divmod_s64s64
                0x100037bc                __wrap___aeabi_ldivmod
                0x100037ec                div_u64u64
                0x100037ec                divmod_u64u64
                0x100037ec                __wrap___aeabi_uldivmod
                0x100037fc                divmod_u64u64_savestate
                0x1000381c                divmod_s64s64_unsafe
                0x100038a4                divmod_u64u64_unsafe
 .text.__wrap___aeabi_darithmetic
                0x10003be0       0x60 bin/CMakeFiles/green_sense_embedded.dir/usr/share/pico-sdk/src/rp2_common/pico_double/double_aeabi.S.obj
                0x10003be0                __wrap___aeabi_drsub
                0x10003be6                __wrap___aeabi_dsub
                0x10003bf0                __wrap___aeabi_dadd
                0x10003bfa                __wrap___aeabi_ddiv
                0x10003c2e                __wrap___aeabi_dmul
 .text.__wrap___aeabi_cdcmple
                0x10003c40       0x6c bin/CMakeFiles/green_sense_embedded.dir/usr/share/pico-sdk/src/rp2_common/pico_double/double_aeabi.S.obj
                0x10003c40                __wrap___aeabi_cdrcmple
                0x10003c50                __wrap___aeabi_cdcmple
                0x10003c50                __wrap___aeabi_cdcmpeq
 .text.__wrap___aeabi_dcmplt
                0x10003cac        0xc bin/CMakeFiles/green_sense_embedded.dir/usr/share/pico-sdk/src/rp2_common/pico_double/double_aeabi.S.obj
                0x10003cac                __wrap___aeabi_dcmplt
 .text.__wrap___aeabi_dcmple
                0x10003cb8       0x10 bin/CMakeFiles/green_sense_embedded.dir/usr/share/pico-sdk/src/rp2_common/pico_double/double_aeabi.S.obj
                0x10003cb8                __wrap___aeabi_dcmple
 .text.__wrap___aeabi_dcmpge
                0x10003cc8       0x10 bin/CMakeFiles/green_sense_embedded.dir/usr/share/pico-sdk/src/rp2_common/pico_double/double_aeabi.S.obj
                0x10003cc8                __wrap___aeabi_dcmpge
 .text.__wrap___aeabi_dcmpgt
                0x10003cd8        0xa bin/CMakeFiles/green_sense_embedded.dir/usr/share/pico-sdk/src/rp2_common/pico_double/double_aeabi.S.obj
                0x10003cd8                __wrap___aeabi_dcmpgt
 .text.__wrap___aeabi_dcmpun
                0x10003ce2       0x1c bin/CMakeFiles/green_sense_embedded.dir/usr/share/pico-sdk/src/rp2_common/pico_double/double_aeabi.S.obj
                0x10003ce2                __wrap___aeabi_dcmpun
 *fill*         0x10003cfe        0x2 
 .text.__wrap___aeabi_i2d
                0x10003d00       0x38 bin/CMakeFiles/green_sense_embedded.dir/usr/share/pico-sdk/src/rp2_common/pico_double/double_aeabi.S.obj
                0x10003d00                __wrap___aeabi_ui2d
                0x10003d08                __wrap___aeabi_i2d
 .text.__wrap___aeabi_d2iz
                0x10003d38       0x48 bin/CMakeFiles/green_sense_embedded.dir/usr/share/pico-sdk/src/rp2_common/pico_double/double_aeabi.S.obj
                0x10003d38                __wrap___aeabi_d2iz
                0x10003d38                double2int_z
 .text.__wrap___aeabi_d2uiz
                0x10003d80       0x10 bin/CMakeFiles/green_sense_embedded.dir/usr/share/pico-sdk/src/rp2_common/pico_double/double_aeabi.S.obj
                0x10003d80                double2uint
                0x10003d80                __wrap___aeabi_d2uiz
 .text.missing_double_func_shim
                0x10003d90        0xc bin/CMakeFiles/green_sense_embedded.dir/usr/share/pico-sdk/src/rp2_common/pico_double/double_init_rom.c.obj
 .text.__aeabi_double_init
                0x10003d9c       0xd0 bin/CMakeFiles/green_sense_embedded.dir/usr/share/pico-sdk/src/rp2_common/pico_double/double_init_rom.c.obj
                0x10003d9c                __aeabi_double_init
 .text.double_table_shim_on_use_helper
                0x10003e6c       0x34 bin/CMakeFiles/green_sense_embedded.dir/usr/share/pico-sdk/src/rp2_common/pico_double/double_v1_rom_shim.S.obj
                0x10003e6c                double_table_shim_on_use_helper
 .text.__aeabi_lmul
                0x10003ea0       0x32 bin/CMakeFiles/green_sense_embedded.dir/usr/share/pico-sdk/src/rp2_common/pico_int64_ops/pico_int64_ops_aeabi.S.obj
                0x10003ea0                __wrap___aeabi_lmul
 *fill*         0x10003ed2        0x2 
 .text.__wrap___aeabi_farithmetic
                0x10003ed4       0x48 bin/CMakeFiles/green_sense_embedded.dir/usr/share/pico-sdk/src/rp2_common/pico_float/float_aeabi.S.obj
                0x10003ed4                __wrap___aeabi_frsub
                0x10003eda                __wrap___aeabi_fsub
                0x10003ee0                __wrap___aeabi_fadd
                0x10003ee6                __wrap___aeabi_fdiv
                0x10003f0e                __wrap___aeabi_fmul
 .text.__wrap___aeabi_ui2f
                0x10003f1c        0xa bin/CMakeFiles/green_sense_embedded.dir/usr/share/pico-sdk/src/rp2_common/pico_float/float_aeabi.S.obj
                0x10003f1c                __wrap___aeabi_ui2f
 *fill*         0x10003f26        0x2 
 .text.__wrap___aeabi_i2f
                0x10003f28       0x44 bin/CMakeFiles/green_sense_embedded.dir/usr/share/pico-sdk/src/rp2_common/pico_float/float_aeabi.S.obj
                0x10003f28                __wrap___aeabi_i2f
 .text.__wrap___aeabi_f2d
                0x10003f6c        0xc bin/CMakeFiles/green_sense_embedded.dir/usr/share/pico-sdk/src/rp2_common/pico_float/float_aeabi.S.obj
                0x10003f6c                __wrap___aeabi_f2d
 .text.missing_float_func_shim
                0x10003f78        0xc bin/CMakeFiles/green_sense_embedded.dir/usr/share/pico-sdk/src/rp2_common/pico_float/float_init_rom.c.obj
 .text.__aeabi_float_init
                0x10003f84       0x88 bin/CMakeFiles/green_sense_embedded.dir/usr/share/pico-sdk/src/rp2_common/pico_float/float_init_rom.c.obj
                0x10003f84                __aeabi_float_init
 .text          0x1000400c       0x10 bin/CMakeFiles/green_sense_embedded.dir/usr/share/pico-sdk/src/rp2_common/pico_mem_ops/mem_ops_aeabi.S.obj
                0x1000400c                __aeabi_mem_init
 .text.memset   0x1000401c        0xc bin/CMakeFiles/green_sense_embedded.dir/usr/share/pico-sdk/src/rp2_common/pico_mem_ops/mem_ops_aeabi.S.obj
                0x1000401c                __wrap_memset
 .text.memcpy   0x10004028        0xc bin/CMakeFiles/green_sense_embedded.dir/usr/share/pico-sdk/src/rp2_common/pico_mem_ops/mem_ops_aeabi.S.obj
                0x10004028                __wrap___aeabi_memcpy
                0x10004028                __wrap_memcpy
 .text.stdio_out_chars_no_crlf
                0x10004034        0xe bin/CMakeFiles/green_sense_embedded.dir/usr/share/pico-sdk/src/rp2_common/pico_stdio/stdio.c.obj
 *fill*         0x10004042        0x2 
 .text.stdio_out_chars_crlf
                0x10004044       0x80 bin/CMakeFiles/green_sense_embedded.dir/usr/share/pico-sdk/src/rp2_common/pico_stdio/stdio.c.obj
 .text.stdio_stack_buffer_flush
                0x100040c4       0x44 bin/CMakeFiles/green_sense_embedded.dir/usr/share/pico-sdk/src/rp2_common/pico_stdio/stdio.c.obj
 .text.stdio_buffered_printer
                0x10004108       0x20 bin/CMakeFiles/green_sense_embedded.dir/usr/share/pico-sdk/src/rp2_common/pico_stdio/stdio.c.obj
 .text.update_us_since_boot
                0x10004128       0x24 bin/CMakeFiles/green_sense_embedded.dir/usr/share/pico-sdk/src/rp2_common/pico_stdio/stdio.c.obj
 .text.get_absolute_time
                0x1000414c       0x22 bin/CMakeFiles/green_sense_embedded.dir/usr/share/pico-sdk/src/rp2_common/pico_stdio/stdio.c.obj
 *fill*         0x1000416e        0x2 
 .text.delayed_by_ms
                0x10004170       0x44 bin/CMakeFiles/green_sense_embedded.dir/usr/share/pico-sdk/src/rp2_common/pico_stdio/stdio.c.obj
 .text.make_timeout_time_ms
                0x100041b4       0x20 bin/CMakeFiles/green_sense_embedded.dir/usr/share/pico-sdk/src/rp2_common/pico_stdio/stdio.c.obj
 .text.stdout_serialize_begin
                0x100041d4       0x20 bin/CMakeFiles/green_sense_embedded.dir/usr/share/pico-sdk/src/rp2_common/pico_stdio/stdio.c.obj
                0x100041d4                stdout_serialize_begin
 .text.stdout_serialize_end
                0x100041f4       0x10 bin/CMakeFiles/green_sense_embedded.dir/usr/share/pico-sdk/src/rp2_common/pico_stdio/stdio.c.obj
                0x100041f4                stdout_serialize_end
 .text.stdio_put_string
                0x10004204       0x98 bin/CMakeFiles/green_sense_embedded.dir/usr/share/pico-sdk/src/rp2_common/pico_stdio/stdio.c.obj
 .text.stdio_set_driver_enabled
                0x1000429c       0x2c bin/CMakeFiles/green_sense_embedded.dir/usr/share/pico-sdk/src/rp2_common/pico_stdio/stdio.c.obj
                0x1000429c                stdio_set_driver_enabled
 .text.stdio_flush
                0x100042c8       0x20 bin/CMakeFiles/green_sense_embedded.dir/usr/share/pico-sdk/src/rp2_common/pico_stdio/stdio.c.obj
                0x100042c8                stdio_flush
 .text.__wrap_puts
                0x100042e8       0x1e bin/CMakeFiles/green_sense_embedded.dir/usr/share/pico-sdk/src/rp2_common/pico_stdio/stdio.c.obj
                0x100042e8                __wrap_puts
 *fill*         0x10004306        0x2 
 .text.__wrap_vprintf
                0x10004308       0x40 bin/CMakeFiles/green_sense_embedded.dir/usr/share/pico-sdk/src/rp2_common/pico_stdio/stdio.c.obj
                0x10004308                __wrap_vprintf
 .text.__wrap_printf
                0x10004348       0x18 bin/CMakeFiles/green_sense_embedded.dir/usr/share/pico-sdk/src/rp2_common/pico_stdio/stdio.c.obj
                0x10004348                __wrap_printf
 .text.stdio_init_all
                0x10004360        0x8 bin/CMakeFiles/green_sense_embedded.dir/usr/share/pico-sdk/src/rp2_common/pico_stdio/stdio.c.obj
                0x10004360                stdio_init_all
 .text.resetd_init
                0x10004368        0x2 bin/CMakeFiles/green_sense_embedded.dir/usr/share/pico-sdk/src/rp2_common/pico_stdio_usb/reset_interface.c.obj
 *fill*         0x1000436a        0x2 
 .text.resetd_reset
                0x1000436c        0xc bin/CMakeFiles/green_sense_embedded.dir/usr/share/pico-sdk/src/rp2_common/pico_stdio_usb/reset_interface.c.obj
 .text.resetd_open
                0x10004378       0x34 bin/CMakeFiles/green_sense_embedded.dir/usr/share/pico-sdk/src/rp2_common/pico_stdio_usb/reset_interface.c.obj
 .text.resetd_xfer_cb
                0x100043ac        0x4 bin/CMakeFiles/green_sense_embedded.dir/usr/share/pico-sdk/src/rp2_common/pico_stdio_usb/reset_interface.c.obj
 .text.reset_usb_boot
                0x100043b0       0x18 bin/CMakeFiles/green_sense_embedded.dir/usr/share/pico-sdk/src/rp2_common/pico_stdio_usb/reset_interface.c.obj
 .text.resetd_control_xfer_cb
                0x100043c8       0x5c bin/CMakeFiles/green_sense_embedded.dir/usr/share/pico-sdk/src/rp2_common/pico_stdio_usb/reset_interface.c.obj
 .text.usbd_app_driver_get_cb
                0x10004424        0xc bin/CMakeFiles/green_sense_embedded.dir/usr/share/pico-sdk/src/rp2_common/pico_stdio_usb/reset_interface.c.obj
                0x10004424                usbd_app_driver_get_cb
 .text.tud_cdc_line_coding_cb
                0x10004430       0x28 bin/CMakeFiles/green_sense_embedded.dir/usr/share/pico-sdk/src/rp2_common/pico_stdio_usb/reset_interface.c.obj
                0x10004430                tud_cdc_line_coding_cb
 .text.stdio_usb_set_chars_available_callback
                0x10004458       0x14 bin/CMakeFiles/green_sense_embedded.dir/usr/share/pico-sdk/src/rp2_common/pico_stdio_usb/stdio_usb.c.obj
                0x10004458                stdio_usb_set_chars_available_callback
 .text.update_us_since_boot
                0x1000446c       0x24 bin/CMakeFiles/green_sense_embedded.dir/usr/share/pico-sdk/src/rp2_common/pico_stdio_usb/stdio_usb.c.obj
 .text.get_absolute_time
                0x10004490       0x22 bin/CMakeFiles/green_sense_embedded.dir/usr/share/pico-sdk/src/rp2_common/pico_stdio_usb/stdio_usb.c.obj
 *fill*         0x100044b2        0x2 
 .text.delayed_by_ms
                0x100044b4       0x44 bin/CMakeFiles/green_sense_embedded.dir/usr/share/pico-sdk/src/rp2_common/pico_stdio_usb/stdio_usb.c.obj
 .text.make_timeout_time_ms
                0x100044f8       0x20 bin/CMakeFiles/green_sense_embedded.dir/usr/share/pico-sdk/src/rp2_common/pico_stdio_usb/stdio_usb.c.obj
 .text.delayed_by_us
                0x10004518       0x34 bin/CMakeFiles/green_sense_embedded.dir/usr/share/pico-sdk/src/rp2_common/pico_stdio_usb/stdio_usb.c.obj
 .text.usb_irq  0x1000454c       0x10 bin/CMakeFiles/green_sense_embedded.dir/usr/share/pico-sdk/src/rp2_common/pico_stdio_usb/stdio_usb.c.obj
 .text.critical_section_enter_blocking
                0x1000455c       0x16 bin/CMakeFiles/green_sense_embedded.dir/usr/share/pico-sdk/src/rp2_common/pico_stdio_usb/stdio_usb.c.obj
 *fill*         0x10004572        0x2 
 .text.timer_task
                0x10004574       0x4c bin/CMakeFiles/green_sense_embedded.dir/usr/share/pico-sdk/src/rp2_common/pico_stdio_usb/stdio_usb.c.obj
 .text.alarm_pool_add_alarm_in_us
                0x100045c0       0x3a bin/CMakeFiles/green_sense_embedded.dir/usr/share/pico-sdk/src/rp2_common/pico_stdio_usb/stdio_usb.c.obj
 .text.add_alarm_in_us
                0x100045fa       0x2e bin/CMakeFiles/green_sense_embedded.dir/usr/share/pico-sdk/src/rp2_common/pico_stdio_usb/stdio_usb.c.obj
 .text.low_priority_worker_irq
                0x10004628       0x7c bin/CMakeFiles/green_sense_embedded.dir/usr/share/pico-sdk/src/rp2_common/pico_stdio_usb/stdio_usb.c.obj
 .text.tud_cdc_rx_cb
                0x100046a4       0x20 bin/CMakeFiles/green_sense_embedded.dir/usr/share/pico-sdk/src/rp2_common/pico_stdio_usb/stdio_usb.c.obj
                0x100046a4                tud_cdc_rx_cb
 .text.stdio_usb_init
                0x100046c4       0xd0 bin/CMakeFiles/green_sense_embedded.dir/usr/share/pico-sdk/src/rp2_common/pico_stdio_usb/stdio_usb.c.obj
                0x100046c4                stdio_usb_init
 .text.stdio_usb_connected
                0x10004794        0xa bin/CMakeFiles/green_sense_embedded.dir/usr/share/pico-sdk/src/rp2_common/pico_stdio_usb/stdio_usb.c.obj
                0x10004794                stdio_usb_connected
 *fill*         0x1000479e        0x2 
 .text.stdio_usb_in_chars
                0x100047a0       0x88 bin/CMakeFiles/green_sense_embedded.dir/usr/share/pico-sdk/src/rp2_common/pico_stdio_usb/stdio_usb.c.obj
                0x100047a0                stdio_usb_in_chars
 .text.stdio_usb_out_chars
                0x10004828       0xd8 bin/CMakeFiles/green_sense_embedded.dir/usr/share/pico-sdk/src/rp2_common/pico_stdio_usb/stdio_usb.c.obj
 .text.tud_descriptor_device_cb
                0x10004900        0x8 bin/CMakeFiles/green_sense_embedded.dir/usr/share/pico-sdk/src/rp2_common/pico_stdio_usb/stdio_usb_descriptors.c.obj
                0x10004900                tud_descriptor_device_cb
 .text.tud_descriptor_configuration_cb
                0x10004908        0x8 bin/CMakeFiles/green_sense_embedded.dir/usr/share/pico-sdk/src/rp2_common/pico_stdio_usb/stdio_usb_descriptors.c.obj
                0x10004908                tud_descriptor_configuration_cb
 .text.tud_descriptor_string_cb
                0x10004910       0x6c bin/CMakeFiles/green_sense_embedded.dir/usr/share/pico-sdk/src/rp2_common/pico_stdio_usb/stdio_usb_descriptors.c.obj
                0x10004910                tud_descriptor_string_cb
 .text._retrieve_unique_id_on_boot
                0x1000497c       0x10 bin/CMakeFiles/green_sense_embedded.dir/usr/share/pico-sdk/src/rp2_common/pico_unique_id/unique_id.c.obj
 .text.pico_get_unique_board_id
                0x1000498c       0x10 bin/CMakeFiles/green_sense_embedded.dir/usr/share/pico-sdk/src/rp2_common/pico_unique_id/unique_id.c.obj
                0x1000498c                pico_get_unique_board_id
 .text.pico_get_unique_board_id_string
                0x1000499c       0x5c bin/CMakeFiles/green_sense_embedded.dir/usr/share/pico-sdk/src/rp2_common/pico_unique_id/unique_id.c.obj
                0x1000499c                pico_get_unique_board_id_string
 .text.flash_get_unique_id
                0x100049f8       0x40 bin/CMakeFiles/green_sense_embedded.dir/usr/share/pico-sdk/src/rp2_common/hardware_flash/flash.c.obj
                0x100049f8                flash_get_unique_id
 .text.hw_endpoint_get_by_addr
                0x10004a38       0x18 bin/CMakeFiles/green_sense_embedded.dir/usr/share/pico-sdk/lib/tinyusb/src/portable/raspberrypi/rp2040/dcd_rp2040.c.obj
 .text._hw_endpoint_alloc
                0x10004a50       0x70 bin/CMakeFiles/green_sense_embedded.dir/usr/share/pico-sdk/lib/tinyusb/src/portable/raspberrypi/rp2040/dcd_rp2040.c.obj
 .text.hw_endpoint_init
                0x10004ac0       0x88 bin/CMakeFiles/green_sense_embedded.dir/usr/share/pico-sdk/lib/tinyusb/src/portable/raspberrypi/rp2040/dcd_rp2040.c.obj
 .text.dcd_event_sof
                0x10004b48       0x2c bin/CMakeFiles/green_sense_embedded.dir/usr/share/pico-sdk/lib/tinyusb/src/portable/raspberrypi/rp2040/dcd_rp2040.c.obj
 .text.hw_endpoint_xfer
                0x10004b74       0x14 bin/CMakeFiles/green_sense_embedded.dir/usr/share/pico-sdk/lib/tinyusb/src/portable/raspberrypi/rp2040/dcd_rp2040.c.obj
 .text.dcd_int_enable
                0x10004b88       0x2c bin/CMakeFiles/green_sense_embedded.dir/usr/share/pico-sdk/lib/tinyusb/src/portable/raspberrypi/rp2040/dcd_rp2040.c.obj
                0x10004b88                dcd_int_enable
 .text.dcd_set_address
                0x10004bb4       0x2c bin/CMakeFiles/green_sense_embedded.dir/usr/share/pico-sdk/lib/tinyusb/src/portable/raspberrypi/rp2040/dcd_rp2040.c.obj
                0x10004bb4                dcd_set_address
 .text.dcd_connect
                0x10004be0       0x10 bin/CMakeFiles/green_sense_embedded.dir/usr/share/pico-sdk/lib/tinyusb/src/portable/raspberrypi/rp2040/dcd_rp2040.c.obj
                0x10004be0                dcd_connect
 .text.dcd_init
                0x10004bf0       0x80 bin/CMakeFiles/green_sense_embedded.dir/usr/share/pico-sdk/lib/tinyusb/src/portable/raspberrypi/rp2040/dcd_rp2040.c.obj
                0x10004bf0                dcd_init
 .text.dcd_edpt0_status_complete
                0x10004c70       0x1c bin/CMakeFiles/green_sense_embedded.dir/usr/share/pico-sdk/lib/tinyusb/src/portable/raspberrypi/rp2040/dcd_rp2040.c.obj
                0x10004c70                dcd_edpt0_status_complete
 .text.dcd_edpt_open
                0x10004c8c       0x40 bin/CMakeFiles/green_sense_embedded.dir/usr/share/pico-sdk/lib/tinyusb/src/portable/raspberrypi/rp2040/dcd_rp2040.c.obj
                0x10004c8c                dcd_edpt_open
 .text.dcd_edpt_close_all
                0x10004ccc        0x8 bin/CMakeFiles/green_sense_embedded.dir/usr/share/pico-sdk/lib/tinyusb/src/portable/raspberrypi/rp2040/dcd_rp2040.c.obj
                0x10004ccc                dcd_edpt_close_all
 .text.dcd_edpt_xfer
                0x10004cd4       0x34 bin/CMakeFiles/green_sense_embedded.dir/usr/share/pico-sdk/lib/tinyusb/src/portable/raspberrypi/rp2040/dcd_rp2040.c.obj
                0x10004cd4                dcd_edpt_xfer
 .text.dcd_edpt_stall
                0x10004d08       0x2c bin/CMakeFiles/green_sense_embedded.dir/usr/share/pico-sdk/lib/tinyusb/src/portable/raspberrypi/rp2040/dcd_rp2040.c.obj
                0x10004d08                dcd_edpt_stall
 .text.dcd_edpt_clear_stall
                0x10004d34       0x20 bin/CMakeFiles/green_sense_embedded.dir/usr/share/pico-sdk/lib/tinyusb/src/portable/raspberrypi/rp2040/dcd_rp2040.c.obj
                0x10004d34                dcd_edpt_clear_stall
 .text.rp2040_usb_init
                0x10004d54       0x4c bin/CMakeFiles/green_sense_embedded.dir/usr/share/pico-sdk/lib/tinyusb/src/portable/raspberrypi/rp2040/rp2040_usb.c.obj
                0x10004d54                rp2040_usb_init
 .text.hw_endpoint_xfer_start
                0x10004da0       0x50 bin/CMakeFiles/green_sense_embedded.dir/usr/share/pico-sdk/lib/tinyusb/src/portable/raspberrypi/rp2040/rp2040_usb.c.obj
                0x10004da0                hw_endpoint_xfer_start
 .text.configuration_reset
                0x10004df0       0x84 bin/CMakeFiles/green_sense_embedded.dir/usr/share/pico-sdk/lib/tinyusb/src/device/usbd.c.obj
 .text.critical_section_enter_blocking
                0x10004e74       0x16 bin/CMakeFiles/green_sense_embedded.dir/usr/share/pico-sdk/lib/tinyusb/src/device/usbd.c.obj
 .text.usbd_reset
                0x10004e8a        0xc bin/CMakeFiles/green_sense_embedded.dir/usr/share/pico-sdk/lib/tinyusb/src/device/usbd.c.obj
 .text.invoke_class_control
                0x10004e96       0x1a bin/CMakeFiles/green_sense_embedded.dir/usr/share/pico-sdk/lib/tinyusb/src/device/usbd.c.obj
 .text.process_set_config
                0x10004eb0      0x178 bin/CMakeFiles/green_sense_embedded.dir/usr/share/pico-sdk/lib/tinyusb/src/device/usbd.c.obj
 .text.process_get_descriptor
                0x10005028       0xdc bin/CMakeFiles/green_sense_embedded.dir/usr/share/pico-sdk/lib/tinyusb/src/device/usbd.c.obj
 .text.tud_mounted
                0x10005104       0x10 bin/CMakeFiles/green_sense_embedded.dir/usr/share/pico-sdk/lib/tinyusb/src/device/usbd.c.obj
                0x10005104                tud_mounted
 .text.tud_suspended
                0x10005114       0x10 bin/CMakeFiles/green_sense_embedded.dir/usr/share/pico-sdk/lib/tinyusb/src/device/usbd.c.obj
                0x10005114                tud_suspended
 .text.tud_inited
                0x10005124       0x14 bin/CMakeFiles/green_sense_embedded.dir/usr/share/pico-sdk/lib/tinyusb/src/device/usbd.c.obj
                0x10005124                tud_inited
 .text.tud_init
                0x10005138       0xcc bin/CMakeFiles/green_sense_embedded.dir/usr/share/pico-sdk/lib/tinyusb/src/device/usbd.c.obj
                0x10005138                tud_init
 .text.usbd_defer_func
                0x10005204       0x2a bin/CMakeFiles/green_sense_embedded.dir/usr/share/pico-sdk/lib/tinyusb/src/device/usbd.c.obj
                0x10005204                usbd_defer_func
 *fill*         0x1000522e        0x2 
 .text.usbd_edpt_open
                0x10005230       0x34 bin/CMakeFiles/green_sense_embedded.dir/usr/share/pico-sdk/lib/tinyusb/src/device/usbd.c.obj
                0x10005230                usbd_edpt_open
 .text.usbd_open_edpt_pair
                0x10005264       0x62 bin/CMakeFiles/green_sense_embedded.dir/usr/share/pico-sdk/lib/tinyusb/src/device/usbd.c.obj
                0x10005264                usbd_open_edpt_pair
 *fill*         0x100052c6        0x2 
 .text.usbd_edpt_claim
                0x100052c8       0x28 bin/CMakeFiles/green_sense_embedded.dir/usr/share/pico-sdk/lib/tinyusb/src/device/usbd.c.obj
                0x100052c8                usbd_edpt_claim
 .text.usbd_edpt_release
                0x100052f0       0x28 bin/CMakeFiles/green_sense_embedded.dir/usr/share/pico-sdk/lib/tinyusb/src/device/usbd.c.obj
                0x100052f0                usbd_edpt_release
 .text.usbd_edpt_xfer
                0x10005318       0x78 bin/CMakeFiles/green_sense_embedded.dir/usr/share/pico-sdk/lib/tinyusb/src/device/usbd.c.obj
                0x10005318                usbd_edpt_xfer
 .text.usbd_edpt_stall
                0x10005390       0x48 bin/CMakeFiles/green_sense_embedded.dir/usr/share/pico-sdk/lib/tinyusb/src/device/usbd.c.obj
                0x10005390                usbd_edpt_stall
 .text.usbd_edpt_clear_stall
                0x100053d8       0x48 bin/CMakeFiles/green_sense_embedded.dir/usr/share/pico-sdk/lib/tinyusb/src/device/usbd.c.obj
                0x100053d8                usbd_edpt_clear_stall
 .text.usbd_edpt_stalled
                0x10005420       0x1c bin/CMakeFiles/green_sense_embedded.dir/usr/share/pico-sdk/lib/tinyusb/src/device/usbd.c.obj
                0x10005420                usbd_edpt_stalled
 .text.process_control_request
                0x1000543c      0x374 bin/CMakeFiles/green_sense_embedded.dir/usr/share/pico-sdk/lib/tinyusb/src/device/usbd.c.obj
 .text.tud_task_ext
                0x100057b0      0x1a8 bin/CMakeFiles/green_sense_embedded.dir/usr/share/pico-sdk/lib/tinyusb/src/device/usbd.c.obj
                0x100057b0                tud_task_ext
 .text._status_stage_xact
                0x10005958       0x1a bin/CMakeFiles/green_sense_embedded.dir/usr/share/pico-sdk/lib/tinyusb/src/device/usbd_control.c.obj
 *fill*         0x10005972        0x2 
 .text._data_stage_xact
                0x10005974       0x58 bin/CMakeFiles/green_sense_embedded.dir/usr/share/pico-sdk/lib/tinyusb/src/device/usbd_control.c.obj
 .text.tud_control_status
                0x100059cc       0x28 bin/CMakeFiles/green_sense_embedded.dir/usr/share/pico-sdk/lib/tinyusb/src/device/usbd_control.c.obj
                0x100059cc                tud_control_status
 .text.tud_control_xfer
                0x100059f4       0x68 bin/CMakeFiles/green_sense_embedded.dir/usr/share/pico-sdk/lib/tinyusb/src/device/usbd_control.c.obj
                0x100059f4                tud_control_xfer
 .text.usbd_control_reset
                0x10005a5c       0x14 bin/CMakeFiles/green_sense_embedded.dir/usr/share/pico-sdk/lib/tinyusb/src/device/usbd_control.c.obj
                0x10005a5c                usbd_control_reset
 .text.usbd_control_set_complete_callback
                0x10005a70        0xc bin/CMakeFiles/green_sense_embedded.dir/usr/share/pico-sdk/lib/tinyusb/src/device/usbd_control.c.obj
                0x10005a70                usbd_control_set_complete_callback
 .text.usbd_control_set_request
                0x10005a7c       0x1c bin/CMakeFiles/green_sense_embedded.dir/usr/share/pico-sdk/lib/tinyusb/src/device/usbd_control.c.obj
                0x10005a7c                usbd_control_set_request
 .text.usbd_control_xfer_cb
                0x10005a98       0xbc bin/CMakeFiles/green_sense_embedded.dir/usr/share/pico-sdk/lib/tinyusb/src/device/usbd_control.c.obj
                0x10005a98                usbd_control_xfer_cb
 .text._prep_out_transaction
                0x10005b54       0x4a bin/CMakeFiles/green_sense_embedded.dir/usr/share/pico-sdk/lib/tinyusb/src/class/cdc/cdc_device.c.obj
 *fill*         0x10005b9e        0x2 
 .text.tud_cdc_n_connected
                0x10005ba0       0x38 bin/CMakeFiles/green_sense_embedded.dir/usr/share/pico-sdk/lib/tinyusb/src/class/cdc/cdc_device.c.obj
                0x10005ba0                tud_cdc_n_connected
 .text.tud_cdc_n_available
                0x10005bd8       0x18 bin/CMakeFiles/green_sense_embedded.dir/usr/share/pico-sdk/lib/tinyusb/src/class/cdc/cdc_device.c.obj
                0x10005bd8                tud_cdc_n_available
 .text.tud_cdc_n_read
                0x10005bf0       0x28 bin/CMakeFiles/green_sense_embedded.dir/usr/share/pico-sdk/lib/tinyusb/src/class/cdc/cdc_device.c.obj
                0x10005bf0                tud_cdc_n_read
 .text.tud_cdc_n_write_flush
                0x10005c18       0xb8 bin/CMakeFiles/green_sense_embedded.dir/usr/share/pico-sdk/lib/tinyusb/src/class/cdc/cdc_device.c.obj
                0x10005c18                tud_cdc_n_write_flush
 .text.tud_cdc_n_write
                0x10005cd0       0x38 bin/CMakeFiles/green_sense_embedded.dir/usr/share/pico-sdk/lib/tinyusb/src/class/cdc/cdc_device.c.obj
                0x10005cd0                tud_cdc_n_write
 .text.tud_cdc_n_write_available
                0x10005d08       0x1c bin/CMakeFiles/green_sense_embedded.dir/usr/share/pico-sdk/lib/tinyusb/src/class/cdc/cdc_device.c.obj
                0x10005d08                tud_cdc_n_write_available
 .text.cdcd_init
                0x10005d24       0xbc bin/CMakeFiles/green_sense_embedded.dir/usr/share/pico-sdk/lib/tinyusb/src/class/cdc/cdc_device.c.obj
                0x10005d24                cdcd_init
 .text.cdcd_reset
                0x10005de0       0x44 bin/CMakeFiles/green_sense_embedded.dir/usr/share/pico-sdk/lib/tinyusb/src/class/cdc/cdc_device.c.obj
                0x10005de0                cdcd_reset
 .text.cdcd_open
                0x10005e24       0xc4 bin/CMakeFiles/green_sense_embedded.dir/usr/share/pico-sdk/lib/tinyusb/src/class/cdc/cdc_device.c.obj
                0x10005e24                cdcd_open
 .text.cdcd_control_xfer_cb
                0x10005ee8      0x134 bin/CMakeFiles/green_sense_embedded.dir/usr/share/pico-sdk/lib/tinyusb/src/class/cdc/cdc_device.c.obj
                0x10005ee8                cdcd_control_xfer_cb
 .text.cdcd_xfer_cb
                0x1000601c      0x130 bin/CMakeFiles/green_sense_embedded.dir/usr/share/pico-sdk/lib/tinyusb/src/class/cdc/cdc_device.c.obj
                0x1000601c                cdcd_xfer_cb
 .text.tusb_init
                0x1000614c        0xa bin/CMakeFiles/green_sense_embedded.dir/usr/share/pico-sdk/lib/tinyusb/src/tusb.c.obj
                0x1000614c                tusb_init
 .text.tusb_inited
                0x10006156        0xe bin/CMakeFiles/green_sense_embedded.dir/usr/share/pico-sdk/lib/tinyusb/src/tusb.c.obj
                0x10006156                tusb_inited
 .text.tu_edpt_claim
                0x10006164       0x50 bin/CMakeFiles/green_sense_embedded.dir/usr/share/pico-sdk/lib/tinyusb/src/tusb.c.obj
                0x10006164                tu_edpt_claim
 .text.tu_edpt_release
                0x100061b4       0x38 bin/CMakeFiles/green_sense_embedded.dir/usr/share/pico-sdk/lib/tinyusb/src/tusb.c.obj
                0x100061b4                tu_edpt_release
 .text.tu_edpt_validate
                0x100061ec       0x78 bin/CMakeFiles/green_sense_embedded.dir/usr/share/pico-sdk/lib/tinyusb/src/tusb.c.obj
                0x100061ec                tu_edpt_validate
 .text.tu_edpt_bind_driver
                0x10006264       0x26 bin/CMakeFiles/green_sense_embedded.dir/usr/share/pico-sdk/lib/tinyusb/src/tusb.c.obj
                0x10006264                tu_edpt_bind_driver
 .text.advance_index
                0x1000628a       0x1a bin/CMakeFiles/green_sense_embedded.dir/usr/share/pico-sdk/lib/tinyusb/src/common/tusb_fifo.c.obj
 .text._tu_fifo_peek
                0x100062a4       0x56 bin/CMakeFiles/green_sense_embedded.dir/usr/share/pico-sdk/lib/tinyusb/src/common/tusb_fifo.c.obj
 .text._ff_pull_const_addr
                0x100062fa       0x4c bin/CMakeFiles/green_sense_embedded.dir/usr/share/pico-sdk/lib/tinyusb/src/common/tusb_fifo.c.obj
 .text._ff_pull_n
                0x10006346      0x110 bin/CMakeFiles/green_sense_embedded.dir/usr/share/pico-sdk/lib/tinyusb/src/common/tusb_fifo.c.obj
 .text._tu_fifo_peek_n
                0x10006456       0x6a bin/CMakeFiles/green_sense_embedded.dir/usr/share/pico-sdk/lib/tinyusb/src/common/tusb_fifo.c.obj
 .text._tu_fifo_read_n
                0x100064c0       0x4e bin/CMakeFiles/green_sense_embedded.dir/usr/share/pico-sdk/lib/tinyusb/src/common/tusb_fifo.c.obj
 .text._ff_push_const_addr
                0x1000650e       0x40 bin/CMakeFiles/green_sense_embedded.dir/usr/share/pico-sdk/lib/tinyusb/src/common/tusb_fifo.c.obj
 .text._ff_push_n
                0x1000654e      0x10c bin/CMakeFiles/green_sense_embedded.dir/usr/share/pico-sdk/lib/tinyusb/src/common/tusb_fifo.c.obj
 .text._tu_fifo_write_n
                0x1000665a       0xf0 bin/CMakeFiles/green_sense_embedded.dir/usr/share/pico-sdk/lib/tinyusb/src/common/tusb_fifo.c.obj
 .text.tu_fifo_config
                0x1000674a       0x7c bin/CMakeFiles/green_sense_embedded.dir/usr/share/pico-sdk/lib/tinyusb/src/common/tusb_fifo.c.obj
                0x1000674a                tu_fifo_config
 .text.tu_fifo_count
                0x100067c6       0x2a bin/CMakeFiles/green_sense_embedded.dir/usr/share/pico-sdk/lib/tinyusb/src/common/tusb_fifo.c.obj
                0x100067c6                tu_fifo_count
 .text.tu_fifo_empty
                0x100067f0        0xe bin/CMakeFiles/green_sense_embedded.dir/usr/share/pico-sdk/lib/tinyusb/src/common/tusb_fifo.c.obj
                0x100067f0                tu_fifo_empty
 .text.tu_fifo_full
                0x100067fe       0x28 bin/CMakeFiles/green_sense_embedded.dir/usr/share/pico-sdk/lib/tinyusb/src/common/tusb_fifo.c.obj
                0x100067fe                tu_fifo_full
 .text.tu_fifo_remaining
                0x10006826       0x2c bin/CMakeFiles/green_sense_embedded.dir/usr/share/pico-sdk/lib/tinyusb/src/common/tusb_fifo.c.obj
                0x10006826                tu_fifo_remaining
 .text.tu_fifo_read
                0x10006852       0x42 bin/CMakeFiles/green_sense_embedded.dir/usr/share/pico-sdk/lib/tinyusb/src/common/tusb_fifo.c.obj
                0x10006852                tu_fifo_read
 .text.tu_fifo_read_n
                0x10006894        0xa bin/CMakeFiles/green_sense_embedded.dir/usr/share/pico-sdk/lib/tinyusb/src/common/tusb_fifo.c.obj
                0x10006894                tu_fifo_read_n
 .text.tu_fifo_write
                0x1000689e       0x64 bin/CMakeFiles/green_sense_embedded.dir/usr/share/pico-sdk/lib/tinyusb/src/common/tusb_fifo.c.obj
                0x1000689e                tu_fifo_write
 .text.tu_fifo_write_n
                0x10006902        0xa bin/CMakeFiles/green_sense_embedded.dir/usr/share/pico-sdk/lib/tinyusb/src/common/tusb_fifo.c.obj
                0x10006902                tu_fifo_write_n
 .text.tu_fifo_clear
                0x1000690c       0x3e bin/CMakeFiles/green_sense_embedded.dir/usr/share/pico-sdk/lib/tinyusb/src/common/tusb_fifo.c.obj
                0x1000690c                tu_fifo_clear
 .text.tu_fifo_set_overwritable
                0x1000694a       0x46 bin/CMakeFiles/green_sense_embedded.dir/usr/share/pico-sdk/lib/tinyusb/src/common/tusb_fifo.c.obj
                0x1000694a                tu_fifo_set_overwritable
 .text.to_ms_since_boot
                0x10006990       0x1c bin/CMakeFiles/green_sense_embedded.dir/usr/share/pico-sdk/src/rp2_common/pico_lwip/lwip_nosys.c.obj
 .text.update_us_since_boot
                0x100069ac       0x24 bin/CMakeFiles/green_sense_embedded.dir/usr/share/pico-sdk/src/rp2_common/pico_lwip/lwip_nosys.c.obj
 .text.delayed_by_ms
                0x100069d0       0x44 bin/CMakeFiles/green_sense_embedded.dir/usr/share/pico-sdk/src/rp2_common/pico_lwip/lwip_nosys.c.obj
 .text.lwip_timeout_reached
                0x10006a14       0x2c bin/CMakeFiles/green_sense_embedded.dir/usr/share/pico-sdk/src/rp2_common/pico_lwip/lwip_nosys.c.obj
 .text.get_absolute_time
                0x10006a40       0x22 bin/CMakeFiles/green_sense_embedded.dir/usr/share/pico-sdk/src/rp2_common/pico_lwip/lwip_nosys.c.obj
 .text.make_timeout_time_ms
                0x10006a62       0x20 bin/CMakeFiles/green_sense_embedded.dir/usr/share/pico-sdk/src/rp2_common/pico_lwip/lwip_nosys.c.obj
 *fill*         0x10006a82        0x2 
 .text.update_next_timeout
                0x10006a84       0x6c bin/CMakeFiles/green_sense_embedded.dir/usr/share/pico-sdk/src/rp2_common/pico_lwip/lwip_nosys.c.obj
 .text.lwip_nosys_init
                0x10006af0       0x34 bin/CMakeFiles/green_sense_embedded.dir/usr/share/pico-sdk/src/rp2_common/pico_lwip/lwip_nosys.c.obj
                0x10006af0                lwip_nosys_init
 .text.lwip_nosys_deinit
                0x10006b24       0x20 bin/CMakeFiles/green_sense_embedded.dir/usr/share/pico-sdk/src/rp2_common/pico_lwip/lwip_nosys.c.obj
                0x10006b24                lwip_nosys_deinit
 .text.sys_arch_protect
                0x10006b44        0x4 bin/CMakeFiles/green_sense_embedded.dir/usr/share/pico-sdk/src/rp2_common/pico_lwip/lwip_nosys.c.obj
                0x10006b44                sys_arch_protect
 .text.sys_arch_unprotect
                0x10006b48        0x2 bin/CMakeFiles/green_sense_embedded.dir/usr/share/pico-sdk/src/rp2_common/pico_lwip/lwip_nosys.c.obj
                0x10006b48                sys_arch_unprotect
 .text.sys_now  0x10006b4a       0x16 bin/CMakeFiles/green_sense_embedded.dir/usr/share/pico-sdk/src/rp2_common/pico_lwip/lwip_nosys.c.obj
                0x10006b4a                sys_now
 .text.is_at_the_end_of_time
                0x10006b60       0x1c bin/CMakeFiles/green_sense_embedded.dir/usr/share/pico-sdk/src/rp2_common/pico_async_context/async_context_base.c.obj
 .text.update_us_since_boot
                0x10006b7c       0x24 bin/CMakeFiles/green_sense_embedded.dir/usr/share/pico-sdk/src/rp2_common/pico_async_context/async_context_base.c.obj
 .text.get_absolute_time
                0x10006ba0       0x22 bin/CMakeFiles/green_sense_embedded.dir/usr/share/pico-sdk/src/rp2_common/pico_async_context/async_context_base.c.obj
 .text.async_context_base_add_at_time_worker
                0x10006bc2       0x1c bin/CMakeFiles/green_sense_embedded.dir/usr/share/pico-sdk/src/rp2_common/pico_async_context/async_context_base.c.obj
                0x10006bc2                async_context_base_add_at_time_worker
 .text.async_context_base_remove_at_time_worker
                0x10006bde       0x1c bin/CMakeFiles/green_sense_embedded.dir/usr/share/pico-sdk/src/rp2_common/pico_async_context/async_context_base.c.obj
                0x10006bde                async_context_base_remove_at_time_worker
 .text.async_context_base_add_when_pending_worker
                0x10006bfa       0x1c bin/CMakeFiles/green_sense_embedded.dir/usr/share/pico-sdk/src/rp2_common/pico_async_context/async_context_base.c.obj
                0x10006bfa                async_context_base_add_when_pending_worker
 .text.async_context_base_remove_when_pending_worker
                0x10006c16       0x1c bin/CMakeFiles/green_sense_embedded.dir/usr/share/pico-sdk/src/rp2_common/pico_async_context/async_context_base.c.obj
                0x10006c16                async_context_base_remove_when_pending_worker
 *fill*         0x10006c32        0x2 
 .text.async_context_base_remove_ready_at_time_worker
                0x10006c34       0x78 bin/CMakeFiles/green_sense_embedded.dir/usr/share/pico-sdk/src/rp2_common/pico_async_context/async_context_base.c.obj
                0x10006c34                async_context_base_remove_ready_at_time_worker
 .text.async_context_base_refresh_next_timeout
                0x10006cac       0x3c bin/CMakeFiles/green_sense_embedded.dir/usr/share/pico-sdk/src/rp2_common/pico_async_context/async_context_base.c.obj
                0x10006cac                async_context_base_refresh_next_timeout
 .text.async_context_base_execute_once
                0x10006ce8       0x48 bin/CMakeFiles/green_sense_embedded.dir/usr/share/pico-sdk/src/rp2_common/pico_async_context/async_context_base.c.obj
                0x10006ce8                async_context_base_execute_once
 .text.splitmix64
                0x10006d30       0x58 bin/CMakeFiles/green_sense_embedded.dir/usr/share/pico-sdk/src/rp2_common/pico_rand/rand.c.obj
 .text.sdbm_hash64_sram
                0x10006d88       0x64 bin/CMakeFiles/green_sense_embedded.dir/usr/share/pico-sdk/src/rp2_common/pico_rand/rand.c.obj
 .text.xoroshiro128ss
                0x10006dec       0xb8 bin/CMakeFiles/green_sense_embedded.dir/usr/share/pico-sdk/src/rp2_common/pico_rand/rand.c.obj
 .text.update_us_since_boot
                0x10006ea4       0x24 bin/CMakeFiles/green_sense_embedded.dir/usr/share/pico-sdk/src/rp2_common/pico_rand/rand.c.obj
 .text.get_absolute_time
                0x10006ec8       0x22 bin/CMakeFiles/green_sense_embedded.dir/usr/share/pico-sdk/src/rp2_common/pico_rand/rand.c.obj
 *fill*         0x10006eea        0x2 
 .text.delayed_by_us
                0x10006eec       0x34 bin/CMakeFiles/green_sense_embedded.dir/usr/share/pico-sdk/src/rp2_common/pico_rand/rand.c.obj
 .text.make_timeout_time_us
                0x10006f20       0x24 bin/CMakeFiles/green_sense_embedded.dir/usr/share/pico-sdk/src/rp2_common/pico_rand/rand.c.obj
 .text.capture_additional_rosc_samples
                0x10006f44      0x164 bin/CMakeFiles/green_sense_embedded.dir/usr/share/pico-sdk/src/rp2_common/pico_rand/rand.c.obj
 .text.initialise_rand
                0x100070a8      0x110 bin/CMakeFiles/green_sense_embedded.dir/usr/share/pico-sdk/src/rp2_common/pico_rand/rand.c.obj
 .text.get_rand_64
                0x100071b8      0x10c bin/CMakeFiles/green_sense_embedded.dir/usr/share/pico-sdk/src/rp2_common/pico_rand/rand.c.obj
                0x100071b8                get_rand_64
 .text.get_rand_32
                0x100072c4        0x8 bin/CMakeFiles/green_sense_embedded.dir/usr/share/pico-sdk/src/rp2_common/pico_rand/rand.c.obj
                0x100072c4                get_rand_32
 .text.lwip_init
                0x100072cc       0x24 bin/CMakeFiles/green_sense_embedded.dir/usr/share/pico-sdk/lib/lwip/src/core/init.c.obj
                0x100072cc                lwip_init
 .text.lwip_htons
                0x100072f0        0xa bin/CMakeFiles/green_sense_embedded.dir/usr/share/pico-sdk/lib/lwip/src/core/def.c.obj
                0x100072f0                lwip_htons
 .text.lwip_htonl
                0x100072fa       0x1e bin/CMakeFiles/green_sense_embedded.dir/usr/share/pico-sdk/lib/lwip/src/core/def.c.obj
                0x100072fa                lwip_htonl
 .text.dns_backupserver_available
                0x10007318       0x28 bin/CMakeFiles/green_sense_embedded.dir/usr/share/pico-sdk/lib/lwip/src/core/dns.c.obj
 .text.dns_create_txid
                0x10007340       0x3c bin/CMakeFiles/green_sense_embedded.dir/usr/share/pico-sdk/lib/lwip/src/core/dns.c.obj
 .text.dns_call_found
                0x1000737c       0xf4 bin/CMakeFiles/green_sense_embedded.dir/usr/share/pico-sdk/lib/lwip/src/core/dns.c.obj
 .text.dns_send
                0x10007470      0x17c bin/CMakeFiles/green_sense_embedded.dir/usr/share/pico-sdk/lib/lwip/src/core/dns.c.obj
 .text.dns_check_entry
                0x100075ec      0x11c bin/CMakeFiles/green_sense_embedded.dir/usr/share/pico-sdk/lib/lwip/src/core/dns.c.obj
 .text.dns_check_entries
                0x10007708       0x16 bin/CMakeFiles/green_sense_embedded.dir/usr/share/pico-sdk/lib/lwip/src/core/dns.c.obj
 .text.dns_init
                0x1000771e        0x2 bin/CMakeFiles/green_sense_embedded.dir/usr/share/pico-sdk/lib/lwip/src/core/dns.c.obj
                0x1000771e                dns_init
 .text.dns_setserver
                0x10007720       0x28 bin/CMakeFiles/green_sense_embedded.dir/usr/share/pico-sdk/lib/lwip/src/core/dns.c.obj
                0x10007720                dns_setserver
 .text.dns_tmr  0x10007748        0x8 bin/CMakeFiles/green_sense_embedded.dir/usr/share/pico-sdk/lib/lwip/src/core/dns.c.obj
                0x10007748                dns_tmr
 .text.lwip_standard_chksum
                0x10007750       0xa0 bin/CMakeFiles/green_sense_embedded.dir/usr/share/pico-sdk/lib/lwip/src/core/inet_chksum.c.obj
                0x10007750                lwip_standard_chksum
 .text.inet_cksum_pseudo_base
                0x100077f0       0x82 bin/CMakeFiles/green_sense_embedded.dir/usr/share/pico-sdk/lib/lwip/src/core/inet_chksum.c.obj
 .text.inet_chksum_pseudo
                0x10007872       0x30 bin/CMakeFiles/green_sense_embedded.dir/usr/share/pico-sdk/lib/lwip/src/core/inet_chksum.c.obj
                0x10007872                inet_chksum_pseudo
 .text.ip_chksum_pseudo
                0x100078a2       0x10 bin/CMakeFiles/green_sense_embedded.dir/usr/share/pico-sdk/lib/lwip/src/core/inet_chksum.c.obj
                0x100078a2                ip_chksum_pseudo
 .text.inet_chksum
                0x100078b2        0xc bin/CMakeFiles/green_sense_embedded.dir/usr/share/pico-sdk/lib/lwip/src/core/inet_chksum.c.obj
                0x100078b2                inet_chksum
 .text.inet_chksum_pbuf
                0x100078be       0x52 bin/CMakeFiles/green_sense_embedded.dir/usr/share/pico-sdk/lib/lwip/src/core/inet_chksum.c.obj
                0x100078be                inet_chksum_pbuf
 .text.ptr_to_mem
                0x10007910        0xc bin/CMakeFiles/green_sense_embedded.dir/usr/share/pico-sdk/lib/lwip/src/core/mem.c.obj
 .text.mem_to_ptr
                0x1000791c       0x10 bin/CMakeFiles/green_sense_embedded.dir/usr/share/pico-sdk/lib/lwip/src/core/mem.c.obj
 .text.mem_link_valid
                0x1000792c       0x5c bin/CMakeFiles/green_sense_embedded.dir/usr/share/pico-sdk/lib/lwip/src/core/mem.c.obj
 .text.plug_holes
                0x10007988       0xd0 bin/CMakeFiles/green_sense_embedded.dir/usr/share/pico-sdk/lib/lwip/src/core/mem.c.obj
 .text.mem_init
                0x10007a58       0x40 bin/CMakeFiles/green_sense_embedded.dir/usr/share/pico-sdk/lib/lwip/src/core/mem.c.obj
                0x10007a58                mem_init
 .text.mem_free
                0x10007a98       0x84 bin/CMakeFiles/green_sense_embedded.dir/usr/share/pico-sdk/lib/lwip/src/core/mem.c.obj
                0x10007a98                mem_free
 .text.mem_trim
                0x10007b1c      0x134 bin/CMakeFiles/green_sense_embedded.dir/usr/share/pico-sdk/lib/lwip/src/core/mem.c.obj
                0x10007b1c                mem_trim
 .text.mem_malloc
                0x10007c50      0x134 bin/CMakeFiles/green_sense_embedded.dir/usr/share/pico-sdk/lib/lwip/src/core/mem.c.obj
                0x10007c50                mem_malloc
 .text.mem_calloc
                0x10007d84       0x28 bin/CMakeFiles/green_sense_embedded.dir/usr/share/pico-sdk/lib/lwip/src/core/mem.c.obj
                0x10007d84                mem_calloc
 .text.do_memp_malloc_pool
                0x10007dac       0x30 bin/CMakeFiles/green_sense_embedded.dir/usr/share/pico-sdk/lib/lwip/src/core/memp.c.obj
 .text.do_memp_free_pool
                0x10007ddc       0x28 bin/CMakeFiles/green_sense_embedded.dir/usr/share/pico-sdk/lib/lwip/src/core/memp.c.obj
 .text.memp_init_pool
                0x10007e04       0x2a bin/CMakeFiles/green_sense_embedded.dir/usr/share/pico-sdk/lib/lwip/src/core/memp.c.obj
                0x10007e04                memp_init_pool
 *fill*         0x10007e2e        0x2 
 .text.memp_init
                0x10007e30       0x20 bin/CMakeFiles/green_sense_embedded.dir/usr/share/pico-sdk/lib/lwip/src/core/memp.c.obj
                0x10007e30                memp_init
 .text.memp_malloc
                0x10007e50       0x24 bin/CMakeFiles/green_sense_embedded.dir/usr/share/pico-sdk/lib/lwip/src/core/memp.c.obj
                0x10007e50                memp_malloc
 .text.memp_free
                0x10007e74       0x28 bin/CMakeFiles/green_sense_embedded.dir/usr/share/pico-sdk/lib/lwip/src/core/memp.c.obj
                0x10007e74                memp_free
 .text.netif_do_set_netmask
                0x10007e9c       0x12 bin/CMakeFiles/green_sense_embedded.dir/usr/share/pico-sdk/lib/lwip/src/core/netif.c.obj
 .text.netif_do_set_gw
                0x10007eae       0x12 bin/CMakeFiles/green_sense_embedded.dir/usr/share/pico-sdk/lib/lwip/src/core/netif.c.obj
 .text.netif_null_output_ip4
                0x10007ec0        0x6 bin/CMakeFiles/green_sense_embedded.dir/usr/share/pico-sdk/lib/lwip/src/core/netif.c.obj
 .text.netif_do_ip_addr_changed
                0x10007ec6       0x1c bin/CMakeFiles/green_sense_embedded.dir/usr/share/pico-sdk/lib/lwip/src/core/netif.c.obj
 *fill*         0x10007ee2        0x2 
 .text.netif_issue_reports
                0x10007ee4       0x34 bin/CMakeFiles/green_sense_embedded.dir/usr/share/pico-sdk/lib/lwip/src/core/netif.c.obj
 .text.netif_do_set_ipaddr
                0x10007f18       0x54 bin/CMakeFiles/green_sense_embedded.dir/usr/share/pico-sdk/lib/lwip/src/core/netif.c.obj
 .text.netif_init
                0x10007f6c        0x2 bin/CMakeFiles/green_sense_embedded.dir/usr/share/pico-sdk/lib/lwip/src/core/netif.c.obj
                0x10007f6c                netif_init
 *fill*         0x10007f6e        0x2 
 .text.netif_set_addr
                0x10007f70       0x78 bin/CMakeFiles/green_sense_embedded.dir/usr/share/pico-sdk/lib/lwip/src/core/netif.c.obj
                0x10007f70                netif_set_addr
 .text.netif_add
                0x10007fe8      0x124 bin/CMakeFiles/green_sense_embedded.dir/usr/share/pico-sdk/lib/lwip/src/core/netif.c.obj
                0x10007fe8                netif_add
 .text.netif_set_default
                0x1000810c        0xc bin/CMakeFiles/green_sense_embedded.dir/usr/share/pico-sdk/lib/lwip/src/core/netif.c.obj
                0x1000810c                netif_set_default
 .text.netif_set_up
                0x10008118       0x34 bin/CMakeFiles/green_sense_embedded.dir/usr/share/pico-sdk/lib/lwip/src/core/netif.c.obj
                0x10008118                netif_set_up
 .text.netif_set_down
                0x1000814c       0x3c bin/CMakeFiles/green_sense_embedded.dir/usr/share/pico-sdk/lib/lwip/src/core/netif.c.obj
                0x1000814c                netif_set_down
 .text.netif_remove
                0x10008188       0x64 bin/CMakeFiles/green_sense_embedded.dir/usr/share/pico-sdk/lib/lwip/src/core/netif.c.obj
                0x10008188                netif_remove
 .text.netif_set_link_up
                0x100081ec       0x3c bin/CMakeFiles/green_sense_embedded.dir/usr/share/pico-sdk/lib/lwip/src/core/netif.c.obj
                0x100081ec                netif_set_link_up
 .text.netif_set_link_down
                0x10008228       0x2c bin/CMakeFiles/green_sense_embedded.dir/usr/share/pico-sdk/lib/lwip/src/core/netif.c.obj
                0x10008228                netif_set_link_down
 .text.netif_get_by_index
                0x10008254       0x24 bin/CMakeFiles/green_sense_embedded.dir/usr/share/pico-sdk/lib/lwip/src/core/netif.c.obj
                0x10008254                netif_get_by_index
 .text.pbuf_init_alloced_pbuf
                0x10008278       0x20 bin/CMakeFiles/green_sense_embedded.dir/usr/share/pico-sdk/lib/lwip/src/core/pbuf.c.obj
 .text.pbuf_skip_const
                0x10008298       0x1a bin/CMakeFiles/green_sense_embedded.dir/usr/share/pico-sdk/lib/lwip/src/core/pbuf.c.obj
 *fill*         0x100082b2        0x2 
 .text.pbuf_pool_is_empty
                0x100082b4       0x18 bin/CMakeFiles/green_sense_embedded.dir/usr/share/pico-sdk/lib/lwip/src/core/pbuf.c.obj
 .text.pbuf_add_header_impl
                0x100082cc       0x68 bin/CMakeFiles/green_sense_embedded.dir/usr/share/pico-sdk/lib/lwip/src/core/pbuf.c.obj
 .text.pbuf_free_ooseq
                0x10008334       0x30 bin/CMakeFiles/green_sense_embedded.dir/usr/share/pico-sdk/lib/lwip/src/core/pbuf.c.obj
                0x10008334                pbuf_free_ooseq
 .text.pbuf_alloc_reference
                0x10008364       0x3c bin/CMakeFiles/green_sense_embedded.dir/usr/share/pico-sdk/lib/lwip/src/core/pbuf.c.obj
                0x10008364                pbuf_alloc_reference
 .text.pbuf_add_header
                0x100083a0        0xa bin/CMakeFiles/green_sense_embedded.dir/usr/share/pico-sdk/lib/lwip/src/core/pbuf.c.obj
                0x100083a0                pbuf_add_header
 *fill*         0x100083aa        0x2 
 .text.pbuf_remove_header
                0x100083ac       0x50 bin/CMakeFiles/green_sense_embedded.dir/usr/share/pico-sdk/lib/lwip/src/core/pbuf.c.obj
                0x100083ac                pbuf_remove_header
 .text.pbuf_header_impl
                0x100083fc       0x14 bin/CMakeFiles/green_sense_embedded.dir/usr/share/pico-sdk/lib/lwip/src/core/pbuf.c.obj
 .text.pbuf_header_force
                0x10008410        0xa bin/CMakeFiles/green_sense_embedded.dir/usr/share/pico-sdk/lib/lwip/src/core/pbuf.c.obj
                0x10008410                pbuf_header_force
 *fill*         0x1000841a        0x2 
 .text.pbuf_free
                0x1000841c       0x7c bin/CMakeFiles/green_sense_embedded.dir/usr/share/pico-sdk/lib/lwip/src/core/pbuf.c.obj
                0x1000841c                pbuf_free
 .text.pbuf_alloc
                0x10008498      0x144 bin/CMakeFiles/green_sense_embedded.dir/usr/share/pico-sdk/lib/lwip/src/core/pbuf.c.obj
                0x10008498                pbuf_alloc
 .text.pbuf_realloc
                0x100085dc       0x84 bin/CMakeFiles/green_sense_embedded.dir/usr/share/pico-sdk/lib/lwip/src/core/pbuf.c.obj
                0x100085dc                pbuf_realloc
 .text.pbuf_clen
                0x10008660       0x12 bin/CMakeFiles/green_sense_embedded.dir/usr/share/pico-sdk/lib/lwip/src/core/pbuf.c.obj
                0x10008660                pbuf_clen
 *fill*         0x10008672        0x2 
 .text.pbuf_ref
                0x10008674       0x28 bin/CMakeFiles/green_sense_embedded.dir/usr/share/pico-sdk/lib/lwip/src/core/pbuf.c.obj
                0x10008674                pbuf_ref
 .text.pbuf_cat
                0x1000869c       0x44 bin/CMakeFiles/green_sense_embedded.dir/usr/share/pico-sdk/lib/lwip/src/core/pbuf.c.obj
                0x1000869c                pbuf_cat
 .text.pbuf_chain
                0x100086e0       0x10 bin/CMakeFiles/green_sense_embedded.dir/usr/share/pico-sdk/lib/lwip/src/core/pbuf.c.obj
                0x100086e0                pbuf_chain
 .text.pbuf_copy_partial_pbuf
                0x100086f0      0x13c bin/CMakeFiles/green_sense_embedded.dir/usr/share/pico-sdk/lib/lwip/src/core/pbuf.c.obj
                0x100086f0                pbuf_copy_partial_pbuf
 .text.pbuf_copy
                0x1000882c       0x20 bin/CMakeFiles/green_sense_embedded.dir/usr/share/pico-sdk/lib/lwip/src/core/pbuf.c.obj
                0x1000882c                pbuf_copy
 .text.pbuf_copy_partial
                0x1000884c       0x88 bin/CMakeFiles/green_sense_embedded.dir/usr/share/pico-sdk/lib/lwip/src/core/pbuf.c.obj
                0x1000884c                pbuf_copy_partial
 .text.pbuf_get_contiguous
                0x100088d4       0x78 bin/CMakeFiles/green_sense_embedded.dir/usr/share/pico-sdk/lib/lwip/src/core/pbuf.c.obj
                0x100088d4                pbuf_get_contiguous
 .text.pbuf_skip
                0x1000894c        0x8 bin/CMakeFiles/green_sense_embedded.dir/usr/share/pico-sdk/lib/lwip/src/core/pbuf.c.obj
                0x1000894c                pbuf_skip
 .text.pbuf_take
                0x10008954       0x98 bin/CMakeFiles/green_sense_embedded.dir/usr/share/pico-sdk/lib/lwip/src/core/pbuf.c.obj
                0x10008954                pbuf_take
 .text.pbuf_take_at
                0x100089ec       0x70 bin/CMakeFiles/green_sense_embedded.dir/usr/share/pico-sdk/lib/lwip/src/core/pbuf.c.obj
                0x100089ec                pbuf_take_at
 .text.pbuf_clone
                0x10008a5c       0x2c bin/CMakeFiles/green_sense_embedded.dir/usr/share/pico-sdk/lib/lwip/src/core/pbuf.c.obj
                0x10008a5c                pbuf_clone
 .text.pbuf_try_get_at
                0x10008a88       0x30 bin/CMakeFiles/green_sense_embedded.dir/usr/share/pico-sdk/lib/lwip/src/core/pbuf.c.obj
                0x10008a88                pbuf_try_get_at
 .text.pbuf_get_at
                0x10008ab8       0x12 bin/CMakeFiles/green_sense_embedded.dir/usr/share/pico-sdk/lib/lwip/src/core/pbuf.c.obj
                0x10008ab8                pbuf_get_at
 .text.pbuf_put_at
                0x10008aca       0x26 bin/CMakeFiles/green_sense_embedded.dir/usr/share/pico-sdk/lib/lwip/src/core/pbuf.c.obj
                0x10008aca                pbuf_put_at
 .text.raw_input_local_match
                0x10008af0       0x5c bin/CMakeFiles/green_sense_embedded.dir/usr/share/pico-sdk/lib/lwip/src/core/raw.c.obj
 .text.raw_input
                0x10008b4c       0xb4 bin/CMakeFiles/green_sense_embedded.dir/usr/share/pico-sdk/lib/lwip/src/core/raw.c.obj
                0x10008b4c                raw_input
 .text.raw_netif_ip_addr_changed
                0x10008c00       0x38 bin/CMakeFiles/green_sense_embedded.dir/usr/share/pico-sdk/lib/lwip/src/core/raw.c.obj
                0x10008c00                raw_netif_ip_addr_changed
 .text.stats_init
                0x10008c38        0x2 bin/CMakeFiles/green_sense_embedded.dir/usr/share/pico-sdk/lib/lwip/src/core/stats.c.obj
                0x10008c38                stats_init
 *fill*         0x10008c3a        0x2 
 .text.tcp_new_port
                0x10008c3c       0x6c bin/CMakeFiles/green_sense_embedded.dir/usr/share/pico-sdk/lib/lwip/src/core/tcp.c.obj
 .text.tcp_remove_listener
                0x10008ca8       0x24 bin/CMakeFiles/green_sense_embedded.dir/usr/share/pico-sdk/lib/lwip/src/core/tcp.c.obj
 .text.tcp_listen_closed
                0x10008ccc       0x40 bin/CMakeFiles/green_sense_embedded.dir/usr/share/pico-sdk/lib/lwip/src/core/tcp.c.obj
 .text.tcp_free_listen
                0x10008d0c       0x1c bin/CMakeFiles/green_sense_embedded.dir/usr/share/pico-sdk/lib/lwip/src/core/tcp.c.obj
 .text.tcp_close_shutdown_fin
                0x10008d28       0x64 bin/CMakeFiles/green_sense_embedded.dir/usr/share/pico-sdk/lib/lwip/src/core/tcp.c.obj
 .text.tcp_handle_closepend
                0x10008d8c       0x28 bin/CMakeFiles/green_sense_embedded.dir/usr/share/pico-sdk/lib/lwip/src/core/tcp.c.obj
 .text.tcp_init
                0x10008db4       0x20 bin/CMakeFiles/green_sense_embedded.dir/usr/share/pico-sdk/lib/lwip/src/core/tcp.c.obj
                0x10008db4                tcp_init
 .text.tcp_free
                0x10008dd4       0x1c bin/CMakeFiles/green_sense_embedded.dir/usr/share/pico-sdk/lib/lwip/src/core/tcp.c.obj
                0x10008dd4                tcp_free
 .text.tcp_bind
                0x10008df0       0xc0 bin/CMakeFiles/green_sense_embedded.dir/usr/share/pico-sdk/lib/lwip/src/core/tcp.c.obj
                0x10008df0                tcp_bind
 .text.tcp_update_rcv_ann_wnd
                0x10008eb0       0x58 bin/CMakeFiles/green_sense_embedded.dir/usr/share/pico-sdk/lib/lwip/src/core/tcp.c.obj
                0x10008eb0                tcp_update_rcv_ann_wnd
 .text.tcp_recved
                0x10008f08       0x60 bin/CMakeFiles/green_sense_embedded.dir/usr/share/pico-sdk/lib/lwip/src/core/tcp.c.obj
                0x10008f08                tcp_recved
 .text.tcp_seg_free
                0x10008f68       0x1a bin/CMakeFiles/green_sense_embedded.dir/usr/share/pico-sdk/lib/lwip/src/core/tcp.c.obj
                0x10008f68                tcp_seg_free
 .text.tcp_segs_free
                0x10008f82       0x12 bin/CMakeFiles/green_sense_embedded.dir/usr/share/pico-sdk/lib/lwip/src/core/tcp.c.obj
                0x10008f82                tcp_segs_free
 .text.tcp_seg_copy
                0x10008f94       0x2c bin/CMakeFiles/green_sense_embedded.dir/usr/share/pico-sdk/lib/lwip/src/core/tcp.c.obj
                0x10008f94                tcp_seg_copy
 .text.tcp_arg  0x10008fc0        0x8 bin/CMakeFiles/green_sense_embedded.dir/usr/share/pico-sdk/lib/lwip/src/core/tcp.c.obj
                0x10008fc0                tcp_arg
 .text.tcp_recv
                0x10008fc8       0x1c bin/CMakeFiles/green_sense_embedded.dir/usr/share/pico-sdk/lib/lwip/src/core/tcp.c.obj
                0x10008fc8                tcp_recv
 .text.tcp_sent
                0x10008fe4       0x1c bin/CMakeFiles/green_sense_embedded.dir/usr/share/pico-sdk/lib/lwip/src/core/tcp.c.obj
                0x10008fe4                tcp_sent
 .text.tcp_err  0x10009000       0x1c bin/CMakeFiles/green_sense_embedded.dir/usr/share/pico-sdk/lib/lwip/src/core/tcp.c.obj
                0x10009000                tcp_err
 .text.tcp_poll
                0x1000901c       0x2c bin/CMakeFiles/green_sense_embedded.dir/usr/share/pico-sdk/lib/lwip/src/core/tcp.c.obj
                0x1000901c                tcp_poll
 .text.tcp_next_iss
                0x10009048       0x28 bin/CMakeFiles/green_sense_embedded.dir/usr/share/pico-sdk/lib/lwip/src/core/tcp.c.obj
                0x10009048                tcp_next_iss
 .text.tcp_eff_send_mss_netif
                0x10009070       0x34 bin/CMakeFiles/green_sense_embedded.dir/usr/share/pico-sdk/lib/lwip/src/core/tcp.c.obj
                0x10009070                tcp_eff_send_mss_netif
 .text.tcp_connect
                0x100090a4      0x134 bin/CMakeFiles/green_sense_embedded.dir/usr/share/pico-sdk/lib/lwip/src/core/tcp.c.obj
                0x100090a4                tcp_connect
 .text.tcp_free_ooseq
                0x100091d8       0x14 bin/CMakeFiles/green_sense_embedded.dir/usr/share/pico-sdk/lib/lwip/src/core/tcp.c.obj
                0x100091d8                tcp_free_ooseq
 .text.tcp_pcb_purge
                0x100091ec       0x58 bin/CMakeFiles/green_sense_embedded.dir/usr/share/pico-sdk/lib/lwip/src/core/tcp.c.obj
                0x100091ec                tcp_pcb_purge
 .text.tcp_pcb_remove
                0x10009244       0xa4 bin/CMakeFiles/green_sense_embedded.dir/usr/share/pico-sdk/lib/lwip/src/core/tcp.c.obj
                0x10009244                tcp_pcb_remove
 .text.tcp_abandon
                0x100092e8      0x10c bin/CMakeFiles/green_sense_embedded.dir/usr/share/pico-sdk/lib/lwip/src/core/tcp.c.obj
                0x100092e8                tcp_abandon
 .text.tcp_abort
                0x100093f4        0xa bin/CMakeFiles/green_sense_embedded.dir/usr/share/pico-sdk/lib/lwip/src/core/tcp.c.obj
                0x100093f4                tcp_abort
 *fill*         0x100093fe        0x2 
 .text.tcp_kill_timewait
                0x10009400       0x38 bin/CMakeFiles/green_sense_embedded.dir/usr/share/pico-sdk/lib/lwip/src/core/tcp.c.obj
 .text.tcp_kill_prio
                0x10009438       0x58 bin/CMakeFiles/green_sense_embedded.dir/usr/share/pico-sdk/lib/lwip/src/core/tcp.c.obj
 .text.tcp_netif_ip_addr_changed_pcblist
                0x10009490       0x30 bin/CMakeFiles/green_sense_embedded.dir/usr/share/pico-sdk/lib/lwip/src/core/tcp.c.obj
 .text.tcp_netif_ip_addr_changed
                0x100094c0       0x54 bin/CMakeFiles/green_sense_embedded.dir/usr/share/pico-sdk/lib/lwip/src/core/tcp.c.obj
                0x100094c0                tcp_netif_ip_addr_changed
 .text.tcp_kill_state
                0x10009514       0x54 bin/CMakeFiles/green_sense_embedded.dir/usr/share/pico-sdk/lib/lwip/src/core/tcp.c.obj
 .text.tcp_alloc
                0x10009568       0xc8 bin/CMakeFiles/green_sense_embedded.dir/usr/share/pico-sdk/lib/lwip/src/core/tcp.c.obj
                0x10009568                tcp_alloc
 .text.tcp_new_ip_type
                0x10009630        0xa bin/CMakeFiles/green_sense_embedded.dir/usr/share/pico-sdk/lib/lwip/src/core/tcp.c.obj
                0x10009630                tcp_new_ip_type
 *fill*         0x1000963a        0x2 
 .text.tcp_close_shutdown
                0x1000963c      0x13c bin/CMakeFiles/green_sense_embedded.dir/usr/share/pico-sdk/lib/lwip/src/core/tcp.c.obj
 .text.tcp_close
                0x10009778       0x2c bin/CMakeFiles/green_sense_embedded.dir/usr/share/pico-sdk/lib/lwip/src/core/tcp.c.obj
                0x10009778                tcp_close
 .text.tcp_recv_null